[res_middle_dv2_s1] method=splitomcplus controller=selfcal signal=tv_dist schedule=A rounds=100 device=cuda:0
  R  1 loss=0.392 acc=0.479 worst=0.373 elapsed=2.7m ETA=266m
  R 10 loss=0.138 acc=0.607 worst=0.514 elapsed=23.4m ETA=211m
  R 20 loss=0.099 acc=0.619 worst=0.526 elapsed=48.0m ETA=192m
  R 30 loss=0.071 acc=0.484 worst=0.395 elapsed=73.9m ETA=172m
  R 40 loss=0.064 acc=0.540 worst=0.438 elapsed=98.7m ETA=148m
  R 50 loss=0.070 acc=0.401 worst=0.314 elapsed=124.7m ETA=125m
[res_middle_dv2_s1] method=splitomcplus controller=selfcal signal=tv_dist schedule=A rounds=100 device=cuda:0
  R  1 loss=0.392 acc=0.481 worst=0.345 elapsed=3.6m ETA=356m
  R 10 loss=0.140 acc=0.607 worst=0.520 elapsed=34.6m ETA=312m
  R 20 loss=0.100 acc=0.619 worst=0.547 elapsed=67.2m ETA=269m
  R 30 loss=0.077 acc=0.486 worst=0.378 elapsed=109.3m ETA=255m
  R 40 loss=0.061 acc=0.564 worst=0.512 elapsed=151.6m ETA=227m
  R 50 loss=0.070 acc=0.376 worst=0.332 elapsed=187.9m ETA=188m
  R 60 loss=0.035 acc=0.431 worst=0.319 elapsed=222.2m ETA=148m
  R 70 loss=0.045 acc=0.540 worst=0.423 elapsed=256.3m ETA=110m
  R 80 loss=0.058 acc=0.571 worst=0.490 elapsed=291.6m ETA=73m
  R 90 loss=0.049 acc=0.805 worst=0.695 elapsed=328.0m ETA=36m
  R100 loss=0.032 acc=0.785 worst=0.741 elapsed=362.6m ETA=0m
  Saved: /disk2/Yujin/adaptive_splitomc_tmc/journal_expansion/runs/phaseF_arch/res_middle_dv2_s1.json
