[rw0 cuda:1] START res_early_dv2_s0 2026. 07. 23. (목) 03:04:09 KST
[rw0 cuda:1] END res_early_dv2_s0 exit=0 2026. 07. 23. (목) 11:46:24 KST
[rw0 cuda:1] START res_early_dv2_s1 2026. 07. 23. (목) 11:46:24 KST
[rw0 cuda:1] END res_early_dv2_s1 exit=0 2026. 07. 23. (목) 17:54:42 KST
[rw0 cuda:1] START res_early_dv2_s2 2026. 07. 23. (목) 17:54:42 KST
[rw0 cuda:1] END res_early_dv2_s2 exit=0 2026. 07. 23. (목) 23:45:13 KST
[rw0 cuda:1] START res_early_fx20_s0 2026. 07. 23. (목) 23:45:13 KST
[rw0 cuda:1] END res_early_fx20_s0 exit=0 2026. 07. 24. (금) 06:30:44 KST
[rw0 cuda:1] START res_early_fx40_s2 2026. 07. 24. (금) 06:30:44 KST
[rw0 cuda:1] END res_early_fx40_s2 exit=0 2026. 07. 24. (금) 10:56:00 KST
[rw0 cuda:1] START res_early_dve_s2 2026. 07. 24. (금) 10:56:00 KST
[rw0 cuda:1] END res_early_dve_s2 exit=0 2026. 07. 24. (금) 14:57:25 KST
[rw0 cuda:1] START res_middle_dv2_s2 2026. 07. 24. (금) 14:57:25 KST
[rw0 cuda:1] END res_middle_dv2_s2 exit=0 2026. 07. 24. (금) 23:02:20 KST
[rw0 cuda:1] START res_middle_fx20_s1 2026. 07. 24. (금) 23:02:20 KST
[rw0 cuda:1] END res_middle_fx20_s1 exit=0 2026. 07. 25. (토) 07:54:34 KST
[rw0 cuda:1] START res_middle_fx40_s0 2026. 07. 25. (토) 07:54:34 KST
[rw0 cuda:1] END res_middle_fx40_s0 exit=0 2026. 07. 25. (토) 20:38:46 KST
[rw0 cuda:1] START res_middle_fx40_s2 2026. 07. 25. (토) 20:38:46 KST
[rw0 cuda:1] END res_middle_fx40_s2 exit=0 2026. 07. 26. (일) 06:50:36 KST
[rw0 cuda:1] START res_middle_dve_s1 2026. 07. 26. (일) 06:50:36 KST
[rw0 cuda:1] END res_middle_dve_s1 exit=0 2026. 07. 26. (일) 20:30:25 KST
[rw0 cuda:1] START res_late_dv2_s0 2026. 07. 26. (일) 20:30:25 KST
[rw0 cuda:1] END res_late_dv2_s0 exit=0 2026. 07. 27. (월) 08:29:30 KST
[rw0 cuda:1] START res_late_dv2_s2 2026. 07. 27. (월) 08:29:30 KST
[rw0 cuda:1] END res_late_dv2_s2 exit=0 2026. 07. 27. (월) 18:28:11 KST
[rw0 cuda:1] START res_late_fx20_s1 2026. 07. 27. (월) 18:28:11 KST
[rw0 cuda:1] START res_late_fx40_s0 2026. 07. 28. (화) 14:36:12 KST
[rw0 cuda:1] START res_late_dve_s1 2026. 07. 28. (화) 17:47:35 KST
[rw0 cuda:1] END res_late_dve_s1 exit=0 2026. 07. 31. (금) 21:40:53 KST
[rw0 cuda:0] START res_late_dve_s0 2026. 08. 02. (일) 21:34:19 KST
[rw0 cuda:0] END res_late_dve_s0 exit=0 2026. 08. 03. (월) 00:55:32 KST
[rw0 cuda:0] START res_late_fx20_s2 2026. 08. 03. (월) 00:55:32 KST
[rw0 cuda:0] END res_late_fx20_s2 exit=0 2026. 08. 03. (월) 03:39:31 KST
[rw0 cuda:0] START res_late_fx40_s0 2026. 08. 03. (월) 03:39:31 KST
[rw0 cuda:0] END res_late_fx40_s0 exit=0 2026. 08. 03. (월) 07:05:41 KST
[rw0 cuda:0] START res_late_fx40_s2 2026. 08. 03. (월) 07:05:41 KST
[rw0 cuda:0] END res_late_fx40_s2 exit=0 2026. 08. 03. (월) 09:59:27 KST
