[r19_s1_s2_day3] scenario=S1 arm=fixed040 mode=fixed K=50 L=5 rounds=150 delay=0 device=cuda:2
  R  1 loss=nan acc=0.8036 off=0.696 active=50 elapsed=0.0m ETA=4m
  R  5 loss=nan acc=0.8036 off=0.696 active=50 elapsed=0.0m ETA=1m
  R 10 loss=nan acc=0.8036 off=0.696 active=50 elapsed=0.1m ETA=1m
  R 15 loss=nan acc=0.8036 off=0.696 active=50 elapsed=0.1m ETA=1m
  R 20 loss=nan acc=0.7932 off=0.699 active=50 elapsed=0.1m ETA=1m
  R 25 loss=nan acc=0.7765 off=0.713 active=50 elapsed=0.1m ETA=1m
  R 30 loss=nan acc=0.7314 off=0.723 active=50 elapsed=0.1m ETA=1m
  R 35 loss=nan acc=0.6920 off=0.739 active=50 elapsed=0.2m ETA=1m
  R 40 loss=nan acc=0.6690 off=0.749 active=50 elapsed=0.2m ETA=0m
  R 45 loss=nan acc=0.6690 off=0.749 active=50 elapsed=0.2m ETA=0m
  R 50 loss=nan acc=0.6690 off=0.749 active=50 elapsed=0.2m ETA=0m
  R 55 loss=nan acc=0.6690 off=0.749 active=50 elapsed=0.2m ETA=0m
  R 60 loss=nan acc=0.6632 off=0.751 active=50 elapsed=0.3m ETA=0m
  R 65 loss=nan acc=0.6629 off=0.751 active=50 elapsed=0.3m ETA=0m
  R 70 loss=nan acc=0.6643 off=0.751 active=50 elapsed=0.3m ETA=0m
  R 75 loss=nan acc=0.6690 off=0.751 active=50 elapsed=0.3m ETA=0m
  R 80 loss=nan acc=0.6706 off=0.749 active=50 elapsed=0.4m ETA=0m
  R 85 loss=nan acc=0.6738 off=0.746 active=50 elapsed=0.4m ETA=0m
  R 90 loss=nan acc=0.6716 off=0.749 active=50 elapsed=0.4m ETA=0m
  R 95 loss=nan acc=0.6663 off=0.752 active=50 elapsed=0.4m ETA=0m
  R100 loss=nan acc=0.6610 off=0.753 active=50 elapsed=0.5m ETA=0m
  R105 loss=nan acc=0.6663 off=0.752 active=50 elapsed=0.5m ETA=0m
  R110 loss=nan acc=0.6649 off=0.750 active=50 elapsed=0.5m ETA=0m
  R115 loss=nan acc=0.6764 off=0.748 active=50 elapsed=0.5m ETA=0m
  R120 loss=nan acc=0.7023 off=0.742 active=50 elapsed=0.6m ETA=0m
  R125 loss=nan acc=0.7101 off=0.738 active=50 elapsed=0.6m ETA=0m
  R130 loss=nan acc=0.7473 off=0.731 active=50 elapsed=0.6m ETA=0m
  R135 loss=nan acc=0.7794 off=0.710 active=50 elapsed=0.6m ETA=0m
  R140 loss=nan acc=0.7937 off=0.704 active=50 elapsed=0.6m ETA=0m
  R145 loss=nan acc=0.7987 off=0.700 active=50 elapsed=0.7m ETA=0m
  R150 loss=nan acc=0.8036 off=0.696 active=50 elapsed=0.7m ETA=0m
  Saved: /home/honeynaps/data/driftgate/journal_expansion/runs/phaseT19_multiday/r19_s1_s2_day3.json  integrated=0.7171
