[r19_s1_s3_day3] scenario=S1 arm=fixed040 mode=fixed K=50 L=5 rounds=150 delay=0 device=cuda:3
  R  1 loss=nan acc=0.7555 off=0.753 active=50 elapsed=0.0m ETA=3m
  R  5 loss=nan acc=0.7555 off=0.753 active=50 elapsed=0.0m ETA=1m
  R 10 loss=nan acc=0.7555 off=0.753 active=50 elapsed=0.0m ETA=1m
  R 15 loss=nan acc=0.7555 off=0.753 active=50 elapsed=0.1m ETA=1m
  R 20 loss=nan acc=0.7500 off=0.756 active=50 elapsed=0.1m ETA=1m
  R 25 loss=nan acc=0.7365 off=0.763 active=50 elapsed=0.1m ETA=0m
  R 30 loss=nan acc=0.6962 off=0.785 active=50 elapsed=0.1m ETA=0m
  R 35 loss=nan acc=0.6747 off=0.793 active=50 elapsed=0.1m ETA=0m
  R 40 loss=nan acc=0.6428 off=0.796 active=50 elapsed=0.2m ETA=0m
  R 45 loss=nan acc=0.6428 off=0.796 active=50 elapsed=0.2m ETA=0m
  R 50 loss=nan acc=0.6428 off=0.796 active=50 elapsed=0.2m ETA=0m
  R 55 loss=nan acc=0.6428 off=0.796 active=50 elapsed=0.2m ETA=0m
  R 60 loss=nan acc=0.6428 off=0.796 active=50 elapsed=0.2m ETA=0m
  R 65 loss=nan acc=0.6428 off=0.796 active=50 elapsed=0.3m ETA=0m
  R 70 loss=nan acc=0.6407 off=0.796 active=50 elapsed=0.3m ETA=0m
  R 75 loss=nan acc=0.6411 off=0.796 active=50 elapsed=0.3m ETA=0m
  R 80 loss=nan acc=0.6431 off=0.799 active=50 elapsed=0.3m ETA=0m
  R 85 loss=nan acc=0.6428 off=0.796 active=50 elapsed=0.4m ETA=0m
  R 90 loss=nan acc=0.6350 off=0.799 active=50 elapsed=0.4m ETA=0m
  R 95 loss=nan acc=0.6299 off=0.801 active=50 elapsed=0.4m ETA=0m
  R100 loss=nan acc=0.6282 off=0.802 active=50 elapsed=0.4m ETA=0m
  R105 loss=nan acc=0.6248 off=0.804 active=50 elapsed=0.4m ETA=0m
  R110 loss=nan acc=0.6265 off=0.803 active=50 elapsed=0.5m ETA=0m
  R115 loss=nan acc=0.6378 off=0.798 active=50 elapsed=0.5m ETA=0m
  R120 loss=nan acc=0.6458 off=0.794 active=50 elapsed=0.5m ETA=0m
  R125 loss=nan acc=0.6595 off=0.786 active=50 elapsed=0.5m ETA=0m
  R130 loss=nan acc=0.7051 off=0.787 active=50 elapsed=0.5m ETA=0m
  R135 loss=nan acc=0.7449 off=0.766 active=50 elapsed=0.6m ETA=0m
  R140 loss=nan acc=0.7546 off=0.753 active=50 elapsed=0.6m ETA=0m
  R145 loss=nan acc=0.7555 off=0.753 active=50 elapsed=0.6m ETA=0m
  R150 loss=nan acc=0.7555 off=0.753 active=50 elapsed=0.6m ETA=0m
  Saved: /home/honeynaps/data/driftgate/journal_expansion/runs/phaseT19_multiday/r19_s1_s3_day3.json  integrated=0.6809
