[r19_s1_s1_day2] scenario=S1 arm=fixed040 mode=fixed K=50 L=5 rounds=150 delay=0 device=cuda:1
  R  1 loss=nan acc=0.7990 off=0.723 active=50 elapsed=0.0m ETA=2m
  R  5 loss=nan acc=0.7990 off=0.723 active=50 elapsed=0.0m ETA=1m
  R 10 loss=nan acc=0.7990 off=0.723 active=50 elapsed=0.1m ETA=1m
  R 15 loss=nan acc=0.7990 off=0.723 active=50 elapsed=0.1m ETA=1m
  R 20 loss=nan acc=0.7990 off=0.723 active=50 elapsed=0.1m ETA=1m
  R 25 loss=nan acc=0.7866 off=0.732 active=50 elapsed=0.1m ETA=0m
  R 30 loss=nan acc=0.7541 off=0.758 active=50 elapsed=0.1m ETA=0m
  R 35 loss=nan acc=0.6996 off=0.777 active=50 elapsed=0.1m ETA=0m
  R 40 loss=nan acc=0.6934 off=0.782 active=50 elapsed=0.2m ETA=0m
  R 45 loss=nan acc=0.6849 off=0.783 active=50 elapsed=0.2m ETA=0m
  R 50 loss=nan acc=0.6849 off=0.783 active=50 elapsed=0.2m ETA=0m
  R 55 loss=nan acc=0.6849 off=0.783 active=50 elapsed=0.2m ETA=0m
  R 60 loss=nan acc=0.6772 off=0.787 active=50 elapsed=0.3m ETA=0m
  R 65 loss=nan acc=0.6772 off=0.787 active=50 elapsed=0.3m ETA=0m
  R 70 loss=nan acc=0.6734 off=0.789 active=50 elapsed=0.3m ETA=0m
  R 75 loss=nan acc=0.6816 off=0.784 active=50 elapsed=0.3m ETA=0m
  R 80 loss=nan acc=0.6874 off=0.782 active=50 elapsed=0.4m ETA=0m
  R 85 loss=nan acc=0.6849 off=0.783 active=50 elapsed=0.4m ETA=0m
  R 90 loss=nan acc=0.6815 off=0.786 active=50 elapsed=0.4m ETA=0m
  R 95 loss=nan acc=0.6811 off=0.786 active=50 elapsed=0.4m ETA=0m
  R100 loss=nan acc=0.6830 off=0.786 active=50 elapsed=0.5m ETA=0m
  R105 loss=nan acc=0.6822 off=0.785 active=50 elapsed=0.5m ETA=0m
  R110 loss=nan acc=0.6731 off=0.783 active=50 elapsed=0.5m ETA=0m
  R115 loss=nan acc=0.6700 off=0.786 active=50 elapsed=0.5m ETA=0m
  R120 loss=nan acc=0.6769 off=0.783 active=50 elapsed=0.6m ETA=0m
  R125 loss=nan acc=0.6970 off=0.775 active=50 elapsed=0.6m ETA=0m
  R130 loss=nan acc=0.7506 off=0.757 active=50 elapsed=0.6m ETA=0m
  R135 loss=nan acc=0.7742 off=0.743 active=50 elapsed=0.6m ETA=0m
  R140 loss=nan acc=0.7890 off=0.734 active=50 elapsed=0.6m ETA=0m
  R145 loss=nan acc=0.7993 off=0.723 active=50 elapsed=0.7m ETA=0m
  R150 loss=nan acc=0.7990 off=0.723 active=50 elapsed=0.7m ETA=0m
  Saved: /home/honeynaps/data/driftgate/journal_expansion/runs/phaseT19_multiday/r19_s1_s1_day2.json  integrated=0.7233
