[r19_s2_s2_day3] scenario=S2 arm=fixed040 mode=fixed K=50 L=5 rounds=150 delay=0 device=cuda:3
  R  1 loss=nan acc=0.8067 off=0.606 active=50 elapsed=0.0m ETA=3m
  R  5 loss=nan acc=0.8067 off=0.606 active=50 elapsed=0.0m ETA=1m
  R 10 loss=nan acc=0.8067 off=0.606 active=50 elapsed=0.1m ETA=1m
  R 15 loss=nan acc=0.8043 off=0.611 active=50 elapsed=0.1m ETA=1m
  R 20 loss=nan acc=0.8037 off=0.609 active=50 elapsed=0.1m ETA=1m
  R 25 loss=nan acc=0.8021 off=0.614 active=50 elapsed=0.1m ETA=1m
  R 30 loss=nan acc=0.8006 off=0.614 active=50 elapsed=0.1m ETA=0m
  R 35 loss=nan acc=0.7947 off=0.611 active=50 elapsed=0.1m ETA=0m
  R 40 loss=nan acc=0.7893 off=0.613 active=50 elapsed=0.2m ETA=0m
  R 45 loss=nan acc=0.7860 off=0.618 active=50 elapsed=0.2m ETA=0m
  R 50 loss=nan acc=0.7874 off=0.619 active=50 elapsed=0.2m ETA=0m
  R 55 loss=nan acc=0.7869 off=0.622 active=50 elapsed=0.2m ETA=0m
  R 60 loss=nan acc=0.7885 off=0.617 active=50 elapsed=0.2m ETA=0m
  R 65 loss=nan acc=0.7778 off=0.629 active=50 elapsed=0.2m ETA=0m
  R 70 loss=nan acc=0.7806 off=0.626 active=50 elapsed=0.3m ETA=0m
  R 75 loss=nan acc=0.7803 off=0.629 active=50 elapsed=0.3m ETA=0m
  R 80 loss=nan acc=0.7783 off=0.629 active=50 elapsed=0.3m ETA=0m
  R 85 loss=nan acc=0.7826 off=0.628 active=50 elapsed=0.3m ETA=0m
  R 90 loss=nan acc=0.7865 off=0.619 active=50 elapsed=0.3m ETA=0m
  R 95 loss=nan acc=0.7839 off=0.626 active=50 elapsed=0.4m ETA=0m
  R100 loss=nan acc=0.7855 off=0.622 active=50 elapsed=0.4m ETA=0m
  R105 loss=nan acc=0.7731 off=0.634 active=50 elapsed=0.4m ETA=0m
  R110 loss=nan acc=0.7747 off=0.629 active=50 elapsed=0.4m ETA=0m
  R115 loss=nan acc=0.7740 off=0.633 active=50 elapsed=0.4m ETA=0m
  R120 loss=nan acc=0.7720 off=0.633 active=50 elapsed=0.4m ETA=0m
  R125 loss=nan acc=0.7803 off=0.626 active=50 elapsed=0.5m ETA=0m
  R130 loss=nan acc=0.7865 off=0.615 active=50 elapsed=0.5m ETA=0m
  R135 loss=nan acc=0.7938 off=0.612 active=50 elapsed=0.5m ETA=0m
  R140 loss=nan acc=0.7999 off=0.604 active=50 elapsed=0.5m ETA=0m
  R145 loss=nan acc=0.7965 off=0.609 active=50 elapsed=0.5m ETA=0m
  R150 loss=nan acc=0.7911 off=0.614 active=50 elapsed=0.6m ETA=0m
  Saved: /home/honeynaps/data/driftgate/journal_expansion/runs/phaseT19_multiday/r19_s2_s2_day3.json  integrated=0.7891
