[r19_s1_s0_day1] scenario=S1 arm=fixed040 mode=fixed K=50 L=5 rounds=150 delay=0 device=cuda:0
  R  1 loss=nan acc=0.8015 off=0.753 active=50 elapsed=0.0m ETA=3m
  R  5 loss=nan acc=0.8015 off=0.753 active=50 elapsed=0.0m ETA=1m
  R 10 loss=nan acc=0.8015 off=0.753 active=50 elapsed=0.0m ETA=1m
  R 15 loss=nan acc=0.8015 off=0.753 active=50 elapsed=0.1m ETA=1m
  R 20 loss=nan acc=0.7916 off=0.757 active=50 elapsed=0.1m ETA=0m
  R 25 loss=nan acc=0.7705 off=0.772 active=50 elapsed=0.1m ETA=0m
  R 30 loss=nan acc=0.7327 off=0.799 active=50 elapsed=0.1m ETA=0m
  R 35 loss=nan acc=0.7057 off=0.815 active=50 elapsed=0.1m ETA=0m
  R 40 loss=nan acc=0.6885 off=0.814 active=50 elapsed=0.2m ETA=0m
  R 45 loss=nan acc=0.6885 off=0.814 active=50 elapsed=0.2m ETA=0m
  R 50 loss=nan acc=0.6885 off=0.814 active=50 elapsed=0.2m ETA=0m
  R 55 loss=nan acc=0.6885 off=0.814 active=50 elapsed=0.2m ETA=0m
  R 60 loss=nan acc=0.6885 off=0.814 active=50 elapsed=0.2m ETA=0m
  R 65 loss=nan acc=0.6885 off=0.814 active=50 elapsed=0.3m ETA=0m
  R 70 loss=nan acc=0.6885 off=0.814 active=50 elapsed=0.3m ETA=0m
  R 75 loss=nan acc=0.6837 off=0.816 active=50 elapsed=0.3m ETA=0m
  R 80 loss=nan acc=0.6768 off=0.817 active=50 elapsed=0.3m ETA=0m
  R 85 loss=nan acc=0.6760 off=0.817 active=50 elapsed=0.3m ETA=0m
  R 90 loss=nan acc=0.6809 off=0.816 active=50 elapsed=0.4m ETA=0m
  R 95 loss=nan acc=0.6881 off=0.816 active=50 elapsed=0.4m ETA=0m
  R100 loss=nan acc=0.6881 off=0.816 active=50 elapsed=0.4m ETA=0m
  R105 loss=nan acc=0.6881 off=0.816 active=50 elapsed=0.4m ETA=0m
  R110 loss=nan acc=0.6881 off=0.816 active=50 elapsed=0.5m ETA=0m
  R115 loss=nan acc=0.6930 off=0.814 active=50 elapsed=0.5m ETA=0m
  R120 loss=nan acc=0.6988 off=0.811 active=50 elapsed=0.5m ETA=0m
  R125 loss=nan acc=0.7279 off=0.796 active=50 elapsed=0.5m ETA=0m
  R130 loss=nan acc=0.7417 off=0.784 active=50 elapsed=0.5m ETA=0m
  R135 loss=nan acc=0.7678 off=0.771 active=50 elapsed=0.6m ETA=0m
  R140 loss=nan acc=0.7889 off=0.760 active=50 elapsed=0.6m ETA=0m
  R145 loss=nan acc=0.8015 off=0.753 active=50 elapsed=0.6m ETA=0m
  R150 loss=nan acc=0.8015 off=0.753 active=50 elapsed=0.6m ETA=0m
  Saved: /home/honeynaps/data/driftgate/journal_expansion/runs/phaseT19_multiday/r19_s1_s0_day1.json  integrated=0.7263
