[r19_s1_s3_day1] scenario=S1 arm=fixed040 mode=fixed K=50 L=5 rounds=150 delay=0 device=cuda:3
  R  1 loss=nan acc=0.7563 off=0.754 active=50 elapsed=0.0m ETA=3m
  R  5 loss=nan acc=0.7563 off=0.754 active=50 elapsed=0.0m ETA=1m
  R 10 loss=nan acc=0.7563 off=0.754 active=50 elapsed=0.0m ETA=1m
  R 15 loss=nan acc=0.7563 off=0.754 active=50 elapsed=0.1m ETA=1m
  R 20 loss=nan acc=0.7513 off=0.757 active=50 elapsed=0.1m ETA=0m
  R 25 loss=nan acc=0.7479 off=0.761 active=50 elapsed=0.1m ETA=0m
  R 30 loss=nan acc=0.6955 off=0.777 active=50 elapsed=0.1m ETA=0m
  R 35 loss=nan acc=0.6675 off=0.793 active=50 elapsed=0.1m ETA=0m
  R 40 loss=nan acc=0.6437 off=0.804 active=50 elapsed=0.2m ETA=0m
  R 45 loss=nan acc=0.6387 off=0.804 active=50 elapsed=0.2m ETA=0m
  R 50 loss=nan acc=0.6387 off=0.804 active=50 elapsed=0.2m ETA=0m
  R 55 loss=nan acc=0.6387 off=0.804 active=50 elapsed=0.2m ETA=0m
  R 60 loss=nan acc=0.6353 off=0.806 active=50 elapsed=0.2m ETA=0m
  R 65 loss=nan acc=0.6286 off=0.808 active=50 elapsed=0.3m ETA=0m
  R 70 loss=nan acc=0.6356 off=0.805 active=50 elapsed=0.3m ETA=0m
  R 75 loss=nan acc=0.6290 off=0.805 active=50 elapsed=0.3m ETA=0m
  R 80 loss=nan acc=0.6314 off=0.806 active=50 elapsed=0.3m ETA=0m
  R 85 loss=nan acc=0.6373 off=0.805 active=50 elapsed=0.4m ETA=0m
  R 90 loss=nan acc=0.6395 off=0.804 active=50 elapsed=0.4m ETA=0m
  R 95 loss=nan acc=0.6395 off=0.804 active=50 elapsed=0.4m ETA=0m
  R100 loss=nan acc=0.6387 off=0.804 active=50 elapsed=0.4m ETA=0m
  R105 loss=nan acc=0.6387 off=0.804 active=50 elapsed=0.4m ETA=0m
  R110 loss=nan acc=0.6387 off=0.804 active=50 elapsed=0.5m ETA=0m
  R115 loss=nan acc=0.6388 off=0.804 active=50 elapsed=0.5m ETA=0m
  R120 loss=nan acc=0.6428 off=0.800 active=50 elapsed=0.5m ETA=0m
  R125 loss=nan acc=0.6562 off=0.794 active=50 elapsed=0.5m ETA=0m
  R130 loss=nan acc=0.6977 off=0.779 active=50 elapsed=0.5m ETA=0m
  R135 loss=nan acc=0.7242 off=0.768 active=50 elapsed=0.6m ETA=0m
  R140 loss=nan acc=0.7486 off=0.759 active=50 elapsed=0.6m ETA=0m
  R145 loss=nan acc=0.7559 off=0.754 active=50 elapsed=0.6m ETA=0m
  R150 loss=nan acc=0.7563 off=0.754 active=50 elapsed=0.6m ETA=0m
  Saved: /home/honeynaps/data/driftgate/journal_expansion/runs/phaseT19_multiday/r19_s1_s3_day1.json  integrated=0.6794
