[r19_s1_s1_day1] scenario=S1 arm=fixed040 mode=fixed K=50 L=5 rounds=150 delay=0 device=cuda:1
  R  1 loss=nan acc=0.7981 off=0.723 active=50 elapsed=0.0m ETA=4m
  R  5 loss=nan acc=0.7981 off=0.723 active=50 elapsed=0.0m ETA=1m
  R 10 loss=nan acc=0.7981 off=0.723 active=50 elapsed=0.1m ETA=1m
  R 15 loss=nan acc=0.7981 off=0.723 active=50 elapsed=0.1m ETA=1m
  R 20 loss=nan acc=0.7931 off=0.726 active=50 elapsed=0.1m ETA=1m
  R 25 loss=nan acc=0.7795 off=0.736 active=50 elapsed=0.1m ETA=1m
  R 30 loss=nan acc=0.7257 off=0.761 active=50 elapsed=0.1m ETA=1m
  R 35 loss=nan acc=0.6939 off=0.779 active=50 elapsed=0.2m ETA=0m
  R 40 loss=nan acc=0.6693 off=0.783 active=50 elapsed=0.2m ETA=0m
  R 45 loss=nan acc=0.6693 off=0.783 active=50 elapsed=0.2m ETA=0m
  R 50 loss=nan acc=0.6693 off=0.783 active=50 elapsed=0.2m ETA=0m
  R 55 loss=nan acc=0.6693 off=0.783 active=50 elapsed=0.3m ETA=0m
  R 60 loss=nan acc=0.6693 off=0.783 active=50 elapsed=0.3m ETA=0m
  R 65 loss=nan acc=0.6693 off=0.783 active=50 elapsed=0.3m ETA=0m
  R 70 loss=nan acc=0.6648 off=0.784 active=50 elapsed=0.3m ETA=0m
  R 75 loss=nan acc=0.6782 off=0.778 active=50 elapsed=0.3m ETA=0m
  R 80 loss=nan acc=0.6830 off=0.779 active=50 elapsed=0.4m ETA=0m
  R 85 loss=nan acc=0.6741 off=0.781 active=50 elapsed=0.4m ETA=0m
  R 90 loss=nan acc=0.6736 off=0.779 active=50 elapsed=0.4m ETA=0m
  R 95 loss=nan acc=0.6678 off=0.782 active=50 elapsed=0.4m ETA=0m
  R100 loss=nan acc=0.6632 off=0.783 active=50 elapsed=0.5m ETA=0m
  R105 loss=nan acc=0.6693 off=0.783 active=50 elapsed=0.5m ETA=0m
  R110 loss=nan acc=0.6693 off=0.783 active=50 elapsed=0.5m ETA=0m
  R115 loss=nan acc=0.6693 off=0.783 active=50 elapsed=0.5m ETA=0m
  R120 loss=nan acc=0.6789 off=0.779 active=50 elapsed=0.6m ETA=0m
  R125 loss=nan acc=0.7191 off=0.767 active=50 elapsed=0.6m ETA=0m
  R130 loss=nan acc=0.7386 off=0.755 active=50 elapsed=0.6m ETA=0m
  R135 loss=nan acc=0.7640 off=0.743 active=50 elapsed=0.6m ETA=0m
  R140 loss=nan acc=0.7944 off=0.727 active=50 elapsed=0.6m ETA=0m
  R145 loss=nan acc=0.7981 off=0.723 active=50 elapsed=0.7m ETA=0m
  R150 loss=nan acc=0.7981 off=0.723 active=50 elapsed=0.7m ETA=0m
  Saved: /home/honeynaps/data/driftgate/journal_expansion/runs/phaseT19_multiday/r19_s1_s1_day1.json  integrated=0.7163
