[r19_s1_s3_day2] scenario=S1 arm=fixed040 mode=fixed K=50 L=5 rounds=150 delay=0 device=cuda:3
  R  1 loss=nan acc=0.7571 off=0.753 active=50 elapsed=0.0m ETA=3m
  R  5 loss=nan acc=0.7571 off=0.753 active=50 elapsed=0.0m ETA=1m
  R 10 loss=nan acc=0.7571 off=0.753 active=50 elapsed=0.0m ETA=1m
  R 15 loss=nan acc=0.7571 off=0.753 active=50 elapsed=0.1m ETA=1m
  R 20 loss=nan acc=0.7571 off=0.753 active=50 elapsed=0.1m ETA=1m
  R 25 loss=nan acc=0.7389 off=0.752 active=50 elapsed=0.1m ETA=0m
  R 30 loss=nan acc=0.6800 off=0.780 active=50 elapsed=0.1m ETA=0m
  R 35 loss=nan acc=0.6446 off=0.790 active=50 elapsed=0.1m ETA=0m
  R 40 loss=nan acc=0.6223 off=0.789 active=50 elapsed=0.2m ETA=0m
  R 45 loss=nan acc=0.6175 off=0.789 active=50 elapsed=0.2m ETA=0m
  R 50 loss=nan acc=0.6175 off=0.789 active=50 elapsed=0.2m ETA=0m
  R 55 loss=nan acc=0.6175 off=0.789 active=50 elapsed=0.2m ETA=0m
  R 60 loss=nan acc=0.6143 off=0.791 active=50 elapsed=0.2m ETA=0m
  R 65 loss=nan acc=0.6143 off=0.791 active=50 elapsed=0.3m ETA=0m
  R 70 loss=nan acc=0.6175 off=0.789 active=50 elapsed=0.3m ETA=0m
  R 75 loss=nan acc=0.6183 off=0.792 active=50 elapsed=0.3m ETA=0m
  R 80 loss=nan acc=0.6262 off=0.791 active=50 elapsed=0.3m ETA=0m
  R 85 loss=nan acc=0.6171 off=0.791 active=50 elapsed=0.4m ETA=0m
  R 90 loss=nan acc=0.6190 off=0.789 active=50 elapsed=0.4m ETA=0m
  R 95 loss=nan acc=0.6175 off=0.789 active=50 elapsed=0.4m ETA=0m
  R100 loss=nan acc=0.6110 off=0.791 active=50 elapsed=0.4m ETA=0m
  R105 loss=nan acc=0.6078 off=0.792 active=50 elapsed=0.4m ETA=0m
  R110 loss=nan acc=0.6142 off=0.790 active=50 elapsed=0.5m ETA=0m
  R115 loss=nan acc=0.6124 off=0.790 active=50 elapsed=0.5m ETA=0m
  R120 loss=nan acc=0.6280 off=0.785 active=50 elapsed=0.5m ETA=0m
  R125 loss=nan acc=0.6520 off=0.779 active=50 elapsed=0.5m ETA=0m
  R130 loss=nan acc=0.6756 off=0.768 active=50 elapsed=0.6m ETA=0m
  R135 loss=nan acc=0.7105 off=0.750 active=50 elapsed=0.6m ETA=0m
  R140 loss=nan acc=0.7436 off=0.757 active=50 elapsed=0.6m ETA=0m
  R145 loss=nan acc=0.7571 off=0.753 active=50 elapsed=0.6m ETA=0m
  R150 loss=nan acc=0.7571 off=0.753 active=50 elapsed=0.6m ETA=0m
  Saved: /home/honeynaps/data/driftgate/journal_expansion/runs/phaseT19_multiday/r19_s1_s3_day2.json  integrated=0.6657
