[r19_s1_s4_day1] scenario=S1 arm=fixed040 mode=fixed K=50 L=5 rounds=150 delay=0 device=cuda:0
  R  1 loss=nan acc=0.8142 off=0.722 active=50 elapsed=0.0m ETA=3m
  R  5 loss=nan acc=0.8142 off=0.722 active=50 elapsed=0.0m ETA=1m
  R 10 loss=nan acc=0.8142 off=0.722 active=50 elapsed=0.0m ETA=1m
  R 15 loss=nan acc=0.8142 off=0.722 active=50 elapsed=0.1m ETA=1m
  R 20 loss=nan acc=0.8103 off=0.726 active=50 elapsed=0.1m ETA=0m
  R 25 loss=nan acc=0.7907 off=0.740 active=50 elapsed=0.1m ETA=0m
  R 30 loss=nan acc=0.7443 off=0.743 active=50 elapsed=0.1m ETA=0m
  R 35 loss=nan acc=0.6909 off=0.762 active=50 elapsed=0.1m ETA=0m
  R 40 loss=nan acc=0.6724 off=0.772 active=50 elapsed=0.2m ETA=0m
  R 45 loss=nan acc=0.6701 off=0.775 active=50 elapsed=0.2m ETA=0m
  R 50 loss=nan acc=0.6701 off=0.775 active=50 elapsed=0.2m ETA=0m
  R 55 loss=nan acc=0.6701 off=0.775 active=50 elapsed=0.2m ETA=0m
  R 60 loss=nan acc=0.6701 off=0.775 active=50 elapsed=0.2m ETA=0m
  R 65 loss=nan acc=0.6652 off=0.774 active=50 elapsed=0.3m ETA=0m
  R 70 loss=nan acc=0.6702 off=0.775 active=50 elapsed=0.3m ETA=0m
  R 75 loss=nan acc=0.6730 off=0.774 active=50 elapsed=0.3m ETA=0m
  R 80 loss=nan acc=0.6763 off=0.774 active=50 elapsed=0.3m ETA=0m
  R 85 loss=nan acc=0.6750 off=0.776 active=50 elapsed=0.4m ETA=0m
  R 90 loss=nan acc=0.6740 off=0.776 active=50 elapsed=0.4m ETA=0m
  R 95 loss=nan acc=0.6636 off=0.777 active=50 elapsed=0.4m ETA=0m
  R100 loss=nan acc=0.6583 off=0.774 active=50 elapsed=0.4m ETA=0m
  R105 loss=nan acc=0.6498 off=0.778 active=50 elapsed=0.4m ETA=0m
  R110 loss=nan acc=0.6544 off=0.776 active=50 elapsed=0.5m ETA=0m
  R115 loss=nan acc=0.6719 off=0.775 active=50 elapsed=0.5m ETA=0m
  R120 loss=nan acc=0.6850 off=0.770 active=50 elapsed=0.5m ETA=0m
  R125 loss=nan acc=0.7205 off=0.771 active=50 elapsed=0.5m ETA=0m
  R130 loss=nan acc=0.7516 off=0.757 active=50 elapsed=0.6m ETA=0m
  R135 loss=nan acc=0.7857 off=0.742 active=50 elapsed=0.6m ETA=0m
  R140 loss=nan acc=0.8001 off=0.730 active=50 elapsed=0.6m ETA=0m
  R145 loss=nan acc=0.8142 off=0.722 active=50 elapsed=0.6m ETA=0m
  R150 loss=nan acc=0.8142 off=0.722 active=50 elapsed=0.6m ETA=0m
  Saved: /home/honeynaps/data/driftgate/journal_expansion/runs/phaseT19_multiday/r19_s1_s4_day1.json  integrated=0.7209
