[r19_s1_s4_day2] scenario=S1 arm=fixed040 mode=fixed K=50 L=5 rounds=150 delay=0 device=cuda:0
  R  1 loss=nan acc=0.8140 off=0.722 active=50 elapsed=0.0m ETA=3m
  R  5 loss=nan acc=0.8140 off=0.722 active=50 elapsed=0.0m ETA=1m
  R 10 loss=nan acc=0.8140 off=0.722 active=50 elapsed=0.0m ETA=1m
  R 15 loss=nan acc=0.8140 off=0.722 active=50 elapsed=0.1m ETA=1m
  R 20 loss=nan acc=0.8102 off=0.726 active=50 elapsed=0.1m ETA=1m
  R 25 loss=nan acc=0.7924 off=0.731 active=50 elapsed=0.1m ETA=0m
  R 30 loss=nan acc=0.7661 off=0.750 active=50 elapsed=0.1m ETA=0m
  R 35 loss=nan acc=0.7006 off=0.765 active=50 elapsed=0.1m ETA=0m
  R 40 loss=nan acc=0.6894 off=0.771 active=50 elapsed=0.2m ETA=0m
  R 45 loss=nan acc=0.6894 off=0.771 active=50 elapsed=0.2m ETA=0m
  R 50 loss=nan acc=0.6894 off=0.771 active=50 elapsed=0.2m ETA=0m
  R 55 loss=nan acc=0.6894 off=0.771 active=50 elapsed=0.2m ETA=0m
  R 60 loss=nan acc=0.6848 off=0.772 active=50 elapsed=0.2m ETA=0m
  R 65 loss=nan acc=0.6808 off=0.772 active=50 elapsed=0.3m ETA=0m
  R 70 loss=nan acc=0.6727 off=0.774 active=50 elapsed=0.3m ETA=0m
  R 75 loss=nan acc=0.6813 off=0.773 active=50 elapsed=0.3m ETA=0m
  R 80 loss=nan acc=0.6871 off=0.779 active=50 elapsed=0.3m ETA=0m
  R 85 loss=nan acc=0.6899 off=0.778 active=50 elapsed=0.3m ETA=0m
  R 90 loss=nan acc=0.6873 off=0.778 active=50 elapsed=0.4m ETA=0m
  R 95 loss=nan acc=0.6898 off=0.771 active=50 elapsed=0.4m ETA=0m
  R100 loss=nan acc=0.6894 off=0.771 active=50 elapsed=0.4m ETA=0m
  R105 loss=nan acc=0.6853 off=0.772 active=50 elapsed=0.4m ETA=0m
  R110 loss=nan acc=0.6853 off=0.772 active=50 elapsed=0.4m ETA=0m
  R115 loss=nan acc=0.6772 off=0.776 active=50 elapsed=0.5m ETA=0m
  R120 loss=nan acc=0.6909 off=0.770 active=50 elapsed=0.5m ETA=0m
  R125 loss=nan acc=0.7363 off=0.758 active=50 elapsed=0.5m ETA=0m
  R130 loss=nan acc=0.7665 off=0.749 active=50 elapsed=0.5m ETA=0m
  R135 loss=nan acc=0.7796 off=0.739 active=50 elapsed=0.5m ETA=0m
  R140 loss=nan acc=0.7930 off=0.733 active=50 elapsed=0.6m ETA=0m
  R145 loss=nan acc=0.7988 off=0.733 active=50 elapsed=0.6m ETA=0m
  R150 loss=nan acc=0.8099 off=0.725 active=50 elapsed=0.6m ETA=0m
  Saved: /home/honeynaps/data/driftgate/journal_expansion/runs/phaseT19_multiday/r19_s1_s4_day2.json  integrated=0.7313
