[r19_s1_s4_day3] scenario=S1 arm=fixed040 mode=fixed K=50 L=5 rounds=150 delay=0 device=cuda:0
  R  1 loss=nan acc=0.8082 off=0.723 active=50 elapsed=0.0m ETA=3m
  R  5 loss=nan acc=0.8082 off=0.723 active=50 elapsed=0.0m ETA=1m
  R 10 loss=nan acc=0.8082 off=0.723 active=50 elapsed=0.0m ETA=1m
  R 15 loss=nan acc=0.8082 off=0.723 active=50 elapsed=0.1m ETA=1m
  R 20 loss=nan acc=0.8031 off=0.727 active=50 elapsed=0.1m ETA=1m
  R 25 loss=nan acc=0.7788 off=0.743 active=50 elapsed=0.1m ETA=0m
  R 30 loss=nan acc=0.7243 off=0.770 active=50 elapsed=0.1m ETA=0m
  R 35 loss=nan acc=0.6872 off=0.773 active=50 elapsed=0.1m ETA=0m
  R 40 loss=nan acc=0.6773 off=0.773 active=50 elapsed=0.2m ETA=0m
  R 45 loss=nan acc=0.6705 off=0.777 active=50 elapsed=0.2m ETA=0m
  R 50 loss=nan acc=0.6705 off=0.777 active=50 elapsed=0.2m ETA=0m
  R 55 loss=nan acc=0.6705 off=0.777 active=50 elapsed=0.2m ETA=0m
  R 60 loss=nan acc=0.6705 off=0.777 active=50 elapsed=0.2m ETA=0m
  R 65 loss=nan acc=0.6705 off=0.777 active=50 elapsed=0.3m ETA=0m
  R 70 loss=nan acc=0.6660 off=0.778 active=50 elapsed=0.3m ETA=0m
  R 75 loss=nan acc=0.6719 off=0.776 active=50 elapsed=0.3m ETA=0m
  R 80 loss=nan acc=0.6753 off=0.774 active=50 elapsed=0.3m ETA=0m
  R 85 loss=nan acc=0.6679 off=0.775 active=50 elapsed=0.4m ETA=0m
  R 90 loss=nan acc=0.6651 off=0.775 active=50 elapsed=0.4m ETA=0m
  R 95 loss=nan acc=0.6602 off=0.773 active=50 elapsed=0.4m ETA=0m
  R100 loss=nan acc=0.6556 off=0.774 active=50 elapsed=0.4m ETA=0m
  R105 loss=nan acc=0.6653 off=0.776 active=50 elapsed=0.5m ETA=0m
  R110 loss=nan acc=0.6652 off=0.777 active=50 elapsed=0.5m ETA=0m
  R115 loss=nan acc=0.6714 off=0.778 active=50 elapsed=0.5m ETA=0m
  R120 loss=nan acc=0.6856 off=0.773 active=50 elapsed=0.5m ETA=0m
  R125 loss=nan acc=0.7138 off=0.759 active=50 elapsed=0.5m ETA=0m
  R130 loss=nan acc=0.7624 off=0.735 active=50 elapsed=0.6m ETA=0m
  R135 loss=nan acc=0.7848 off=0.729 active=50 elapsed=0.6m ETA=0m
  R140 loss=nan acc=0.8010 off=0.717 active=50 elapsed=0.6m ETA=0m
  R145 loss=nan acc=0.8049 off=0.725 active=50 elapsed=0.6m ETA=0m
  R150 loss=nan acc=0.8082 off=0.723 active=50 elapsed=0.6m ETA=0m
  Saved: /home/honeynaps/data/driftgate/journal_expansion/runs/phaseT19_multiday/r19_s1_s4_day3.json  integrated=0.7187
