[r19_s1_s1_day3] scenario=S1 arm=fixed040 mode=fixed K=50 L=5 rounds=150 delay=0 device=cuda:1
  R  1 loss=nan acc=0.8000 off=0.723 active=50 elapsed=0.0m ETA=3m
  R  5 loss=nan acc=0.8000 off=0.723 active=50 elapsed=0.0m ETA=1m
  R 10 loss=nan acc=0.8000 off=0.723 active=50 elapsed=0.1m ETA=1m
  R 15 loss=nan acc=0.8000 off=0.723 active=50 elapsed=0.1m ETA=1m
  R 20 loss=nan acc=0.7957 off=0.727 active=50 elapsed=0.1m ETA=1m
  R 25 loss=nan acc=0.7756 off=0.731 active=50 elapsed=0.1m ETA=1m
  R 30 loss=nan acc=0.7353 off=0.759 active=50 elapsed=0.1m ETA=1m
  R 35 loss=nan acc=0.6960 off=0.781 active=50 elapsed=0.2m ETA=0m
  R 40 loss=nan acc=0.6824 off=0.787 active=50 elapsed=0.2m ETA=0m
  R 45 loss=nan acc=0.6703 off=0.789 active=50 elapsed=0.2m ETA=0m
  R 50 loss=nan acc=0.6703 off=0.789 active=50 elapsed=0.2m ETA=0m
  R 55 loss=nan acc=0.6703 off=0.789 active=50 elapsed=0.3m ETA=0m
  R 60 loss=nan acc=0.6674 off=0.791 active=50 elapsed=0.3m ETA=0m
  R 65 loss=nan acc=0.6600 off=0.792 active=50 elapsed=0.3m ETA=0m
  R 70 loss=nan acc=0.6553 off=0.794 active=50 elapsed=0.3m ETA=0m
  R 75 loss=nan acc=0.6680 off=0.791 active=50 elapsed=0.4m ETA=0m
  R 80 loss=nan acc=0.6810 off=0.790 active=50 elapsed=0.4m ETA=0m
  R 85 loss=nan acc=0.6725 off=0.789 active=50 elapsed=0.4m ETA=0m
  R 90 loss=nan acc=0.6687 off=0.790 active=50 elapsed=0.4m ETA=0m
  R 95 loss=nan acc=0.6664 off=0.790 active=50 elapsed=0.5m ETA=0m
  R100 loss=nan acc=0.6562 off=0.791 active=50 elapsed=0.5m ETA=0m
  R105 loss=nan acc=0.6703 off=0.789 active=50 elapsed=0.5m ETA=0m
  R110 loss=nan acc=0.6650 off=0.790 active=50 elapsed=0.5m ETA=0m
  R115 loss=nan acc=0.6610 off=0.792 active=50 elapsed=0.6m ETA=0m
  R120 loss=nan acc=0.6883 off=0.785 active=50 elapsed=0.6m ETA=0m
  R125 loss=nan acc=0.7225 off=0.774 active=50 elapsed=0.6m ETA=0m
  R130 loss=nan acc=0.7386 off=0.766 active=50 elapsed=0.6m ETA=0m
  R135 loss=nan acc=0.7651 off=0.749 active=50 elapsed=0.7m ETA=0m
  R140 loss=nan acc=0.7805 off=0.730 active=50 elapsed=0.7m ETA=0m
  R145 loss=nan acc=0.7959 off=0.727 active=50 elapsed=0.7m ETA=0m
  R150 loss=nan acc=0.8000 off=0.723 active=50 elapsed=0.7m ETA=0m
  Saved: /home/honeynaps/data/driftgate/journal_expansion/runs/phaseT19_multiday/r19_s1_s1_day3.json  integrated=0.7154
