[r19_s2_s0_day1] scenario=S2 arm=fixed040 mode=fixed K=50 L=5 rounds=150 delay=0 device=cuda:1
  R  1 loss=nan acc=0.7109 off=0.825 active=50 elapsed=0.0m ETA=3m
  R  5 loss=nan acc=0.7109 off=0.825 active=50 elapsed=0.0m ETA=1m
  R 10 loss=nan acc=0.7100 off=0.826 active=50 elapsed=0.1m ETA=1m
  R 15 loss=nan acc=0.7100 off=0.826 active=50 elapsed=0.1m ETA=1m
  R 20 loss=nan acc=0.7100 off=0.826 active=50 elapsed=0.1m ETA=1m
  R 25 loss=nan acc=0.7055 off=0.826 active=50 elapsed=0.1m ETA=1m
  R 30 loss=nan acc=0.6992 off=0.830 active=50 elapsed=0.1m ETA=1m
  R 35 loss=nan acc=0.7001 off=0.831 active=50 elapsed=0.2m ETA=1m
  R 40 loss=nan acc=0.6928 off=0.835 active=50 elapsed=0.2m ETA=0m
  R 45 loss=nan acc=0.6850 off=0.838 active=50 elapsed=0.2m ETA=0m
  R 50 loss=nan acc=0.6826 off=0.839 active=50 elapsed=0.2m ETA=0m
  R 55 loss=nan acc=0.6814 off=0.839 active=50 elapsed=0.2m ETA=0m
  R 60 loss=nan acc=0.6937 off=0.835 active=50 elapsed=0.3m ETA=0m
  R 65 loss=nan acc=0.6847 off=0.841 active=50 elapsed=0.3m ETA=0m
  R 70 loss=nan acc=0.6737 off=0.845 active=50 elapsed=0.3m ETA=0m
  R 75 loss=nan acc=0.6582 off=0.850 active=50 elapsed=0.3m ETA=0m
  R 80 loss=nan acc=0.6678 off=0.849 active=50 elapsed=0.4m ETA=0m
  R 85 loss=nan acc=0.6683 off=0.848 active=50 elapsed=0.4m ETA=0m
  R 90 loss=nan acc=0.6650 off=0.850 active=50 elapsed=0.4m ETA=0m
  R 95 loss=nan acc=0.6678 off=0.848 active=50 elapsed=0.4m ETA=0m
  R100 loss=nan acc=0.6714 off=0.848 active=50 elapsed=0.4m ETA=0m
  R105 loss=nan acc=0.6731 off=0.846 active=50 elapsed=0.5m ETA=0m
  R110 loss=nan acc=0.6789 off=0.845 active=50 elapsed=0.5m ETA=0m
  R115 loss=nan acc=0.6751 off=0.846 active=50 elapsed=0.5m ETA=0m
  R120 loss=nan acc=0.6834 off=0.842 active=50 elapsed=0.5m ETA=0m
  R125 loss=nan acc=0.6926 off=0.838 active=50 elapsed=0.5m ETA=0m
  R130 loss=nan acc=0.6964 off=0.832 active=50 elapsed=0.6m ETA=0m
  R135 loss=nan acc=0.7061 off=0.827 active=50 elapsed=0.6m ETA=0m
  R140 loss=nan acc=0.7090 off=0.825 active=50 elapsed=0.6m ETA=0m
  R145 loss=nan acc=0.7141 off=0.824 active=50 elapsed=0.6m ETA=0m
  R150 loss=nan acc=0.7182 off=0.822 active=50 elapsed=0.6m ETA=0m
  Saved: /home/honeynaps/data/driftgate/journal_expansion/runs/phaseT19_multiday/r19_s2_s0_day1.json  integrated=0.6902
