[r10_T40_s6] scenario=S1 arm=T40 mode=fixed K=50 L=5 rounds=150 delay=0 device=cuda:0
  R  1 loss=0.872 acc=0.3787 off=1.000 active=50 elapsed=0.3m ETA=40m
  R  5 loss=0.443 acc=0.5550 off=1.000 active=50 elapsed=1.1m ETA=31m
  R 10 loss=0.389 acc=0.6047 off=0.998 active=50 elapsed=2.0m ETA=28m
  R 15 loss=0.357 acc=0.6353 off=0.994 active=50 elapsed=2.9m ETA=26m
  R 20 loss=0.331 acc=0.6630 off=0.987 active=50 elapsed=3.8m ETA=25m
  R 25 loss=0.309 acc=0.6566 off=0.975 active=50 elapsed=4.6m ETA=23m
  R 30 loss=0.294 acc=0.6025 off=0.968 active=50 elapsed=5.4m ETA=22m
  R 35 loss=0.284 acc=0.5406 off=0.982 active=50 elapsed=6.3m ETA=21m
  R 40 loss=0.270 acc=0.5294 off=0.977 active=50 elapsed=7.3m ETA=20m
  R 45 loss=0.257 acc=0.5237 off=0.962 active=50 elapsed=8.2m ETA=19m
  R 50 loss=0.244 acc=0.5445 off=0.970 active=50 elapsed=9.3m ETA=19m
  R 55 loss=0.235 acc=0.5528 off=0.947 active=50 elapsed=10.2m ETA=18m
  R 60 loss=0.219 acc=0.5605 off=0.922 active=50 elapsed=11.1m ETA=17m
  R 65 loss=0.210 acc=0.5714 off=0.939 active=50 elapsed=11.9m ETA=16m
  R 70 loss=0.203 acc=0.5671 off=0.945 active=50 elapsed=12.7m ETA=15m
  R 75 loss=0.193 acc=0.5909 off=0.927 active=50 elapsed=13.5m ETA=13m
  R 80 loss=0.183 acc=0.6161 off=0.925 active=50 elapsed=14.3m ETA=13m
  R 85 loss=0.178 acc=0.6164 off=0.915 active=50 elapsed=15.1m ETA=12m
  R 90 loss=0.170 acc=0.5976 off=0.909 active=50 elapsed=15.8m ETA=11m
  R 95 loss=0.165 acc=0.5992 off=0.885 active=50 elapsed=16.6m ETA=10m
  R100 loss=0.161 acc=0.6053 off=0.883 active=50 elapsed=17.5m ETA=9m
  R105 loss=0.149 acc=0.6013 off=0.880 active=50 elapsed=18.3m ETA=8m
  R110 loss=0.146 acc=0.6185 off=0.874 active=50 elapsed=19.1m ETA=7m
  R115 loss=0.139 acc=0.6206 off=0.875 active=50 elapsed=20.0m ETA=6m
  R120 loss=0.144 acc=0.6219 off=0.865 active=50 elapsed=20.8m ETA=5m
  R125 loss=0.132 acc=0.6739 off=0.862 active=50 elapsed=21.6m ETA=4m
  R130 loss=0.131 acc=0.7259 off=0.836 active=50 elapsed=22.4m ETA=3m
  R135 loss=0.125 acc=0.7683 off=0.808 active=50 elapsed=23.2m ETA=3m
  R140 loss=0.117 acc=0.7927 off=0.748 active=50 elapsed=24.0m ETA=2m
  R145 loss=0.113 acc=0.8059 off=0.717 active=50 elapsed=24.8m ETA=1m
  R150 loss=0.115 acc=0.8130 off=0.713 active=50 elapsed=25.7m ETA=0m
  Saved: /home/honeynaps/data/driftgate/journal_expansion/runs/phaseT10_prior/r10_T40_s6.json  integrated=0.6178
