
[1/1] adaptive_splitomc schedule=A
[adaptive_splitomc] Starting adaptive_splitomc with lambda=0.2, big_lambda=0.5
  Clients: 50, ES: 5, Device: cuda:0
  Total rounds: 150, Local epochs: 3
  R  1 loss=0.884 acc_main=0.257 acc_oop=0.000 acc_oor=0.000 acc_total=0.257 elapsed=1.7m ETA=254m
  [adapt R  2 ρ=0.0] delta_z=0.694 0.783 0.892 0.729 0.704 margin_z=0.977 0.986 0.975 0.983 0.952 λ=0.150 0.150 0.150 0.150 0.150
  [adapt R  3 ρ=0.0] delta_z=0.613 0.633 0.729 0.583 0.583 margin_z=0.968 0.974 0.980 0.969 0.912 λ=0.151 0.150 0.150 0.150 0.151
  [adapt R  4 ρ=0.0] delta_z=0.637 0.600 0.542 0.600 0.533 margin_z=0.949 0.957 0.970 0.955 0.902 λ=0.151 0.151 0.151 0.152 0.152
  [adapt R  5 ρ=0.0] delta_z=0.556 0.533 0.450 0.492 0.412 margin_z=0.930 0.935 0.954 0.934 0.859 λ=0.153 0.156 0.160 0.173 0.172
  [adapt R  6 ρ=0.0] delta_z=0.531 0.487 0.446 0.492 0.438 margin_z=0.903 0.916 0.937 0.913 0.853 λ=0.156 0.160 0.164 0.170 0.167
  [adapt R  7 ρ=0.0] delta_z=0.456 0.492 0.454 0.442 0.396 margin_z=0.870 0.904 0.931 0.887 0.814 λ=0.164 0.166 0.168 0.185 0.195
  [adapt R  8 ρ=0.0] delta_z=0.412 0.492 0.392 0.438 0.404 margin_z=0.841 0.897 0.930 0.884 0.811 λ=0.172 0.184 0.179 0.203 0.193
  [adapt R  9 ρ=0.0] delta_z=0.406 0.496 0.429 0.425 0.388 margin_z=0.822 0.869 0.905 0.870 0.778 λ=0.173 0.177 0.173 0.200 0.208
  [adapt R 10 ρ=0.0] delta_z=0.438 0.492 0.417 0.375 0.358 margin_z=0.828 0.879 0.900 0.848 0.755 λ=0.167 0.174 0.187 0.240 0.272
  R 10 loss=0.476 acc_main=0.577 acc_oop=0.000 acc_oor=0.000 acc_total=0.577 elapsed=13.7m ETA=192m
  [adapt R 15 ρ=0.0] delta_z=0.306 0.412 0.383 0.388 0.400 margin_z=0.735 0.827 0.857 0.785 0.671 λ=0.288 0.270 0.223 0.229 0.224
  [adapt R 20 ρ=0.0] delta_z=0.312 0.392 0.333 0.321 0.283 margin_z=0.694 0.769 0.818 0.750 0.604 λ=0.305 0.321 0.314 0.417 0.449
  R 20 loss=0.393 acc_main=0.642 acc_oop=0.000 acc_oor=0.000 acc_total=0.642 elapsed=27.0m ETA=176m
  [adapt R 25 ρ=0.0] delta_z=0.356 0.371 0.312 0.304 0.388 margin_z=0.658 0.733 0.802 0.743 0.619 λ=0.278 0.319 0.367 0.351 0.321
  [adapt R 30 ρ=0.0] delta_z=0.400 0.458 0.338 0.271 0.354 margin_z=0.677 0.761 0.767 0.680 0.549 λ=0.186 0.217 0.297 0.392 0.417
  R 30 loss=0.302 acc_main=0.668 acc_oop=0.000 acc_oor=0.000 acc_total=0.668 elapsed=40.2m ETA=161m
  [adapt R 35 ρ=0.4] delta_z=0.394 0.404 0.358 0.400 0.354 margin_z=0.696 0.738 0.757 0.723 0.585 λ=0.217 0.237 0.233 0.263 0.251
  [adapt R 40 ρ=0.4] delta_z=0.406 0.404 0.412 0.346 0.254 margin_z=0.665 0.712 0.743 0.694 0.588 λ=0.209 0.206 0.233 0.343 0.455
  R 40 loss=0.316 acc_main=0.698 acc_oop=0.574 acc_oor=0.123 acc_total=0.620 elapsed=54.0m ETA=149m
  [adapt R 45 ρ=0.4] delta_z=0.325 0.433 0.458 0.438 0.479 margin_z=0.646 0.698 0.721 0.692 0.608 λ=0.247 0.209 0.177 0.170 0.170
  [adapt R 50 ρ=0.4] delta_z=0.425 0.446 0.342 0.346 0.308 margin_z=0.636 0.720 0.705 0.659 0.579 λ=0.182 0.210 0.250 0.359 0.373
  R 50 loss=0.287 acc_main=0.708 acc_oop=0.578 acc_oor=0.145 acc_total=0.630 elapsed=67.8m ETA=136m
  [adapt R 55 ρ=0.4] delta_z=0.362 0.412 0.421 0.371 0.383 margin_z=0.627 0.673 0.698 0.646 0.557 λ=0.233 0.217 0.214 0.227 0.251
  [adapt R 60 ρ=0.4] delta_z=0.419 0.425 0.442 0.400 0.371 margin_z=0.627 0.686 0.698 0.650 0.565 λ=0.192 0.187 0.192 0.210 0.237
  R 60 loss=0.256 acc_main=0.715 acc_oop=0.612 acc_oor=0.198 acc_total=0.647 elapsed=80.8m ETA=121m
  [adapt R 65 ρ=0.8] delta_z=0.438 0.458 0.425 0.475 0.442 margin_z=0.651 0.690 0.679 0.659 0.561 λ=0.175 0.179 0.172 0.175 0.170
  [adapt R 70 ρ=0.8] delta_z=0.450 0.433 0.500 0.408 0.358 margin_z=0.612 0.666 0.707 0.655 0.597 λ=0.178 0.168 0.175 0.192 0.240
  R 70 loss=0.249 acc_main=0.711 acc_oop=0.604 acc_oor=0.219 acc_total=0.611 elapsed=94.6m ETA=108m
  [adapt R 75 ρ=0.8] delta_z=0.381 0.371 0.383 0.321 0.383 margin_z=0.617 0.650 0.648 0.613 0.569 λ=0.253 0.249 0.290 0.281 0.305
  [adapt R 80 ρ=0.8] delta_z=0.400 0.425 0.463 0.425 0.438 margin_z=0.600 0.658 0.659 0.635 0.597 λ=0.201 0.186 0.181 0.178 0.185
  R 80 loss=0.225 acc_main=0.727 acc_oop=0.619 acc_oor=0.244 acc_total=0.628 elapsed=106.9m ETA=94m
  [adapt R 85 ρ=0.8] delta_z=0.406 0.471 0.492 0.471 0.379 margin_z=0.616 0.675 0.665 0.673 0.596 λ=0.180 0.171 0.163 0.175 0.190
  [adapt R 90 ρ=0.8] delta_z=0.419 0.467 0.404 0.367 0.350 margin_z=0.595 0.652 0.665 0.617 0.526 λ=0.177 0.186 0.201 0.258 0.290
  R 90 loss=0.213 acc_main=0.749 acc_oop=0.610 acc_oor=0.239 acc_total=0.635 elapsed=121.1m ETA=81m
  [adapt R 95 ρ=0.4] delta_z=0.331 0.392 0.404 0.346 0.379 margin_z=0.488 0.569 0.623 0.537 0.484 λ=0.283 0.254 0.245 0.252 0.281
  [adapt R100 ρ=0.4] delta_z=0.388 0.408 0.383 0.367 0.346 margin_z=0.562 0.595 0.614 0.616 0.556 λ=0.218 0.225 0.236 0.275 0.295
  R100 loss=0.191 acc_main=0.769 acc_oop=0.617 acc_oor=0.237 acc_total=0.687 elapsed=134.1m ETA=67m
  [adapt R105 ρ=0.4] delta_z=0.431 0.417 0.350 0.325 0.354 margin_z=0.511 0.559 0.580 0.565 0.524 λ=0.190 0.216 0.278 0.328 0.338
  [adapt R110 ρ=0.4] delta_z=0.425 0.417 0.338 0.338 0.396 margin_z=0.568 0.615 0.578 0.552 0.493 λ=0.193 0.225 0.278 0.293 0.272
  R110 loss=0.174 acc_main=0.774 acc_oop=0.617 acc_oor=0.250 acc_total=0.692 elapsed=146.7m ETA=53m
  [adapt R115 ρ=0.4] delta_z=0.369 0.346 0.350 0.329 0.383 margin_z=0.568 0.590 0.599 0.542 0.480 λ=0.292 0.298 0.332 0.300 0.295
  [adapt R120 ρ=0.4] delta_z=0.369 0.421 0.412 0.333 0.304 margin_z=0.493 0.574 0.578 0.537 0.450 λ=0.223 0.215 0.231 0.310 0.398
  R120 loss=0.160 acc_main=0.782 acc_oop=0.599 acc_oor=0.237 acc_total=0.691 elapsed=160.4m ETA=40m
  [adapt R125 ρ=0.0] delta_z=0.181 0.175 0.129 0.117 0.150 margin_z=0.331 0.361 0.338 0.310 0.304 λ=0.672 0.680 0.688 0.690 0.689
  [adapt R130 ρ=0.0] delta_z=0.144 0.208 0.121 0.058 0.092 margin_z=0.296 0.361 0.323 0.264 0.271 λ=0.673 0.682 0.690 0.696 0.697
  R130 loss=0.068 acc_main=0.877 acc_oop=0.000 acc_oor=0.000 acc_total=0.877 elapsed=174.0m ETA=27m
  [adapt R135 ρ=0.0] delta_z=0.150 0.158 0.125 0.100 0.100 margin_z=0.300 0.342 0.313 0.254 0.266 λ=0.683 0.686 0.691 0.694 0.695
  [adapt R140 ρ=0.0] delta_z=0.138 0.129 0.125 0.138 0.138 margin_z=0.278 0.299 0.313 0.291 0.246 λ=0.689 0.690 0.690 0.689 0.688
  R140 loss=0.065 acc_main=0.905 acc_oop=0.000 acc_oor=0.000 acc_total=0.905 elapsed=187.6m ETA=13m
  [adapt R145 ρ=0.0] delta_z=0.087 0.117 0.096 0.079 0.171 margin_z=0.212 0.269 0.261 0.230 0.257 λ=0.695 0.695 0.695 0.693 0.691
  [adapt R150 ρ=0.0] delta_z=0.150 0.154 0.067 0.062 0.142 margin_z=0.245 0.295 0.257 0.224 0.245 λ=0.684 0.691 0.695 0.696 0.695
  R150 loss=0.057 acc_main=0.904 acc_oop=0.000 acc_oor=0.000 acc_total=0.904 elapsed=200.3m ETA=0m
  Saved: ./journal_expansion/runs/reproduction/e2_temporal/schedule_A/adaptive_splitomc.json

E2 done. Total: 200.3m
