
[1/1] adaptive_splitomc schedule=A
[adaptive_splitomc] Starting adaptive_splitomc with lambda=0.2, big_lambda=0.5
  Clients: 50, ES: 5, Device: cuda:1
  Total rounds: 150, Local epochs: 3
  R  1 loss=0.884 acc_main=0.257 acc_oop=0.000 acc_oor=0.000 acc_total=0.257 elapsed=1.6m ETA=244m
  [adapt R  2 ρ=0.0] H=2.240 2.243 2.239 2.241 2.240 λ=0.360 0.360 0.360 0.360 0.360
  [adapt R  3 ρ=0.0] H=2.120 2.133 2.131 2.144 2.122 λ=0.390 0.390 0.388 0.389 0.389
  [adapt R  4 ρ=0.0] H=2.077 2.077 2.073 2.075 2.055 λ=0.404 0.404 0.404 0.406 0.407
  [adapt R  5 ρ=0.0] H=2.035 2.048 2.028 2.032 2.027 λ=0.414 0.415 0.415 0.417 0.417
  [adapt R  6 ρ=0.0] H=2.015 2.012 2.002 2.025 2.016 λ=0.421 0.422 0.421 0.421 0.419
  [adapt R  7 ρ=0.0] H=1.966 1.977 1.980 1.992 1.947 λ=0.433 0.432 0.430 0.432 0.433
  [adapt R  8 ρ=0.0] H=1.925 1.980 1.957 1.981 1.934 λ=0.438 0.438 0.433 0.437 0.437
  [adapt R  9 ρ=0.0] H=1.917 1.934 1.918 1.945 1.893 λ=0.445 0.446 0.444 0.447 0.447
  [adapt R 10 ρ=0.0] H=1.889 1.917 1.908 1.920 1.832 λ=0.452 0.451 0.448 0.456 0.459
  R 10 loss=0.389 acc_main=0.599 acc_oop=0.000 acc_oor=0.000 acc_total=0.599 elapsed=14.2m ETA=199m
  [adapt R 15 ρ=0.0] H=1.764 1.802 1.792 1.772 1.710 λ=0.484 0.483 0.482 0.490 0.495
  [adapt R 20 ρ=0.0] H=1.633 1.702 1.689 1.638 1.576 λ=0.513 0.511 0.511 0.521 0.528
  R 20 loss=0.307 acc_main=0.653 acc_oop=0.000 acc_oor=0.000 acc_total=0.653 elapsed=28.1m ETA=182m
  [adapt R 25 ρ=0.0] H=1.451 1.581 1.598 1.597 1.554 λ=0.549 0.543 0.531 0.533 0.535
  [adapt R 30 ρ=0.0] H=1.484 1.559 1.509 1.454 1.387 λ=0.547 0.548 0.550 0.563 0.569
  R 30 loss=0.251 acc_main=0.693 acc_oop=0.000 acc_oor=0.000 acc_total=0.693 elapsed=42.1m ETA=168m
  [adapt R 35 ρ=0.4] H=1.575 1.564 1.505 1.469 1.413 λ=0.537 0.542 0.549 0.560 0.564
  [adapt R 40 ρ=0.4] H=1.486 1.462 1.493 1.427 1.392 λ=0.558 0.556 0.560 0.565 0.571
  R 40 loss=0.216 acc_main=0.744 acc_oop=0.473 acc_oor=0.064 acc_total=0.619 elapsed=56.0m ETA=154m
  [adapt R 45 ρ=0.4] H=1.410 1.459 1.384 1.391 1.343 λ=0.566 0.569 0.570 0.578 0.579
  [adapt R 50 ρ=0.4] H=1.252 1.399 1.352 1.337 1.225 λ=0.587 0.585 0.580 0.590 0.594
  R 50 loss=0.183 acc_main=0.762 acc_oop=0.412 acc_oor=0.067 acc_total=0.615 elapsed=70.2m ETA=140m
  [adapt R 55 ρ=0.4] H=1.336 1.393 1.251 1.226 1.084 λ=0.579 0.586 0.593 0.610 0.614
  [adapt R 60 ρ=0.4] H=1.216 1.301 1.215 1.187 1.199 λ=0.598 0.601 0.602 0.608 0.609
  R 60 loss=0.157 acc_main=0.779 acc_oop=0.398 acc_oor=0.069 acc_total=0.622 elapsed=82.6m ETA=124m
  [adapt R 65 ρ=0.8] H=1.331 1.327 1.245 1.310 1.178 λ=0.586 0.591 0.592 0.601 0.601
  [adapt R 70 ρ=0.8] H=1.234 1.343 1.230 1.186 1.247 λ=0.593 0.597 0.599 0.604 0.605
  R 70 loss=0.148 acc_main=0.802 acc_oop=0.388 acc_oor=0.075 acc_total=0.554 elapsed=96.8m ETA=111m
  [adapt R 75 ρ=0.8] H=1.047 1.172 1.174 1.215 1.140 λ=0.621 0.618 0.610 0.611 0.611
  [adapt R 80 ρ=0.8] H=1.161 1.139 1.082 1.099 1.120 λ=0.615 0.618 0.621 0.622 0.621
  R 80 loss=0.132 acc_main=0.814 acc_oop=0.358 acc_oor=0.075 acc_total=0.548 elapsed=111.8m ETA=98m
  [adapt R 85 ρ=0.8] H=1.125 1.204 1.146 1.181 1.143 λ=0.613 0.614 0.611 0.614 0.613
  [adapt R 90 ρ=0.8] H=1.196 1.232 1.120 1.143 1.100 λ=0.605 0.610 0.613 0.619 0.619
  R 90 loss=0.110 acc_main=0.819 acc_oop=0.315 acc_oor=0.066 acc_total=0.533 elapsed=126.5m ETA=84m
  [adapt R 95 ρ=0.4] H=1.048 1.016 1.029 1.061 0.997 λ=0.631 0.631 0.630 0.631 0.631
  [adapt R100 ρ=0.4] H=1.194 1.112 0.986 0.981 1.032 λ=0.615 0.622 0.631 0.634 0.634
  R100 loss=0.110 acc_main=0.851 acc_oop=0.299 acc_oor=0.055 acc_total=0.643 elapsed=140.2m ETA=70m
  [adapt R105 ρ=0.4] H=0.957 1.054 1.010 0.983 0.947 λ=0.634 0.634 0.633 0.637 0.638
  [adapt R110 ρ=0.4] H=0.956 1.047 0.938 0.969 0.841 λ=0.634 0.637 0.636 0.644 0.645
  R110 loss=0.101 acc_main=0.857 acc_oop=0.299 acc_oor=0.067 acc_total=0.648 elapsed=153.0m ETA=56m
  [adapt R115 ρ=0.4] H=1.042 1.050 0.926 0.890 0.840 λ=0.629 0.634 0.639 0.647 0.648
  [adapt R120 ρ=0.4] H=0.869 0.962 0.951 0.882 0.970 λ=0.644 0.642 0.642 0.642 0.643
  R120 loss=0.091 acc_main=0.854 acc_oop=0.259 acc_oor=0.056 acc_total=0.634 elapsed=167.6m ETA=42m
  [adapt R125 ρ=0.0] H=0.816 0.849 0.742 0.686 0.720 λ=0.651 0.654 0.658 0.661 0.662
  [adapt R130 ρ=0.0] H=0.828 0.918 0.821 0.731 0.797 λ=0.648 0.649 0.652 0.656 0.657
  R130 loss=0.078 acc_main=0.878 acc_oop=0.000 acc_oor=0.000 acc_total=0.878 elapsed=179.4m ETA=28m
  [adapt R135 ρ=0.0] H=0.805 0.817 0.727 0.692 0.723 λ=0.653 0.656 0.659 0.661 0.661
  [adapt R140 ρ=0.0] H=0.787 0.763 0.755 0.821 0.706 λ=0.656 0.657 0.656 0.657 0.657
  R140 loss=0.077 acc_main=0.881 acc_oop=0.000 acc_oor=0.000 acc_total=0.881 elapsed=193.4m ETA=14m
  [adapt R145 ρ=0.0] H=0.815 0.813 0.706 0.651 0.708 λ=0.653 0.656 0.660 0.663 0.663
  [adapt R150 ρ=0.0] H=0.749 0.850 0.726 0.702 0.709 λ=0.654 0.656 0.658 0.661 0.662
  R150 loss=0.071 acc_main=0.905 acc_oop=0.000 acc_oor=0.000 acc_total=0.905 elapsed=207.7m ETA=0m
  Saved: ./results/e2_temporal/schedule_A/adaptive_splitomc.json

E2 done. Total: 207.8m
