
[1/1] adaptive_splitomc schedule=A
[adaptive_splitomc] Starting adaptive_splitomc with lambda=0.2, big_lambda=0.5
  Clients: 50, ES: 5, Device: cuda:1
  Total rounds: 150, Local epochs: 3
  R  1 loss=0.884 acc_main=0.258 acc_oop=0.000 acc_oor=0.000 acc_total=0.258 elapsed=1.7m ETA=254m
  [adapt R  2 ρ=0.0] delta_z=0.694 0.783 0.892 0.729 0.696 margin_z=0.978 0.986 0.975 0.983 0.951 λ=0.150 0.150 0.150 0.150 0.150
  [adapt R  3 ρ=0.0] delta_z=0.613 0.646 0.738 0.583 0.583 margin_z=0.968 0.974 0.980 0.969 0.912 λ=0.150 0.150 0.150 0.150 0.151
  [adapt R  4 ρ=0.0] delta_z=0.637 0.600 0.542 0.604 0.533 margin_z=0.949 0.957 0.970 0.955 0.902 λ=0.151 0.151 0.151 0.152 0.152
  [adapt R  5 ρ=0.0] delta_z=0.562 0.537 0.446 0.492 0.408 margin_z=0.931 0.935 0.953 0.934 0.859 λ=0.153 0.156 0.160 0.174 0.173
  [adapt R  6 ρ=0.0] delta_z=0.531 0.487 0.438 0.492 0.438 margin_z=0.903 0.916 0.937 0.913 0.853 λ=0.156 0.161 0.165 0.171 0.167
  [adapt R  7 ρ=0.0] delta_z=0.450 0.483 0.454 0.442 0.383 margin_z=0.870 0.904 0.931 0.887 0.814 λ=0.166 0.168 0.169 0.189 0.201
  [adapt R  8 ρ=0.0] delta_z=0.425 0.496 0.383 0.433 0.408 margin_z=0.841 0.897 0.930 0.884 0.810 λ=0.169 0.182 0.181 0.206 0.193
  [adapt R  9 ρ=0.0] delta_z=0.412 0.500 0.438 0.433 0.388 margin_z=0.823 0.869 0.905 0.870 0.778 λ=0.171 0.173 0.170 0.194 0.203
  [adapt R 10 ρ=0.0] delta_z=0.438 0.483 0.429 0.388 0.358 margin_z=0.829 0.880 0.900 0.848 0.755 λ=0.169 0.173 0.183 0.227 0.259
  R 10 loss=0.477 acc_main=0.576 acc_oop=0.000 acc_oor=0.000 acc_total=0.576 elapsed=14.6m ETA=204m
  [adapt R 15 ρ=0.0] delta_z=0.306 0.417 0.383 0.392 0.396 margin_z=0.734 0.826 0.857 0.783 0.667 λ=0.283 0.267 0.219 0.229 0.224
  [adapt R 20 ρ=0.0] delta_z=0.312 0.396 0.333 0.333 0.304 margin_z=0.691 0.766 0.817 0.748 0.599 λ=0.300 0.317 0.300 0.384 0.398
  R 20 loss=0.389 acc_main=0.641 acc_oop=0.000 acc_oor=0.000 acc_total=0.641 elapsed=28.5m ETA=185m
  [adapt R 25 ρ=0.0] delta_z=0.350 0.358 0.312 0.304 0.379 margin_z=0.658 0.734 0.805 0.744 0.618 λ=0.300 0.336 0.380 0.359 0.332
  [adapt R 30 ρ=0.0] delta_z=0.388 0.442 0.329 0.271 0.350 margin_z=0.676 0.760 0.767 0.681 0.550 λ=0.199 0.236 0.317 0.405 0.424
  R 30 loss=0.302 acc_main=0.669 acc_oop=0.000 acc_oor=0.000 acc_total=0.669 elapsed=43.2m ETA=173m
  [adapt R 35 ρ=0.4] delta_z=0.400 0.412 0.362 0.408 0.350 margin_z=0.697 0.738 0.756 0.723 0.584 λ=0.208 0.227 0.223 0.258 0.247
  [adapt R 40 ρ=0.4] delta_z=0.412 0.404 0.417 0.350 0.246 margin_z=0.667 0.714 0.743 0.695 0.588 λ=0.206 0.203 0.229 0.343 0.462
  R 40 loss=0.318 acc_main=0.697 acc_oop=0.573 acc_oor=0.124 acc_total=0.619 elapsed=58.6m ETA=161m
  [adapt R 45 ρ=0.4] delta_z=0.338 0.442 0.467 0.446 0.471 margin_z=0.646 0.698 0.721 0.691 0.604 λ=0.230 0.198 0.173 0.168 0.170
  [adapt R 50 ρ=0.4] delta_z=0.444 0.450 0.338 0.346 0.321 margin_z=0.637 0.720 0.704 0.657 0.576 λ=0.175 0.203 0.250 0.351 0.355
  R 50 loss=0.285 acc_main=0.708 acc_oop=0.580 acc_oor=0.147 acc_total=0.630 elapsed=74.6m ETA=149m
  [adapt R 55 ρ=0.4] delta_z=0.381 0.421 0.433 0.371 0.379 margin_z=0.625 0.670 0.697 0.645 0.554 λ=0.214 0.202 0.206 0.223 0.255
  [adapt R 60 ρ=0.4] delta_z=0.444 0.425 0.438 0.396 0.329 margin_z=0.623 0.684 0.698 0.653 0.574 λ=0.183 0.182 0.194 0.233 0.281
  R 60 loss=0.256 acc_main=0.717 acc_oop=0.610 acc_oor=0.197 acc_total=0.648 elapsed=90.8m ETA=136m
  [adapt R 65 ρ=0.8] delta_z=0.438 0.454 0.425 0.479 0.442 margin_z=0.649 0.690 0.681 0.659 0.562 λ=0.176 0.180 0.172 0.174 0.169
  [adapt R 70 ρ=0.8] delta_z=0.450 0.442 0.492 0.392 0.338 margin_z=0.612 0.666 0.707 0.656 0.598 λ=0.176 0.168 0.178 0.207 0.276
  R 70 loss=0.249 acc_main=0.713 acc_oop=0.603 acc_oor=0.216 acc_total=0.611 elapsed=106.6m ETA=122m
  [adapt R 75 ρ=0.8] delta_z=0.394 0.367 0.375 0.296 0.371 margin_z=0.614 0.649 0.648 0.613 0.572 λ=0.245 0.249 0.321 0.317 0.355
  [adapt R 80 ρ=0.8] delta_z=0.388 0.429 0.450 0.412 0.421 margin_z=0.598 0.658 0.658 0.635 0.595 λ=0.206 0.192 0.185 0.187 0.197
  R 80 loss=0.224 acc_main=0.728 acc_oop=0.618 acc_oor=0.241 acc_total=0.628 elapsed=122.0m ETA=107m
  [adapt R 85 ρ=0.8] delta_z=0.419 0.492 0.500 0.463 0.396 margin_z=0.614 0.674 0.666 0.674 0.593 λ=0.171 0.165 0.161 0.172 0.186
  [adapt R 90 ρ=0.8] delta_z=0.406 0.471 0.412 0.362 0.342 margin_z=0.595 0.651 0.663 0.615 0.524 λ=0.180 0.186 0.198 0.260 0.305
  R 90 loss=0.213 acc_main=0.749 acc_oop=0.607 acc_oor=0.237 acc_total=0.633 elapsed=136.9m ETA=91m
  [adapt R 95 ρ=0.4] delta_z=0.344 0.396 0.412 0.329 0.354 margin_z=0.485 0.567 0.623 0.543 0.491 λ=0.265 0.239 0.247 0.275 0.332
  [adapt R100 ρ=0.4] delta_z=0.388 0.404 0.379 0.362 0.329 margin_z=0.564 0.598 0.615 0.615 0.554 λ=0.221 0.229 0.242 0.293 0.321
  R100 loss=0.191 acc_main=0.773 acc_oop=0.615 acc_oor=0.232 acc_total=0.688 elapsed=151.1m ETA=76m
  [adapt R105 ρ=0.4] delta_z=0.412 0.408 0.346 0.321 0.362 margin_z=0.514 0.562 0.581 0.565 0.524 λ=0.203 0.231 0.290 0.328 0.332
  [adapt R110 ρ=0.4] delta_z=0.444 0.433 0.338 0.329 0.383 margin_z=0.571 0.618 0.581 0.557 0.499 λ=0.180 0.210 0.272 0.310 0.295
  R110 loss=0.175 acc_main=0.775 acc_oop=0.615 acc_oor=0.249 acc_total=0.691 elapsed=166.5m ETA=61m
  [adapt R115 ρ=0.4] delta_z=0.362 0.342 0.346 0.338 0.396 margin_z=0.565 0.586 0.594 0.539 0.478 λ=0.305 0.310 0.332 0.287 0.272
  [adapt R120 ρ=0.4] delta_z=0.362 0.421 0.417 0.338 0.296 margin_z=0.498 0.575 0.580 0.536 0.449 λ=0.227 0.216 0.227 0.310 0.405
  R120 loss=0.160 acc_main=0.783 acc_oop=0.600 acc_oor=0.235 acc_total=0.692 elapsed=182.5m ETA=46m
  [adapt R125 ρ=0.0] delta_z=0.188 0.167 0.117 0.117 0.133 margin_z=0.340 0.368 0.337 0.305 0.304 λ=0.673 0.682 0.689 0.692 0.691
  [adapt R130 ρ=0.0] delta_z=0.163 0.212 0.117 0.058 0.096 margin_z=0.292 0.359 0.323 0.263 0.268 λ=0.666 0.679 0.690 0.696 0.697
  R130 loss=0.068 acc_main=0.877 acc_oop=0.000 acc_oor=0.000 acc_total=0.877 elapsed=197.6m ETA=30m
  [adapt R135 ρ=0.0] delta_z=0.169 0.163 0.121 0.092 0.096 margin_z=0.306 0.340 0.309 0.256 0.262 λ=0.679 0.684 0.691 0.695 0.696
  [adapt R140 ρ=0.0] delta_z=0.138 0.133 0.146 0.138 0.138 margin_z=0.278 0.299 0.311 0.289 0.243 λ=0.689 0.688 0.688 0.688 0.688
  R140 loss=0.066 acc_main=0.907 acc_oop=0.000 acc_oor=0.000 acc_total=0.907 elapsed=211.9m ETA=15m
  [adapt R145 ρ=0.0] delta_z=0.069 0.108 0.108 0.092 0.183 margin_z=0.208 0.272 0.265 0.228 0.257 λ=0.696 0.695 0.695 0.691 0.688
  [adapt R150 ρ=0.0] delta_z=0.131 0.150 0.087 0.050 0.138 margin_z=0.243 0.296 0.257 0.219 0.239 λ=0.688 0.692 0.695 0.696 0.696
  R150 loss=0.057 acc_main=0.906 acc_oop=0.000 acc_oor=0.000 acc_total=0.906 elapsed=226.4m ETA=0m
  Saved: ./results/e2_temporal/schedule_A/adaptive_splitomc.json

E2 done. Total: 226.5m
