
[1/1] adaptive_splitomc schedule=A
[adaptive_splitomc] Starting adaptive_splitomc with lambda=0.2, big_lambda=0.5
  Clients: 50, ES: 5, Device: cuda:1
  Total rounds: 150, Local epochs: 3
  R  1 loss=0.884 acc_main=0.257 acc_oop=0.000 acc_oor=0.000 acc_total=0.257 elapsed=1.8m ETA=265m
  [adapt R  2 ρ=0.0] delta_z=0.694 0.783 0.892 0.733 0.700 margin_z=0.978 0.986 0.975 0.983 0.952 λ=0.150 0.150 0.150 0.150 0.150
  [adapt R  3 ρ=0.0] delta_z=0.613 0.637 0.738 0.583 0.583 margin_z=0.967 0.974 0.980 0.969 0.912 λ=0.153 0.151 0.152 0.152 0.158
  [adapt R  4 ρ=0.0] delta_z=0.631 0.608 0.546 0.596 0.537 margin_z=0.949 0.957 0.970 0.954 0.901 λ=0.153 0.156 0.158 0.163 0.161
  [adapt R  5 ρ=0.0] delta_z=0.562 0.550 0.450 0.483 0.429 margin_z=0.930 0.935 0.953 0.933 0.858 λ=0.164 0.180 0.201 0.260 0.256
  [adapt R  6 ρ=0.0] delta_z=0.544 0.492 0.433 0.512 0.496 margin_z=0.902 0.914 0.934 0.909 0.843 λ=0.182 0.206 0.219 0.217 0.192
  [adapt R  7 ρ=0.0] delta_z=0.469 0.500 0.475 0.463 0.408 margin_z=0.869 0.900 0.927 0.885 0.812 λ=0.213 0.217 0.219 0.272 0.302
  [adapt R  8 ρ=0.0] delta_z=0.456 0.504 0.396 0.438 0.429 margin_z=0.838 0.894 0.927 0.877 0.792 λ=0.218 0.265 0.278 0.340 0.307
  [adapt R  9 ρ=0.0] delta_z=0.419 0.500 0.421 0.412 0.412 margin_z=0.819 0.862 0.895 0.860 0.757 λ=0.251 0.276 0.281 0.355 0.363
  [adapt R 10 ρ=0.0] delta_z=0.512 0.542 0.442 0.383 0.396 margin_z=0.822 0.871 0.890 0.835 0.725 λ=0.176 0.197 0.258 0.380 0.432
  R 10 loss=0.436 acc_main=0.585 acc_oop=0.000 acc_oor=0.000 acc_total=0.585 elapsed=14.3m ETA=200m
  [adapt R 15 ρ=0.0] delta_z=0.325 0.425 0.367 0.383 0.400 margin_z=0.727 0.817 0.841 0.763 0.631 λ=0.476 0.484 0.426 0.451 0.426
  [adapt R 20 ρ=0.0] delta_z=0.312 0.383 0.279 0.296 0.325 margin_z=0.657 0.737 0.788 0.723 0.556 λ=0.550 0.599 0.609 0.637 0.623
  R 20 loss=0.326 acc_main=0.661 acc_oop=0.000 acc_oor=0.000 acc_total=0.661 elapsed=27.7m ETA=180m
  [adapt R 25 ρ=0.0] delta_z=0.356 0.396 0.312 0.275 0.346 margin_z=0.615 0.695 0.749 0.693 0.559 λ=0.473 0.532 0.594 0.622 0.623
  [adapt R 30 ρ=0.0] delta_z=0.406 0.433 0.329 0.254 0.333 margin_z=0.641 0.726 0.735 0.633 0.511 λ=0.343 0.432 0.571 0.630 0.644
  R 30 loss=0.234 acc_main=0.711 acc_oop=0.000 acc_oor=0.000 acc_total=0.711 elapsed=39.0m ETA=156m
  [adapt R 35 ρ=0.4] delta_z=0.444 0.450 0.392 0.425 0.408 margin_z=0.684 0.727 0.745 0.710 0.559 λ=0.275 0.319 0.336 0.376 0.351
  [adapt R 40 ρ=0.4] delta_z=0.456 0.429 0.463 0.392 0.392 margin_z=0.641 0.692 0.727 0.672 0.554 λ=0.285 0.270 0.321 0.355 0.426
  R 40 loss=0.280 acc_main=0.703 acc_oop=0.552 acc_oor=0.105 acc_total=0.616 elapsed=53.0m ETA=146m
  [adapt R 45 ρ=0.4] delta_z=0.450 0.487 0.496 0.438 0.467 margin_z=0.634 0.690 0.712 0.689 0.607 λ=0.235 0.221 0.227 0.238 0.265
  [adapt R 50 ρ=0.4] delta_z=0.481 0.454 0.371 0.371 0.350 margin_z=0.635 0.715 0.699 0.636 0.544 λ=0.236 0.302 0.405 0.508 0.518
  R 50 loss=0.257 acc_main=0.724 acc_oop=0.524 acc_oor=0.109 acc_total=0.623 elapsed=66.1m ETA=132m
  [adapt R 55 ρ=0.4] delta_z=0.412 0.438 0.421 0.362 0.379 margin_z=0.599 0.658 0.689 0.629 0.529 λ=0.328 0.332 0.380 0.439 0.489
  [adapt R 60 ρ=0.4] delta_z=0.444 0.421 0.450 0.400 0.396 margin_z=0.617 0.678 0.684 0.631 0.534 λ=0.310 0.295 0.332 0.355 0.407
  R 60 loss=0.221 acc_main=0.730 acc_oop=0.561 acc_oor=0.145 acc_total=0.639 elapsed=79.5m ETA=119m
  [adapt R 65 ρ=0.8] delta_z=0.494 0.517 0.496 0.492 0.471 margin_z=0.645 0.683 0.674 0.643 0.540 λ=0.191 0.194 0.194 0.210 0.217
  [adapt R 70 ρ=0.8] delta_z=0.431 0.450 0.521 0.392 0.367 margin_z=0.598 0.662 0.707 0.646 0.586 λ=0.289 0.237 0.260 0.325 0.464
  R 70 loss=0.241 acc_main=0.733 acc_oop=0.562 acc_oor=0.170 acc_total=0.600 elapsed=93.1m ETA=106m
  [adapt R 75 ρ=0.8] delta_z=0.400 0.404 0.388 0.317 0.379 margin_z=0.599 0.640 0.640 0.607 0.567 λ=0.394 0.409 0.493 0.516 0.550
  [adapt R 80 ρ=0.8] delta_z=0.381 0.433 0.438 0.412 0.454 margin_z=0.587 0.647 0.649 0.616 0.565 λ=0.379 0.349 0.321 0.303 0.307
  R 80 loss=0.206 acc_main=0.758 acc_oop=0.578 acc_oor=0.186 acc_total=0.620 elapsed=105.3m ETA=92m
  [adapt R 85 ρ=0.8] delta_z=0.463 0.542 0.542 0.496 0.442 margin_z=0.597 0.670 0.657 0.664 0.576 λ=0.194 0.183 0.176 0.203 0.235
  [adapt R 90 ρ=0.8] delta_z=0.362 0.458 0.392 0.329 0.312 margin_z=0.577 0.649 0.655 0.602 0.505 λ=0.369 0.388 0.422 0.558 0.606
  R 90 loss=0.202 acc_main=0.794 acc_oop=0.499 acc_oor=0.154 acc_total=0.603 elapsed=120.0m ETA=80m
  [adapt R 95 ρ=0.4] delta_z=0.356 0.354 0.358 0.317 0.358 margin_z=0.412 0.485 0.533 0.472 0.432 λ=0.532 0.529 0.561 0.558 0.574
  [adapt R100 ρ=0.4] delta_z=0.406 0.379 0.275 0.254 0.342 margin_z=0.528 0.524 0.504 0.509 0.465 λ=0.423 0.536 0.633 0.648 0.639
  R100 loss=0.123 acc_main=0.850 acc_oop=0.396 acc_oor=0.091 acc_total=0.670 elapsed=135.0m ETA=67m
  [adapt R105 ρ=0.4] delta_z=0.350 0.354 0.275 0.208 0.296 margin_z=0.419 0.461 0.461 0.404 0.421 λ=0.540 0.596 0.659 0.672 0.677
  [adapt R110 ρ=0.4] delta_z=0.331 0.342 0.237 0.229 0.267 margin_z=0.445 0.498 0.439 0.422 0.384 λ=0.576 0.633 0.666 0.680 0.678
  R110 loss=0.096 acc_main=0.861 acc_oop=0.333 acc_oor=0.078 acc_total=0.661 elapsed=150.1m ETA=55m
  [adapt R115 ρ=0.4] delta_z=0.338 0.263 0.221 0.196 0.300 margin_z=0.446 0.465 0.430 0.382 0.364 λ=0.637 0.663 0.686 0.682 0.678
  [adapt R120 ρ=0.4] delta_z=0.244 0.300 0.279 0.233 0.237 margin_z=0.355 0.424 0.435 0.396 0.367 λ=0.664 0.663 0.665 0.678 0.684
  R120 loss=0.078 acc_main=0.866 acc_oop=0.279 acc_oor=0.064 acc_total=0.649 elapsed=164.4m ETA=41m
  [adapt R125 ρ=0.0] delta_z=0.131 0.138 0.079 0.067 0.121 margin_z=0.263 0.305 0.264 0.245 0.272 λ=0.698 0.699 0.699 0.699 0.699
  [adapt R130 ρ=0.0] delta_z=0.106 0.183 0.113 0.042 0.096 margin_z=0.264 0.351 0.296 0.223 0.251 λ=0.698 0.698 0.699 0.699 0.700
  R130 loss=0.066 acc_main=0.875 acc_oop=0.000 acc_oor=0.000 acc_total=0.875 elapsed=178.6m ETA=27m
  [adapt R135 ρ=0.0] delta_z=0.144 0.154 0.108 0.092 0.108 margin_z=0.247 0.303 0.270 0.220 0.229 λ=0.698 0.698 0.699 0.699 0.699
  [adapt R140 ρ=0.0] delta_z=0.113 0.096 0.096 0.096 0.108 margin_z=0.241 0.278 0.278 0.250 0.226 λ=0.699 0.699 0.699 0.699 0.699
  R140 loss=0.066 acc_main=0.903 acc_oop=0.000 acc_oor=0.000 acc_total=0.903 elapsed=192.3m ETA=14m
  [adapt R145 ρ=0.0] delta_z=0.081 0.117 0.104 0.100 0.133 margin_z=0.185 0.265 0.242 0.210 0.241 λ=0.699 0.699 0.699 0.699 0.699
  [adapt R150 ρ=0.0] delta_z=0.100 0.125 0.054 0.079 0.133 margin_z=0.198 0.262 0.238 0.196 0.235 λ=0.699 0.699 0.699 0.699 0.699
  R150 loss=0.059 acc_main=0.900 acc_oop=0.000 acc_oor=0.000 acc_total=0.900 elapsed=206.3m ETA=0m
  Saved: ./results/e2_temporal/schedule_A/adaptive_splitomc.json

E2 done. Total: 206.4m
