
[1/1] adaptive_splitomc schedule=A
[adaptive_splitomc] Starting adaptive_splitomc with lambda=0.2, big_lambda=0.5
  Clients: 50, ES: 5, Device: cuda:1
  Total rounds: 150, Local epochs: 3
  R  1 loss=0.884 acc_main=0.257 acc_oop=0.000 acc_oor=0.000 acc_total=0.257 elapsed=2.0m ETA=293m
  [adapt R  2 ρ=0.0] delta_z=0.694 0.783 0.892 0.729 0.700 margin_z=0.978 0.986 0.975 0.983 0.951 λ=0.150 0.150 0.150 0.150 0.150
  [adapt R  3 ρ=0.0] delta_z=0.613 0.646 0.738 0.583 0.583 margin_z=0.968 0.974 0.980 0.969 0.912 λ=0.151 0.150 0.151 0.151 0.153
  [adapt R  4 ρ=0.0] delta_z=0.637 0.600 0.542 0.600 0.533 margin_z=0.949 0.957 0.970 0.955 0.902 λ=0.151 0.152 0.153 0.155 0.154
  [adapt R  5 ρ=0.0] delta_z=0.562 0.550 0.458 0.483 0.408 margin_z=0.931 0.935 0.954 0.934 0.859 λ=0.156 0.161 0.170 0.204 0.208
  [adapt R  6 ρ=0.0] delta_z=0.531 0.496 0.450 0.512 0.479 margin_z=0.903 0.915 0.936 0.912 0.850 λ=0.164 0.172 0.175 0.179 0.171
  [adapt R  7 ρ=0.0] delta_z=0.456 0.496 0.458 0.450 0.400 margin_z=0.870 0.903 0.930 0.886 0.815 λ=0.182 0.186 0.187 0.221 0.237
  [adapt R  8 ρ=0.0] delta_z=0.431 0.492 0.392 0.442 0.408 margin_z=0.840 0.896 0.929 0.882 0.804 λ=0.193 0.218 0.213 0.257 0.237
  [adapt R  9 ρ=0.0] delta_z=0.412 0.512 0.433 0.417 0.400 margin_z=0.821 0.866 0.901 0.866 0.770 λ=0.192 0.201 0.199 0.252 0.268
  [adapt R 10 ρ=0.0] delta_z=0.475 0.517 0.433 0.383 0.388 margin_z=0.827 0.877 0.898 0.843 0.743 λ=0.171 0.182 0.210 0.283 0.322
  R 10 loss=0.463 acc_main=0.580 acc_oop=0.000 acc_oor=0.000 acc_total=0.580 elapsed=13.8m ETA=193m
  [adapt R 15 ρ=0.0] delta_z=0.319 0.421 0.375 0.375 0.396 margin_z=0.732 0.823 0.850 0.775 0.652 λ=0.365 0.360 0.310 0.331 0.322
  [adapt R 20 ρ=0.0] delta_z=0.338 0.417 0.333 0.325 0.321 margin_z=0.682 0.760 0.812 0.743 0.588 λ=0.345 0.387 0.400 0.496 0.505
  R 20 loss=0.372 acc_main=0.647 acc_oop=0.000 acc_oor=0.000 acc_total=0.647 elapsed=27.8m ETA=181m
  [adapt R 25 ρ=0.0] delta_z=0.356 0.388 0.312 0.312 0.354 margin_z=0.643 0.718 0.779 0.724 0.599 λ=0.359 0.419 0.463 0.496 0.475
  [adapt R 30 ρ=0.0] delta_z=0.419 0.458 0.346 0.279 0.367 margin_z=0.660 0.745 0.752 0.654 0.530 λ=0.217 0.270 0.391 0.484 0.505
  R 30 loss=0.266 acc_main=0.674 acc_oop=0.000 acc_oor=0.000 acc_total=0.674 elapsed=42.1m ETA=168m
  [adapt R 35 ρ=0.4] delta_z=0.400 0.412 0.358 0.417 0.404 margin_z=0.691 0.735 0.752 0.715 0.566 λ=0.272 0.310 0.296 0.303 0.264
  [adapt R 40 ρ=0.4] delta_z=0.456 0.425 0.467 0.375 0.342 margin_z=0.653 0.700 0.731 0.682 0.570 λ=0.215 0.205 0.242 0.299 0.400
  R 40 loss=0.296 acc_main=0.695 acc_oop=0.570 acc_oor=0.119 acc_total=0.616 elapsed=56.3m ETA=155m
  [adapt R 45 ρ=0.4] delta_z=0.450 0.487 0.500 0.442 0.471 margin_z=0.638 0.690 0.714 0.691 0.611 λ=0.187 0.180 0.181 0.185 0.197
  [adapt R 50 ρ=0.4] delta_z=0.463 0.446 0.362 0.358 0.304 margin_z=0.634 0.719 0.705 0.656 0.572 λ=0.199 0.240 0.313 0.450 0.481
  R 50 loss=0.281 acc_main=0.716 acc_oop=0.553 acc_oor=0.130 acc_total=0.627 elapsed=70.8m ETA=142m
  [adapt R 55 ρ=0.4] delta_z=0.394 0.412 0.433 0.371 0.371 margin_z=0.615 0.667 0.696 0.642 0.546 λ=0.279 0.258 0.274 0.306 0.362
  [adapt R 60 ρ=0.4] delta_z=0.481 0.442 0.450 0.396 0.383 margin_z=0.620 0.678 0.689 0.643 0.555 λ=0.193 0.196 0.231 0.265 0.311
  R 60 loss=0.237 acc_main=0.720 acc_oop=0.600 acc_oor=0.183 acc_total=0.646 elapsed=85.5m ETA=128m
  [adapt R 65 ρ=0.8] delta_z=0.412 0.479 0.450 0.496 0.496 margin_z=0.648 0.687 0.674 0.652 0.546 λ=0.208 0.207 0.182 0.179 0.171
  [adapt R 70 ρ=0.8] delta_z=0.438 0.446 0.504 0.379 0.371 margin_z=0.607 0.667 0.707 0.650 0.591 λ=0.213 0.192 0.212 0.249 0.351
  R 70 loss=0.245 acc_main=0.720 acc_oop=0.588 acc_oor=0.200 acc_total=0.607 elapsed=100.0m ETA=114m
  [adapt R 75 ρ=0.8] delta_z=0.381 0.371 0.400 0.346 0.383 margin_z=0.613 0.646 0.646 0.612 0.569 λ=0.348 0.326 0.358 0.347 0.381
  [adapt R 80 ρ=0.8] delta_z=0.394 0.408 0.446 0.429 0.446 margin_z=0.592 0.653 0.656 0.631 0.586 λ=0.284 0.253 0.233 0.215 0.219
  R 80 loss=0.219 acc_main=0.737 acc_oop=0.607 acc_oor=0.223 acc_total=0.626 elapsed=114.4m ETA=100m
  [adapt R 85 ρ=0.8] delta_z=0.406 0.492 0.525 0.467 0.388 margin_z=0.609 0.673 0.662 0.674 0.591 λ=0.205 0.183 0.171 0.194 0.234
  [adapt R 90 ρ=0.8] delta_z=0.388 0.454 0.408 0.358 0.346 margin_z=0.589 0.652 0.660 0.617 0.526 λ=0.244 0.252 0.271 0.362 0.419
  R 90 loss=0.212 acc_main=0.766 acc_oop=0.582 acc_oor=0.209 acc_total=0.629 elapsed=128.8m ETA=86m
  [adapt R 95 ρ=0.4] delta_z=0.350 0.404 0.400 0.346 0.371 margin_z=0.462 0.549 0.602 0.520 0.468 λ=0.345 0.324 0.328 0.358 0.400
  [adapt R100 ρ=0.4] delta_z=0.406 0.446 0.358 0.333 0.333 margin_z=0.559 0.585 0.576 0.580 0.512 λ=0.236 0.278 0.339 0.450 0.475
  R100 loss=0.169 acc_main=0.796 acc_oop=0.575 acc_oor=0.188 acc_total=0.690 elapsed=143.0m ETA=72m
  [adapt R105 ρ=0.4] delta_z=0.406 0.404 0.367 0.346 0.396 margin_z=0.464 0.521 0.542 0.520 0.491 λ=0.275 0.304 0.358 0.366 0.362
  [adapt R110 ρ=0.4] delta_z=0.412 0.425 0.329 0.321 0.396 margin_z=0.552 0.595 0.539 0.507 0.462 λ=0.248 0.313 0.400 0.429 0.400
  R110 loss=0.149 acc_main=0.801 acc_oop=0.566 acc_oor=0.196 acc_total=0.691 elapsed=156.9m ETA=57m
  [adapt R115 ρ=0.4] delta_z=0.375 0.354 0.338 0.300 0.367 margin_z=0.545 0.566 0.553 0.490 0.420 λ=0.381 0.408 0.484 0.471 0.475
  [adapt R120 ρ=0.4] delta_z=0.331 0.425 0.412 0.325 0.333 margin_z=0.465 0.541 0.553 0.509 0.419 λ=0.342 0.311 0.317 0.404 0.488
  R120 loss=0.138 acc_main=0.806 acc_oop=0.552 acc_oor=0.186 acc_total=0.690 elapsed=171.2m ETA=43m
  [adapt R125 ρ=0.0] delta_z=0.169 0.125 0.079 0.092 0.142 margin_z=0.309 0.340 0.312 0.290 0.287 λ=0.694 0.696 0.698 0.698 0.697
  [adapt R130 ρ=0.0] delta_z=0.113 0.188 0.117 0.067 0.117 margin_z=0.275 0.351 0.311 0.250 0.261 λ=0.694 0.695 0.696 0.698 0.698
  R130 loss=0.067 acc_main=0.876 acc_oop=0.000 acc_oor=0.000 acc_total=0.876 elapsed=184.9m ETA=28m
  [adapt R135 ρ=0.0] delta_z=0.144 0.171 0.138 0.096 0.108 margin_z=0.280 0.326 0.296 0.242 0.251 λ=0.693 0.694 0.695 0.697 0.698
  [adapt R140 ρ=0.0] delta_z=0.131 0.096 0.100 0.125 0.117 margin_z=0.266 0.290 0.295 0.271 0.226 λ=0.697 0.697 0.698 0.697 0.697
  R140 loss=0.066 acc_main=0.907 acc_oop=0.000 acc_oor=0.000 acc_total=0.907 elapsed=198.4m ETA=14m
  [adapt R145 ρ=0.0] delta_z=0.081 0.113 0.096 0.083 0.158 margin_z=0.193 0.265 0.248 0.215 0.255 λ=0.698 0.698 0.698 0.697 0.697
  [adapt R150 ρ=0.0] delta_z=0.125 0.142 0.079 0.054 0.129 margin_z=0.226 0.282 0.251 0.212 0.236 λ=0.696 0.697 0.698 0.698 0.698
  R150 loss=0.055 acc_main=0.904 acc_oop=0.000 acc_oor=0.000 acc_total=0.904 elapsed=212.8m ETA=0m
  Saved: ./results/e2_temporal/schedule_A/adaptive_splitomc.json

E2 done. Total: 212.8m
