
[1/1] adaptive_splitomc spatial=equal_spread
[adaptive_splitomc] Starting adaptive_splitomc with lambda=0.2, big_lambda=0.5
  Clients: 50, ES: 5, Device: cuda:1
  Total rounds: 150, Local epochs: 3
  R  1 loss=0.884 acc_main=0.257 acc_oop=0.130 acc_oor=0.047 acc_total=0.218 elapsed=1.9m ETA=280m
  [adapt R  2 ρ=0.4] H=2.240 2.243 2.239 2.247 2.248 λ=0.360 0.360 0.359 0.359 0.358
  [adapt R  3 ρ=0.4] H=2.120 2.141 2.138 2.147 2.136 λ=0.389 0.389 0.386 0.387 0.386
  [adapt R  4 ρ=0.4] H=2.078 2.084 2.100 2.096 2.090 λ=0.403 0.401 0.399 0.399 0.400
  [adapt R  5 ρ=0.4] H=2.036 2.059 2.050 2.076 2.065 λ=0.412 0.412 0.408 0.408 0.406
  [adapt R  6 ρ=0.4] H=2.017 2.021 2.023 2.073 2.044 λ=0.420 0.419 0.414 0.412 0.409
  [adapt R  7 ρ=0.4] H=1.968 1.994 2.002 2.028 2.041 λ=0.430 0.428 0.423 0.419 0.415
  [adapt R  8 ρ=0.4] H=1.930 1.984 1.979 2.027 2.010 λ=0.437 0.435 0.426 0.424 0.420
  [adapt R  9 ρ=0.4] H=1.918 1.934 1.985 1.993 1.988 λ=0.445 0.440 0.433 0.428 0.428
  [adapt R 10 ρ=0.4] H=1.890 1.929 1.927 1.958 1.929 λ=0.450 0.448 0.442 0.442 0.441
  [adapt R 15 ρ=0.4] H=1.791 1.824 1.857 1.893 1.865 λ=0.477 0.473 0.464 0.460 0.458
  [adapt R 20 ρ=0.4] H=1.716 1.729 1.792 1.796 1.739 λ=0.499 0.493 0.487 0.486 0.488
  R 20 loss=0.315 acc_main=0.654 acc_oop=0.396 acc_oor=0.035 acc_total=0.570 elapsed=27.0m ETA=176m
  [adapt R 25 ρ=0.4] H=1.468 1.624 1.669 1.706 1.668 λ=0.542 0.533 0.513 0.510 0.508
  [adapt R 30 ρ=0.4] H=1.472 1.573 1.604 1.608 1.589 λ=0.547 0.541 0.531 0.529 0.530
  [adapt R 35 ρ=0.4] H=1.384 1.462 1.516 1.563 1.550 λ=0.568 0.562 0.549 0.543 0.540
  [adapt R 40 ρ=0.4] H=1.250 1.436 1.507 1.512 1.462 λ=0.583 0.573 0.555 0.553 0.555
  R 40 loss=0.214 acc_main=0.729 acc_oop=0.377 acc_oor=0.057 acc_total=0.623 elapsed=55.5m ETA=153m
  [adapt R 45 ρ=0.4] H=1.289 1.366 1.406 1.428 1.347 λ=0.586 0.582 0.573 0.574 0.575
  [adapt R 50 ρ=0.4] H=1.256 1.321 1.317 1.365 1.341 λ=0.593 0.592 0.585 0.584 0.582
  [adapt R 55 ρ=0.4] H=1.175 1.329 1.267 1.261 1.229 λ=0.599 0.598 0.594 0.599 0.600
  [adapt R 60 ρ=0.4] H=1.167 1.218 1.217 1.247 1.262 λ=0.609 0.607 0.603 0.601 0.599
  R 60 loss=0.161 acc_main=0.789 acc_oop=0.352 acc_oor=0.068 acc_total=0.654 elapsed=79.0m ETA=119m
  [adapt R 65 ρ=0.4] H=0.991 1.083 1.143 1.220 1.284 λ=0.630 0.626 0.615 0.605 0.599
  [adapt R 70 ρ=0.4] H=0.946 1.151 1.086 1.181 1.202 λ=0.629 0.627 0.617 0.614 0.609
  [adapt R 75 ρ=0.4] H=0.944 1.081 1.167 1.214 1.198 λ=0.633 0.627 0.614 0.609 0.607
  [adapt R 80 ρ=0.4] H=1.094 1.135 1.064 1.164 1.263 λ=0.620 0.622 0.619 0.613 0.606
  R 80 loss=0.126 acc_main=0.836 acc_oop=0.314 acc_oor=0.069 acc_total=0.682 elapsed=106.1m ETA=93m
  [adapt R 85 ρ=0.4] H=0.909 1.055 1.119 1.131 1.151 λ=0.637 0.631 0.622 0.617 0.616
  [adapt R 90 ρ=0.4] H=0.894 1.047 0.989 0.950 0.973 λ=0.638 0.637 0.635 0.638 0.639
  [adapt R 95 ρ=0.4] H=0.840 0.953 1.044 1.059 1.096 λ=0.645 0.640 0.632 0.626 0.625
  [adapt R100 ρ=0.4] H=0.875 0.994 0.935 0.987 1.145 λ=0.642 0.642 0.638 0.632 0.626
  R100 loss=0.103 acc_main=0.856 acc_oop=0.260 acc_oor=0.064 acc_total=0.683 elapsed=133.5m ETA=67m
  [adapt R105 ρ=0.4] H=0.908 1.046 1.049 1.044 1.008 λ=0.637 0.634 0.629 0.630 0.631
  [adapt R110 ρ=0.4] H=0.852 0.972 1.018 0.981 1.092 λ=0.644 0.640 0.636 0.631 0.630
  [adapt R115 ρ=0.4] H=0.826 0.927 0.966 0.956 1.003 λ=0.647 0.645 0.640 0.637 0.637
  [adapt R120 ρ=0.4] H=0.836 0.926 0.970 0.933 0.993 λ=0.647 0.644 0.641 0.638 0.639
  R120 loss=0.086 acc_main=0.875 acc_oop=0.239 acc_oor=0.059 acc_total=0.685 elapsed=161.1m ETA=40m
  [adapt R125 ρ=0.4] H=0.882 0.865 0.912 0.979 1.047 λ=0.648 0.646 0.643 0.637 0.633
  [adapt R130 ρ=0.4] H=0.852 0.828 0.841 0.950 1.001 λ=0.651 0.651 0.648 0.642 0.637
  [adapt R135 ρ=0.4] H=0.656 0.807 0.895 0.969 0.962 λ=0.660 0.655 0.646 0.641 0.638
  [adapt R140 ρ=0.4] H=0.690 0.825 0.959 0.912 0.898 λ=0.658 0.652 0.645 0.643 0.645
  R140 loss=0.075 acc_main=0.900 acc_oop=0.201 acc_oor=0.047 acc_total=0.693 elapsed=190.7m ETA=14m
  [adapt R145 ρ=0.4] H=0.770 0.866 0.815 0.873 0.966 λ=0.653 0.653 0.650 0.647 0.643
  [adapt R150 ρ=0.4] H=0.810 0.857 0.854 0.904 0.950 λ=0.651 0.651 0.648 0.645 0.642
  R150 loss=0.068 acc_main=0.889 acc_oop=0.214 acc_oor=0.047 acc_total=0.688 elapsed=205.0m ETA=0m
  Saved: ./results/e3_spatial/mode_equal_spread/adaptive_splitomc.json

E3 done. Total: 205.1m
