
[1/1] adaptive_splitomc spatial=equal_spread
[adaptive_splitomc] Starting adaptive_splitomc with lambda=0.2, big_lambda=0.5
  Clients: 50, ES: 5, Device: cuda:0
  Total rounds: 150, Local epochs: 3
  R  1 loss=0.884 acc_main=0.258 acc_oop=0.130 acc_oor=0.047 acc_total=0.219 elapsed=1.9m ETA=283m
  [adapt R  2 ρ=0.4] delta_z=0.694 0.787 0.871 0.708 0.625 margin_z=0.977 0.986 0.974 0.983 0.949 λ=0.150 0.150 0.150 0.150 0.150
  [adapt R  3 ρ=0.4] delta_z=0.613 0.679 0.771 0.713 0.650 margin_z=0.968 0.974 0.982 0.976 0.929 λ=0.151 0.150 0.150 0.150 0.150
  [adapt R  4 ρ=0.4] delta_z=0.631 0.588 0.613 0.613 0.546 margin_z=0.949 0.958 0.972 0.953 0.910 λ=0.152 0.152 0.152 0.153 0.153
  [adapt R  5 ρ=0.4] delta_z=0.575 0.596 0.496 0.504 0.467 margin_z=0.931 0.942 0.953 0.924 0.875 λ=0.153 0.156 0.159 0.174 0.176
  [adapt R  6 ρ=0.4] delta_z=0.531 0.508 0.458 0.533 0.483 margin_z=0.903 0.920 0.938 0.920 0.876 λ=0.162 0.169 0.169 0.173 0.166
  [adapt R  7 ρ=0.4] delta_z=0.456 0.512 0.463 0.463 0.358 margin_z=0.870 0.901 0.925 0.897 0.825 λ=0.176 0.181 0.180 0.233 0.264
  [adapt R  8 ρ=0.4] delta_z=0.438 0.567 0.571 0.550 0.521 margin_z=0.840 0.904 0.924 0.880 0.792 λ=0.168 0.161 0.155 0.157 0.159
  [adapt R  9 ρ=0.4] delta_z=0.400 0.492 0.483 0.467 0.367 margin_z=0.824 0.873 0.909 0.878 0.799 λ=0.208 0.195 0.179 0.217 0.252
  [adapt R 10 ρ=0.4] delta_z=0.487 0.521 0.446 0.508 0.438 margin_z=0.825 0.883 0.897 0.860 0.752 λ=0.167 0.176 0.173 0.191 0.184
  [adapt R 15 ρ=0.4] delta_z=0.338 0.446 0.442 0.446 0.317 margin_z=0.731 0.817 0.865 0.829 0.732 λ=0.306 0.268 0.210 0.283 0.333
  [adapt R 20 ρ=0.4] delta_z=0.344 0.433 0.400 0.463 0.487 margin_z=0.713 0.761 0.826 0.774 0.623 λ=0.314 0.304 0.227 0.204 0.182
  R 20 loss=0.374 acc_main=0.628 acc_oop=0.444 acc_oor=0.065 acc_total=0.569 elapsed=27.5m ETA=179m
  [adapt R 25 ρ=0.4] delta_z=0.300 0.412 0.404 0.421 0.342 margin_z=0.620 0.738 0.783 0.732 0.663 λ=0.406 0.358 0.260 0.313 0.333
  [adapt R 30 ρ=0.4] delta_z=0.425 0.492 0.475 0.408 0.438 margin_z=0.678 0.748 0.778 0.718 0.599 λ=0.195 0.191 0.195 0.215 0.241
  [adapt R 35 ρ=0.4] delta_z=0.281 0.412 0.396 0.342 0.325 margin_z=0.576 0.691 0.750 0.733 0.624 λ=0.435 0.385 0.328 0.412 0.475
  [adapt R 40 ρ=0.4] delta_z=0.344 0.438 0.492 0.475 0.483 margin_z=0.603 0.686 0.751 0.730 0.621 λ=0.309 0.239 0.187 0.177 0.180
  R 40 loss=0.288 acc_main=0.676 acc_oop=0.478 acc_oor=0.117 acc_total=0.618 elapsed=55.4m ETA=152m
  [adapt R 45 ρ=0.4] delta_z=0.369 0.362 0.446 0.496 0.487 margin_z=0.568 0.646 0.704 0.661 0.650 λ=0.378 0.304 0.223 0.181 0.173
  [adapt R 50 ρ=0.4] delta_z=0.275 0.371 0.400 0.342 0.312 margin_z=0.530 0.628 0.698 0.663 0.596 λ=0.505 0.429 0.362 0.421 0.494
  [adapt R 55 ρ=0.4] delta_z=0.275 0.388 0.412 0.412 0.500 margin_z=0.510 0.622 0.660 0.629 0.539 λ=0.481 0.400 0.277 0.213 0.197
  [adapt R 60 ρ=0.4] delta_z=0.319 0.383 0.467 0.421 0.454 margin_z=0.557 0.608 0.663 0.638 0.564 λ=0.422 0.311 0.240 0.207 0.219
  R 60 loss=0.222 acc_main=0.716 acc_oop=0.497 acc_oor=0.148 acc_total=0.654 elapsed=82.7m ETA=124m
  [adapt R 65 ρ=0.4] delta_z=0.300 0.367 0.417 0.442 0.442 margin_z=0.438 0.563 0.643 0.632 0.575 λ=0.475 0.391 0.268 0.225 0.213
  [adapt R 70 ρ=0.4] delta_z=0.250 0.362 0.358 0.392 0.392 margin_z=0.446 0.569 0.636 0.615 0.542 λ=0.549 0.503 0.362 0.335 0.306
  [adapt R 75 ρ=0.4] delta_z=0.250 0.300 0.333 0.417 0.508 margin_z=0.462 0.575 0.646 0.615 0.521 λ=0.613 0.576 0.425 0.247 0.192
  [adapt R 80 ρ=0.4] delta_z=0.250 0.283 0.375 0.379 0.471 margin_z=0.427 0.514 0.610 0.598 0.571 λ=0.625 0.557 0.438 0.268 0.237
  R 80 loss=0.157 acc_main=0.787 acc_oop=0.470 acc_oor=0.142 acc_total=0.705 elapsed=110.3m ETA=97m
  [adapt R 85 ρ=0.4] delta_z=0.231 0.362 0.358 0.350 0.421 margin_z=0.393 0.517 0.609 0.593 0.581 λ=0.571 0.521 0.404 0.347 0.322
  [adapt R 90 ρ=0.4] delta_z=0.206 0.279 0.325 0.342 0.396 margin_z=0.393 0.494 0.557 0.525 0.499 λ=0.654 0.620 0.526 0.412 0.369
  [adapt R 95 ρ=0.4] delta_z=0.188 0.237 0.338 0.396 0.446 margin_z=0.396 0.481 0.532 0.515 0.494 λ=0.675 0.642 0.503 0.303 0.244
  [adapt R100 ρ=0.4] delta_z=0.169 0.212 0.258 0.375 0.438 margin_z=0.367 0.449 0.500 0.535 0.476 λ=0.685 0.675 0.601 0.404 0.272
  R100 loss=0.126 acc_main=0.828 acc_oop=0.400 acc_oor=0.124 acc_total=0.719 elapsed=137.5m ETA=69m
  [adapt R105 ρ=0.4] delta_z=0.169 0.246 0.329 0.379 0.400 margin_z=0.366 0.468 0.516 0.508 0.476 λ=0.678 0.648 0.519 0.366 0.311
  [adapt R110 ρ=0.4] delta_z=0.212 0.221 0.263 0.362 0.442 margin_z=0.327 0.419 0.474 0.505 0.528 λ=0.673 0.663 0.601 0.408 0.282
  [adapt R115 ρ=0.4] delta_z=0.119 0.171 0.221 0.287 0.417 margin_z=0.310 0.364 0.448 0.497 0.493 λ=0.694 0.690 0.667 0.544 0.419
  [adapt R120 ρ=0.4] delta_z=0.113 0.183 0.242 0.333 0.371 margin_z=0.267 0.345 0.462 0.476 0.464 λ=0.694 0.688 0.643 0.526 0.419
  R120 loss=0.106 acc_main=0.857 acc_oop=0.340 acc_oor=0.102 acc_total=0.717 elapsed=164.9m ETA=41m
  [adapt R125 ρ=0.4] delta_z=0.138 0.200 0.279 0.358 0.425 margin_z=0.294 0.374 0.467 0.484 0.504 λ=0.690 0.679 0.606 0.412 0.306
  [adapt R130 ρ=0.4] delta_z=0.106 0.200 0.212 0.333 0.383 margin_z=0.253 0.328 0.365 0.472 0.501 λ=0.693 0.689 0.648 0.540 0.400
  [adapt R135 ρ=0.4] delta_z=0.113 0.150 0.200 0.333 0.388 margin_z=0.259 0.310 0.390 0.464 0.454 λ=0.696 0.693 0.666 0.547 0.393
  [adapt R140 ρ=0.4] delta_z=0.131 0.163 0.242 0.308 0.396 margin_z=0.238 0.314 0.408 0.414 0.424 λ=0.694 0.688 0.658 0.526 0.419
  R140 loss=0.082 acc_main=0.883 acc_oop=0.307 acc_oor=0.081 acc_total=0.724 elapsed=190.8m ETA=14m
  [adapt R145 ρ=0.4] delta_z=0.169 0.188 0.208 0.275 0.408 margin_z=0.184 0.267 0.353 0.435 0.479 λ=0.688 0.685 0.669 0.570 0.450
  [adapt R150 ρ=0.4] delta_z=0.100 0.142 0.267 0.346 0.308 margin_z=0.214 0.303 0.386 0.414 0.385 λ=0.697 0.690 0.645 0.547 0.494
  R150 loss=0.077 acc_main=0.874 acc_oop=0.301 acc_oor=0.081 acc_total=0.715 elapsed=203.9m ETA=0m
  Saved: ./results/e3_spatial/mode_equal_spread/adaptive_splitomc.json

E3 done. Total: 204.0m
