
[1/1] adaptive_splitomc spatial=equal_spread
[adaptive_splitomc] Starting adaptive_splitomc with lambda=0.2, big_lambda=0.5
  Clients: 50, ES: 5, Device: cuda:0
  Total rounds: 150, Local epochs: 3
  R  1 loss=0.884 acc_main=0.257 acc_oop=0.130 acc_oor=0.048 acc_total=0.218 elapsed=1.8m ETA=269m
  [adapt R  2 ρ=0.4] delta_z=0.694 0.787 0.871 0.704 0.617 margin_z=0.978 0.986 0.974 0.983 0.949 λ=0.150 0.150 0.150 0.150 0.150
  [adapt R  3 ρ=0.4] delta_z=0.613 0.679 0.783 0.713 0.646 margin_z=0.968 0.974 0.982 0.976 0.929 λ=0.150 0.150 0.150 0.150 0.150
  [adapt R  4 ρ=0.4] delta_z=0.644 0.583 0.604 0.608 0.542 margin_z=0.949 0.957 0.972 0.953 0.909 λ=0.151 0.151 0.151 0.151 0.152
  [adapt R  5 ρ=0.4] delta_z=0.562 0.592 0.500 0.504 0.467 margin_z=0.931 0.942 0.953 0.924 0.875 λ=0.151 0.153 0.154 0.160 0.161
  [adapt R  6 ρ=0.4] delta_z=0.531 0.508 0.450 0.537 0.471 margin_z=0.903 0.921 0.939 0.921 0.877 λ=0.155 0.159 0.158 0.161 0.157
  [adapt R  7 ρ=0.4] delta_z=0.444 0.521 0.454 0.463 0.354 margin_z=0.870 0.902 0.926 0.898 0.826 λ=0.162 0.164 0.163 0.191 0.206
  [adapt R  8 ρ=0.4] delta_z=0.412 0.546 0.550 0.508 0.458 margin_z=0.841 0.904 0.925 0.883 0.800 λ=0.163 0.157 0.154 0.157 0.161
  [adapt R  9 ρ=0.4] delta_z=0.400 0.492 0.479 0.467 0.371 margin_z=0.823 0.872 0.909 0.878 0.798 λ=0.176 0.170 0.163 0.180 0.195
  [adapt R 10 ρ=0.4] delta_z=0.444 0.496 0.454 0.463 0.321 margin_z=0.827 0.884 0.898 0.864 0.760 λ=0.165 0.167 0.165 0.201 0.227
  [adapt R 15 ρ=0.4] delta_z=0.344 0.442 0.433 0.454 0.321 margin_z=0.733 0.818 0.866 0.828 0.731 λ=0.226 0.208 0.177 0.212 0.233
  [adapt R 20 ρ=0.4] delta_z=0.325 0.412 0.354 0.400 0.408 margin_z=0.718 0.767 0.830 0.783 0.648 λ=0.267 0.278 0.231 0.233 0.210
  R 20 loss=0.396 acc_main=0.630 acc_oop=0.445 acc_oor=0.066 acc_total=0.570 elapsed=28.1m ETA=183m
  [adapt R 25 ρ=0.4] delta_z=0.294 0.404 0.379 0.375 0.308 margin_z=0.628 0.742 0.784 0.733 0.667 λ=0.313 0.288 0.236 0.300 0.332
  [adapt R 30 ρ=0.4] delta_z=0.406 0.483 0.475 0.400 0.412 margin_z=0.684 0.752 0.782 0.726 0.613 λ=0.176 0.171 0.172 0.186 0.208
  [adapt R 35 ρ=0.4] delta_z=0.263 0.375 0.362 0.317 0.254 margin_z=0.593 0.703 0.754 0.739 0.634 λ=0.398 0.355 0.307 0.422 0.498
  [adapt R 40 ρ=0.4] delta_z=0.325 0.433 0.496 0.483 0.458 margin_z=0.611 0.691 0.752 0.732 0.627 λ=0.247 0.196 0.165 0.163 0.165
  R 40 loss=0.294 acc_main=0.672 acc_oop=0.483 acc_oor=0.122 acc_total=0.617 elapsed=56.2m ETA=154m
  [adapt R 45 ρ=0.4] delta_z=0.381 0.367 0.446 0.479 0.458 margin_z=0.580 0.662 0.715 0.666 0.655 λ=0.257 0.218 0.185 0.168 0.166
  [adapt R 50 ρ=0.4] delta_z=0.281 0.379 0.362 0.329 0.300 margin_z=0.557 0.648 0.709 0.670 0.600 λ=0.364 0.334 0.293 0.363 0.411
  [adapt R 55 ρ=0.4] delta_z=0.269 0.388 0.412 0.421 0.463 margin_z=0.533 0.637 0.669 0.639 0.549 λ=0.370 0.295 0.207 0.184 0.178
  [adapt R 60 ρ=0.4] delta_z=0.338 0.383 0.450 0.354 0.375 margin_z=0.586 0.631 0.678 0.644 0.580 λ=0.285 0.229 0.221 0.225 0.276
  R 60 loss=0.250 acc_main=0.714 acc_oop=0.503 acc_oor=0.151 acc_total=0.652 elapsed=83.4m ETA=125m
  [adapt R 65 ρ=0.4] delta_z=0.212 0.342 0.425 0.446 0.463 margin_z=0.497 0.607 0.657 0.639 0.575 λ=0.521 0.375 0.210 0.176 0.171
  [adapt R 70 ρ=0.4] delta_z=0.275 0.371 0.338 0.362 0.358 margin_z=0.486 0.595 0.662 0.635 0.559 λ=0.386 0.371 0.293 0.303 0.285
  [adapt R 75 ρ=0.4] delta_z=0.281 0.350 0.350 0.425 0.512 margin_z=0.517 0.625 0.675 0.629 0.532 λ=0.408 0.373 0.255 0.186 0.166
  [adapt R 80 ρ=0.4] delta_z=0.269 0.308 0.404 0.408 0.479 margin_z=0.483 0.573 0.655 0.612 0.588 λ=0.489 0.373 0.258 0.185 0.177
  R 80 loss=0.186 acc_main=0.756 acc_oop=0.510 acc_oor=0.172 acc_total=0.693 elapsed=110.3m ETA=97m
  [adapt R 85 ρ=0.4] delta_z=0.275 0.408 0.383 0.358 0.433 margin_z=0.444 0.566 0.641 0.610 0.594 λ=0.332 0.297 0.240 0.227 0.221
  [adapt R 90 ρ=0.4] delta_z=0.281 0.358 0.358 0.338 0.379 margin_z=0.484 0.591 0.614 0.545 0.516 λ=0.395 0.357 0.307 0.290 0.290
  [adapt R 95 ρ=0.4] delta_z=0.250 0.317 0.392 0.375 0.383 margin_z=0.434 0.532 0.605 0.562 0.511 λ=0.504 0.396 0.284 0.240 0.247
  [adapt R100 ρ=0.4] delta_z=0.231 0.287 0.329 0.404 0.404 margin_z=0.421 0.528 0.582 0.575 0.497 λ=0.565 0.506 0.336 0.247 0.210
  R100 loss=0.155 acc_main=0.791 acc_oop=0.493 acc_oor=0.172 acc_total=0.718 elapsed=141.4m ETA=71m
  [adapt R105 ρ=0.4] delta_z=0.256 0.308 0.296 0.333 0.379 margin_z=0.476 0.586 0.595 0.549 0.500 λ=0.507 0.494 0.417 0.347 0.295
  [adapt R110 ρ=0.4] delta_z=0.256 0.279 0.304 0.412 0.450 margin_z=0.365 0.485 0.545 0.544 0.546 λ=0.545 0.514 0.359 0.231 0.185
  [adapt R115 ρ=0.4] delta_z=0.169 0.196 0.275 0.367 0.412 margin_z=0.362 0.449 0.545 0.562 0.523 λ=0.670 0.643 0.516 0.307 0.230
  [adapt R120 ρ=0.4] delta_z=0.175 0.246 0.354 0.388 0.358 margin_z=0.308 0.446 0.576 0.556 0.492 λ=0.646 0.568 0.367 0.272 0.259
  R120 loss=0.144 acc_main=0.809 acc_oop=0.461 acc_oor=0.170 acc_total=0.721 elapsed=169.5m ETA=42m
  [adapt R125 ρ=0.4] delta_z=0.156 0.237 0.375 0.388 0.412 margin_z=0.340 0.420 0.521 0.517 0.522 λ=0.659 0.572 0.355 0.227 0.216
  [adapt R130 ρ=0.4] delta_z=0.119 0.229 0.287 0.412 0.383 margin_z=0.285 0.372 0.433 0.519 0.512 λ=0.674 0.644 0.426 0.284 0.218
  [adapt R135 ρ=0.4] delta_z=0.150 0.200 0.287 0.358 0.358 margin_z=0.317 0.384 0.492 0.539 0.490 λ=0.674 0.643 0.508 0.351 0.290
  [adapt R140 ρ=0.4] delta_z=0.131 0.208 0.329 0.329 0.379 margin_z=0.256 0.366 0.498 0.493 0.466 λ=0.677 0.631 0.488 0.321 0.300
  R140 loss=0.115 acc_main=0.853 acc_oop=0.415 acc_oor=0.138 acc_total=0.740 elapsed=196.4m ETA=14m
  [adapt R145 ρ=0.4] delta_z=0.113 0.196 0.275 0.350 0.379 margin_z=0.200 0.297 0.428 0.513 0.519 λ=0.683 0.661 0.531 0.351 0.276
  [adapt R150 ρ=0.4] delta_z=0.119 0.192 0.283 0.350 0.250 margin_z=0.241 0.333 0.459 0.474 0.431 λ=0.683 0.658 0.527 0.472 0.455
  R150 loss=0.101 acc_main=0.859 acc_oop=0.367 acc_oor=0.116 acc_total=0.726 elapsed=208.1m ETA=0m
  Saved: ./results/e3_spatial/mode_equal_spread/adaptive_splitomc.json

E3 done. Total: 208.2m
