
[1/1] adaptive_splitomc_mob (mobility)
[adaptive_splitomc_mob] Starting adaptive_splitomc with lambda=0.2, big_lambda=0.5
  Clients: 50, ES: 5, Device: cuda:1
  Total rounds: 150, Local epochs: 3
  R  1 loss=0.884 acc_main=0.258 acc_oop=0.161 acc_oor=0.048 acc_total=0.216 elapsed=1.9m ETA=276m
  [adapt R  2 ρ=0.4] delta_z=0.731 0.833 0.879 0.754 0.650 margin_z=0.978 0.985 0.974 0.984 0.949 λ=0.150 0.150 0.150 0.150 0.150
  [adapt R  3 ρ=0.4] delta_z=0.675 0.700 0.779 0.658 0.621 margin_z=0.967 0.974 0.981 0.973 0.923 λ=0.150 0.150 0.150 0.150 0.150
  [adapt R  4 ρ=0.4] delta_z=0.662 0.679 0.642 0.592 0.579 margin_z=0.951 0.961 0.973 0.955 0.906 λ=0.150 0.150 0.150 0.151 0.151
  [adapt R  5 ρ=0.4] delta_z=0.618 0.621 0.766 0.660 0.728 margin_z=0.941 0.928 0.951 0.920 0.915 λ=0.151 0.150 0.150 0.150 0.150
  [adapt R  6 ρ=0.4] delta_z=0.478 0.598 0.695 0.565 0.685 margin_z=0.874 0.898 0.944 0.895 0.923 λ=0.153 0.151 0.151 0.150 0.150
  [adapt R  7 ρ=0.4] delta_z=0.430 0.465 0.570 0.514 0.565 margin_z=0.855 0.869 0.916 0.870 0.899 λ=0.175 0.160 0.156 0.153 0.153
  [adapt R  8 ρ=0.4] delta_z=0.441 0.484 0.602 0.519 0.596 margin_z=0.855 0.867 0.923 0.869 0.902 λ=0.168 0.157 0.154 0.152 0.152
  [adapt R  9 ρ=0.4] delta_z=0.452 0.504 0.586 0.486 0.551 margin_z=0.845 0.854 0.904 0.854 0.881 λ=0.163 0.156 0.155 0.153 0.155
  [adapt R 10 ρ=0.4] delta_z=0.411 0.473 0.548 0.435 0.484 margin_z=0.803 0.823 0.896 0.847 0.893 λ=0.178 0.163 0.161 0.160 0.169
  R 10 loss=0.493 acc_main=0.471 acc_oop=0.400 acc_oor=0.193 acc_total=0.431 elapsed=16.2m ETA=227m
  [adapt R 15 ρ=0.4] delta_z=0.378 0.396 0.491 0.432 0.518 margin_z=0.776 0.808 0.855 0.807 0.853 λ=0.234 0.192 0.179 0.162 0.164
  [adapt R 20 ρ=0.4] delta_z=0.352 0.397 0.461 0.375 0.427 margin_z=0.763 0.770 0.822 0.781 0.813 λ=0.256 0.211 0.202 0.193 0.215
  R 20 loss=0.420 acc_main=0.549 acc_oop=0.455 acc_oor=0.244 acc_total=0.500 elapsed=32.5m ETA=211m
  [adapt R 25 ρ=0.4] delta_z=0.338 0.480 0.457 0.361 0.384 margin_z=0.741 0.768 0.804 0.764 0.796 λ=0.204 0.189 0.184 0.215 0.260
  [adapt R 30 ρ=0.4] delta_z=0.375 0.426 0.405 0.399 0.394 margin_z=0.733 0.759 0.764 0.747 0.761 λ=0.215 0.213 0.204 0.216 0.220
  R 30 loss=0.367 acc_main=0.604 acc_oop=0.499 acc_oor=0.287 acc_total=0.551 elapsed=48.9m ETA=196m
  [adapt R 35 ρ=0.4] delta_z=0.365 0.452 0.459 0.380 0.427 margin_z=0.706 0.763 0.774 0.700 0.747 λ=0.205 0.189 0.185 0.192 0.211
  [adapt R 40 ρ=0.4] delta_z=0.370 0.455 0.480 0.375 0.427 margin_z=0.727 0.724 0.724 0.702 0.714 λ=0.201 0.182 0.181 0.188 0.214
  R 40 loss=0.319 acc_main=0.625 acc_oop=0.516 acc_oor=0.285 acc_total=0.570 elapsed=65.4m ETA=180m
  [adapt R 45 ρ=0.4] delta_z=0.381 0.448 0.497 0.458 0.449 margin_z=0.667 0.709 0.752 0.703 0.705 λ=0.199 0.178 0.166 0.166 0.172
  [adapt R 50 ρ=0.4] delta_z=0.409 0.414 0.369 0.372 0.359 margin_z=0.661 0.707 0.703 0.685 0.696 λ=0.202 0.219 0.237 0.271 0.274
  R 50 loss=0.299 acc_main=0.659 acc_oop=0.533 acc_oor=0.317 acc_total=0.599 elapsed=81.9m ETA=164m
  [adapt R 55 ρ=0.4] delta_z=0.362 0.441 0.414 0.435 0.433 margin_z=0.628 0.671 0.663 0.677 0.694 λ=0.213 0.209 0.186 0.188 0.183
  [adapt R 60 ρ=0.4] delta_z=0.426 0.447 0.441 0.440 0.440 margin_z=0.607 0.641 0.662 0.670 0.685 λ=0.181 0.180 0.177 0.179 0.179
  R 60 loss=0.261 acc_main=0.667 acc_oop=0.559 acc_oor=0.344 acc_total=0.613 elapsed=98.6m ETA=148m
  [adapt R 65 ρ=0.4] delta_z=0.341 0.337 0.366 0.367 0.354 margin_z=0.607 0.654 0.663 0.634 0.649 λ=0.340 0.316 0.294 0.281 0.285
  [adapt R 70 ρ=0.4] delta_z=0.352 0.414 0.429 0.451 0.431 margin_z=0.603 0.619 0.640 0.673 0.671 λ=0.240 0.218 0.185 0.181 0.179
  R 70 loss=0.245 acc_main=0.667 acc_oop=0.552 acc_oor=0.351 acc_total=0.611 elapsed=115.5m ETA=132m
  [adapt R 75 ρ=0.4] delta_z=0.267 0.357 0.372 0.344 0.352 margin_z=0.615 0.649 0.650 0.633 0.640 λ=0.419 0.359 0.292 0.296 0.316
  [adapt R 80 ρ=0.4] delta_z=0.401 0.419 0.401 0.451 0.405 margin_z=0.613 0.638 0.663 0.644 0.652 λ=0.204 0.207 0.191 0.195 0.187
  R 80 loss=0.226 acc_main=0.666 acc_oop=0.552 acc_oor=0.366 acc_total=0.612 elapsed=132.6m ETA=116m
  [adapt R 85 ρ=0.4] delta_z=0.370 0.335 0.386 0.420 0.391 margin_z=0.573 0.601 0.639 0.611 0.627 λ=0.305 0.278 0.246 0.217 0.209
  [adapt R 90 ρ=0.4] delta_z=0.326 0.342 0.375 0.369 0.371 margin_z=0.595 0.599 0.619 0.640 0.631 λ=0.353 0.316 0.282 0.261 0.264
  R 90 loss=0.217 acc_main=0.716 acc_oop=0.541 acc_oor=0.366 acc_total=0.642 elapsed=153.1m ETA=102m
  [adapt R 95 ρ=0.4] delta_z=0.382 0.354 0.369 0.395 0.385 margin_z=0.590 0.550 0.582 0.600 0.602 λ=0.269 0.268 0.259 0.241 0.230
  [adapt R100 ρ=0.4] delta_z=0.382 0.354 0.402 0.403 0.400 margin_z=0.558 0.558 0.624 0.634 0.640 λ=0.269 0.247 0.235 0.214 0.214
  R100 loss=0.197 acc_main=0.705 acc_oop=0.548 acc_oor=0.387 acc_total=0.638 elapsed=169.3m ETA=85m
  [adapt R105 ρ=0.4] delta_z=0.368 0.344 0.348 0.400 0.386 margin_z=0.536 0.496 0.566 0.627 0.616 λ=0.296 0.302 0.277 0.249 0.225
  [adapt R110 ρ=0.4] delta_z=0.389 0.380 0.432 0.355 0.379 margin_z=0.573 0.555 0.610 0.609 0.609 λ=0.238 0.215 0.231 0.232 0.271
  R110 loss=0.181 acc_main=0.718 acc_oop=0.551 acc_oor=0.394 acc_total=0.649 elapsed=185.7m ETA=68m
  [adapt R115 ρ=0.4] delta_z=0.312 0.339 0.406 0.370 0.404 margin_z=0.527 0.587 0.630 0.593 0.621 λ=0.377 0.304 0.261 0.224 0.234
  [adapt R120 ρ=0.4] delta_z=0.398 0.383 0.391 0.420 0.414 margin_z=0.535 0.539 0.601 0.586 0.597 λ=0.228 0.228 0.218 0.206 0.197
  R120 loss=0.167 acc_main=0.721 acc_oop=0.570 acc_oor=0.419 acc_total=0.658 elapsed=201.9m ETA=50m
  [adapt R125 ρ=0.4] delta_z=0.281 0.366 0.394 0.367 0.392 margin_z=0.538 0.567 0.602 0.541 0.578 λ=0.384 0.318 0.254 0.238 0.246
  [adapt R130 ρ=0.4] delta_z=0.299 0.333 0.441 0.325 0.385 margin_z=0.523 0.566 0.598 0.547 0.585 λ=0.407 0.292 0.272 0.240 0.298
  R130 loss=0.170 acc_main=0.743 acc_oop=0.547 acc_oor=0.405 acc_total=0.665 elapsed=218.2m ETA=34m
  [adapt R135 ρ=0.4] delta_z=0.383 0.383 0.451 0.378 0.383 margin_z=0.592 0.557 0.584 0.566 0.571 λ=0.241 0.209 0.211 0.211 0.246
  [adapt R140 ρ=0.4] delta_z=0.268 0.360 0.427 0.333 0.390 margin_z=0.580 0.555 0.576 0.575 0.598 λ=0.413 0.306 0.258 0.240 0.283
  R140 loss=0.157 acc_main=0.753 acc_oop=0.548 acc_oor=0.400 acc_total=0.671 elapsed=234.0m ETA=17m
  [adapt R145 ρ=0.4] delta_z=0.406 0.391 0.444 0.361 0.387 margin_z=0.506 0.521 0.546 0.550 0.574 λ=0.218 0.200 0.217 0.219 0.257
  [adapt R150 ρ=0.4] delta_z=0.278 0.384 0.403 0.352 0.379 margin_z=0.513 0.553 0.569 0.532 0.556 λ=0.362 0.298 0.247 0.250 0.274
  R150 loss=0.145 acc_main=0.767 acc_oop=0.547 acc_oor=0.413 acc_total=0.681 elapsed=249.4m ETA=0m
  Saved: ./results/e4_mobility/adaptive_splitomc_mob.json

E4 done. Total: 249.4m
