
[1/1] adaptive_splitomc_mob (mobility)
[adaptive_splitomc_mob] Starting adaptive_splitomc with lambda=0.2, big_lambda=0.5
  Clients: 50, ES: 5, Device: cuda:1
  Total rounds: 150, Local epochs: 3
  R  1 loss=0.884 acc_main=0.257 acc_oop=0.160 acc_oor=0.049 acc_total=0.215 elapsed=1.8m ETA=272m
  [adapt R  2 ρ=0.4] H=2.239 2.242 2.240 2.246 2.245 λ=0.360 0.360 0.360 0.359 0.359
  [adapt R  3 ρ=0.4] H=2.136 2.137 2.136 2.147 2.143 λ=0.388 0.388 0.387 0.386 0.385
  [adapt R  4 ρ=0.4] H=2.102 2.098 2.103 2.097 2.094 λ=0.397 0.397 0.398 0.398 0.399
  [adapt R  5 ρ=0.4] H=2.065 2.060 2.058 2.058 2.057 λ=0.408 0.408 0.409 0.409 0.409
  [adapt R  6 ρ=0.4] H=2.072 2.084 2.076 2.066 2.073 λ=0.404 0.404 0.404 0.405 0.406
  [adapt R  7 ρ=0.4] H=2.035 2.056 2.044 2.045 2.062 λ=0.413 0.413 0.412 0.411 0.410
  [adapt R  8 ρ=0.4] H=2.024 2.041 2.040 2.039 2.052 λ=0.416 0.415 0.414 0.413 0.412
  [adapt R  9 ρ=0.4] H=2.003 2.021 2.017 2.017 2.029 λ=0.422 0.421 0.420 0.419 0.419
  [adapt R 10 ρ=0.4] H=1.971 2.022 2.003 1.978 2.007 λ=0.426 0.425 0.425 0.426 0.427
  R 10 loss=0.406 acc_main=0.503 acc_oop=0.367 acc_oor=0.182 acc_total=0.442 elapsed=15.6m ETA=218m
  [adapt R 15 ρ=0.4] H=1.882 1.917 1.950 1.914 1.966 λ=0.453 0.448 0.445 0.441 0.441
  [adapt R 20 ρ=0.4] H=1.802 1.842 1.857 1.816 1.834 λ=0.473 0.470 0.469 0.470 0.473
  R 20 loss=0.331 acc_main=0.578 acc_oop=0.411 acc_oor=0.213 acc_total=0.506 elapsed=31.5m ETA=205m
  [adapt R 25 ρ=0.4] H=1.698 1.725 1.783 1.765 1.812 λ=0.502 0.496 0.490 0.483 0.482
  [adapt R 30 ρ=0.4] H=1.654 1.640 1.659 1.699 1.711 λ=0.518 0.517 0.514 0.508 0.504
  R 30 loss=0.279 acc_main=0.644 acc_oop=0.426 acc_oor=0.225 acc_total=0.553 elapsed=47.5m ETA=190m
  [adapt R 35 ρ=0.4] H=1.524 1.665 1.646 1.542 1.622 λ=0.531 0.527 0.525 0.529 0.534
  [adapt R 40 ρ=0.4] H=1.503 1.441 1.486 1.413 1.470 λ=0.558 0.557 0.563 0.561 0.564
  R 40 loss=0.230 acc_main=0.671 acc_oop=0.392 acc_oor=0.190 acc_total=0.560 elapsed=62.4m ETA=172m
  [adapt R 45 ρ=0.4] H=1.391 1.487 1.545 1.386 1.434 λ=0.565 0.558 0.558 0.562 0.571
  [adapt R 50 ρ=0.4] H=1.321 1.435 1.393 1.261 1.307 λ=0.577 0.576 0.580 0.588 0.594
  R 50 loss=0.197 acc_main=0.724 acc_oop=0.409 acc_oor=0.220 acc_total=0.601 elapsed=78.5m ETA=157m
  [adapt R 55 ρ=0.4] H=1.286 1.362 1.348 1.307 1.348 λ=0.587 0.586 0.584 0.585 0.586
  [adapt R 60 ρ=0.4] H=1.198 1.288 1.360 1.293 1.345 λ=0.601 0.594 0.589 0.585 0.588
  R 60 loss=0.173 acc_main=0.742 acc_oop=0.374 acc_oor=0.199 acc_total=0.603 elapsed=94.6m ETA=142m
  [adapt R 65 ρ=0.4] H=1.215 1.307 1.314 1.178 1.202 λ=0.598 0.595 0.597 0.603 0.609
  [adapt R 70 ρ=0.4] H=1.116 1.199 1.198 1.204 1.205 λ=0.614 0.612 0.608 0.607 0.607
  R 70 loss=0.153 acc_main=0.760 acc_oop=0.344 acc_oor=0.198 acc_total=0.606 elapsed=110.4m ETA=126m
  [adapt R 75 ρ=0.4] H=1.168 1.309 1.324 1.178 1.203 λ=0.602 0.597 0.596 0.602 0.609
