
[1/1] E5-signal disagreement_margin  adaptive-overrides={'signal_mode': 'disagreement', 'beta_margin': 0.5}
   mu_drift=0.31 tau_drift=0.045 mu_H=2.0 tau_H=0.5
[disagreement_margin] Starting adaptive_splitomc with lambda=0.2, big_lambda=0.5
  Clients: 50, ES: 5, Device: cuda:0
  Total rounds: 150, Local epochs: 3
  R  1 loss=0.884 acc_main=0.257 acc_oop=0.000 acc_oor=0.000 acc_total=0.257 elapsed=1.8m ETA=268m
  [adapt R  2 ρ=0.0] delta_z=0.694 0.787 0.896 0.733 0.700 margin_z=0.978 0.986 0.975 0.983 0.952 λ=0.150 0.150 0.150 0.150 0.150
  [adapt R  3 ρ=0.0] delta_z=0.613 0.642 0.733 0.583 0.583 margin_z=0.968 0.974 0.980 0.969 0.912 λ=0.150 0.150 0.150 0.150 0.150
  [adapt R  4 ρ=0.0] delta_z=0.631 0.600 0.542 0.604 0.533 margin_z=0.949 0.957 0.970 0.955 0.902 λ=0.150 0.150 0.150 0.150 0.150
  [adapt R  5 ρ=0.0] delta_z=0.556 0.537 0.454 0.492 0.400 margin_z=0.930 0.935 0.954 0.934 0.859 λ=0.150 0.150 0.150 0.150 0.150
  [adapt R  6 ρ=0.0] delta_z=0.525 0.487 0.429 0.487 0.408 margin_z=0.903 0.916 0.938 0.914 0.856 λ=0.150 0.150 0.150 0.150 0.150
  [adapt R  7 ρ=0.0] delta_z=0.444 0.487 0.450 0.433 0.379 margin_z=0.870 0.905 0.932 0.888 0.817 λ=0.150 0.150 0.150 0.150 0.150
  [adapt R  8 ρ=0.0] delta_z=0.412 0.483 0.392 0.429 0.358 margin_z=0.843 0.898 0.931 0.887 0.818 λ=0.150 0.150 0.150 0.150 0.150
  [adapt R  9 ρ=0.0] delta_z=0.400 0.487 0.458 0.425 0.321 margin_z=0.824 0.871 0.907 0.875 0.787 λ=0.150 0.150 0.150 0.150 0.150
  [adapt R 10 ρ=0.0] delta_z=0.406 0.467 0.425 0.392 0.346 margin_z=0.829 0.881 0.902 0.851 0.764 λ=0.150 0.150 0.150 0.150 0.150
  R 10 loss=0.489 acc_main=0.571 acc_oop=0.000 acc_oor=0.000 acc_total=0.571 elapsed=14.6m ETA=204m
  [adapt R 15 ρ=0.0] delta_z=0.300 0.408 0.371 0.342 0.250 margin_z=0.737 0.829 0.862 0.799 0.712 λ=0.150 0.150 0.150 0.150 0.150
  [adapt R 20 ρ=0.0] delta_z=0.294 0.379 0.329 0.296 0.221 margin_z=0.713 0.780 0.824 0.758 0.621 λ=0.150 0.150 0.150 0.150 0.151
  R 20 loss=0.419 acc_main=0.625 acc_oop=0.000 acc_oor=0.000 acc_total=0.625 elapsed=28.7m ETA=187m
  [adapt R 25 ρ=0.0] delta_z=0.287 0.317 0.296 0.279 0.258 margin_z=0.673 0.747 0.827 0.770 0.667 λ=0.150 0.150 0.150 0.150 0.150
  [adapt R 30 ρ=0.0] delta_z=0.294 0.379 0.308 0.250 0.242 margin_z=0.696 0.782 0.793 0.728 0.611 λ=0.150 0.150 0.150 0.151 0.151
  R 30 loss=0.370 acc_main=0.654 acc_oop=0.000 acc_oor=0.000 acc_total=0.654 elapsed=42.8m ETA=171m
  [adapt R 35 ρ=0.4] delta_z=0.338 0.375 0.342 0.371 0.296 margin_z=0.709 0.747 0.763 0.734 0.616 λ=0.150 0.150 0.150 0.150 0.150
  [adapt R 40 ρ=0.4] delta_z=0.338 0.354 0.371 0.350 0.229 margin_z=0.684 0.724 0.748 0.701 0.600 λ=0.150 0.150 0.150 0.150 0.151
  R 40 loss=0.335 acc_main=0.683 acc_oop=0.596 acc_oor=0.156 acc_total=0.618 elapsed=55.8m ETA=153m
  [adapt R 45 ρ=0.4] delta_z=0.319 0.404 0.429 0.392 0.333 margin_z=0.654 0.706 0.731 0.709 0.648 λ=0.150 0.150 0.150 0.150 0.150
  [adapt R 50 ρ=0.4] delta_z=0.394 0.442 0.346 0.308 0.267 margin_z=0.641 0.721 0.707 0.670 0.596 λ=0.150 0.150 0.150 0.150 0.151
  R 50 loss=0.301 acc_main=0.692 acc_oop=0.605 acc_oor=0.179 acc_total=0.628 elapsed=69.9m ETA=140m
  [adapt R 55 ρ=0.4] delta_z=0.281 0.375 0.408 0.338 0.321 margin_z=0.652 0.689 0.703 0.655 0.582 λ=0.150 0.150 0.150 0.150 0.150
  [adapt R 60 ρ=0.4] delta_z=0.381 0.417 0.388 0.362 0.287 margin_z=0.633 0.686 0.707 0.657 0.589 λ=0.150 0.150 0.150 0.150 0.150
  R 60 loss=0.275 acc_main=0.709 acc_oop=0.625 acc_oor=0.228 acc_total=0.649 elapsed=84.1m ETA=126m
  [adapt R 65 ρ=0.8] delta_z=0.431 0.458 0.388 0.371 0.350 margin_z=0.652 0.693 0.684 0.663 0.583 λ=0.150 0.150 0.150 0.150 0.150
  [adapt R 70 ρ=0.8] delta_z=0.431 0.433 0.508 0.429 0.321 margin_z=0.627 0.672 0.707 0.655 0.603 λ=0.150 0.150 0.150 0.150 0.150
  R 70 loss=0.255 acc_main=0.707 acc_oop=0.616 acc_oor=0.240 acc_total=0.616 elapsed=99.2m ETA=113m
  [adapt R 75 ρ=0.8] delta_z=0.406 0.375 0.379 0.300 0.362 margin_z=0.615 0.649 0.652 0.615 0.572 λ=0.150 0.150 0.150 0.150 0.150
  [adapt R 80 ρ=0.8] delta_z=0.412 0.433 0.450 0.375 0.342 margin_z=0.602 0.662 0.664 0.647 0.621 λ=0.150 0.150 0.150 0.150 0.150
  R 80 loss=0.239 acc_main=0.720 acc_oop=0.628 acc_oor=0.260 acc_total=0.630 elapsed=113.5m ETA=99m
  [adapt R 85 ρ=0.8] delta_z=0.425 0.467 0.487 0.471 0.375 margin_z=0.621 0.675 0.663 0.671 0.598 λ=0.150 0.150 0.150 0.150 0.150
  [adapt R 90 ρ=0.8] delta_z=0.400 0.467 0.412 0.388 0.338 margin_z=0.602 0.655 0.673 0.623 0.546 λ=0.150 0.150 0.150 0.150 0.150
  R 90 loss=0.221 acc_main=0.733 acc_oop=0.634 acc_oor=0.269 acc_total=0.640 elapsed=128.0m ETA=85m
  [adapt R 95 ρ=0.4] delta_z=0.319 0.354 0.383 0.275 0.292 margin_z=0.504 0.583 0.640 0.563 0.512 λ=0.151 0.150 0.150 0.151 0.153
  [adapt R100 ρ=0.4] delta_z=0.362 0.367 0.379 0.383 0.362 margin_z=0.576 0.611 0.633 0.631 0.575 λ=0.150 0.150 0.150 0.150 0.150
  R100 loss=0.210 acc_main=0.745 acc_oop=0.643 acc_oor=0.282 acc_total=0.681 elapsed=142.3m ETA=71m
  [adapt R105 ρ=0.4] delta_z=0.412 0.400 0.375 0.325 0.338 margin_z=0.557 0.589 0.606 0.596 0.550 λ=0.150 0.150 0.150 0.150 0.151
  [adapt R110 ρ=0.4] delta_z=0.425 0.412 0.317 0.333 0.321 margin_z=0.589 0.631 0.601 0.588 0.534 λ=0.150 0.150 0.150 0.151 0.151
  R110 loss=0.196 acc_main=0.746 acc_oop=0.644 acc_oor=0.297 acc_total=0.684 elapsed=156.5m ETA=57m
  [adapt R115 ρ=0.4] delta_z=0.400 0.367 0.354 0.321 0.321 margin_z=0.582 0.606 0.619 0.569 0.530 λ=0.150 0.150 0.150 0.151 0.151
  [adapt R120 ρ=0.4] delta_z=0.375 0.425 0.379 0.296 0.263 margin_z=0.525 0.598 0.609 0.563 0.499 λ=0.150 0.150 0.150 0.151 0.153
  R120 loss=0.183 acc_main=0.752 acc_oop=0.643 acc_oor=0.302 acc_total=0.688 elapsed=170.4m ETA=43m
  [adapt R125 ρ=0.0] delta_z=0.312 0.346 0.292 0.254 0.250 margin_z=0.513 0.562 0.583 0.515 0.469 λ=0.151 0.151 0.152 0.154 0.158
  [adapt R130 ρ=0.0] delta_z=0.212 0.317 0.263 0.225 0.229 margin_z=0.504 0.553 0.575 0.490 0.466 λ=0.154 0.154 0.153 0.159 0.167
  R130 loss=0.174 acc_main=0.762 acc_oop=0.000 acc_oor=0.000 acc_total=0.762 elapsed=184.3m ETA=28m
  [adapt R135 ρ=0.0] delta_z=0.287 0.317 0.250 0.237 0.200 margin_z=0.519 0.560 0.542 0.496 0.448 λ=0.152 0.152 0.154 0.163 0.171
  [adapt R140 ρ=0.0] delta_z=0.281 0.300 0.258 0.258 0.229 margin_z=0.499 0.537 0.545 0.488 0.434 λ=0.153 0.153 0.154 0.159 0.164
  R140 loss=0.166 acc_main=0.763 acc_oop=0.000 acc_oor=0.000 acc_total=0.763 elapsed=198.2m ETA=14m
  [adapt R145 ρ=0.0] delta_z=0.269 0.296 0.258 0.242 0.225 margin_z=0.484 0.532 0.542 0.472 0.415 λ=0.154 0.154 0.155 0.162 0.171
  [adapt R150 ρ=0.0] delta_z=0.300 0.325 0.225 0.212 0.237 margin_z=0.492 0.544 0.545 0.488 0.435 λ=0.152 0.153 0.155 0.165 0.171
  R150 loss=0.148 acc_main=0.768 acc_oop=0.000 acc_oor=0.000 acc_total=0.768 elapsed=212.1m ETA=0m
  Saved: ./results/e5_signal/disagreement_margin.json

E5-signal done. Total: 212.1m
