
[1/2] E5-signal entropy  adaptive-overrides={'signal_mode': 'entropy'}
   mu_drift=0.31 tau_drift=0.045 mu_H=2.0 tau_H=0.5
[entropy] Starting adaptive_splitomc with lambda=0.2, big_lambda=0.5
  Clients: 50, ES: 5, Device: cuda:0
  Total rounds: 150, Local epochs: 3
  R  1 loss=0.884 acc_main=0.257 acc_oop=0.000 acc_oor=0.000 acc_total=0.257 elapsed=1.7m ETA=252m
  [adapt R  2 ρ=0.0] H=2.240 2.243 2.239 2.241 2.240 λ=0.360 0.360 0.360 0.360 0.360
  [adapt R  3 ρ=0.0] H=2.120 2.133 2.131 2.144 2.122 λ=0.390 0.390 0.388 0.389 0.389
  [adapt R  4 ρ=0.0] H=2.076 2.077 2.073 2.075 2.055 λ=0.404 0.404 0.404 0.406 0.407
  [adapt R  5 ρ=0.0] H=2.034 2.048 2.028 2.032 2.026 λ=0.414 0.415 0.415 0.417 0.417
  [adapt R  6 ρ=0.0] H=2.016 2.013 2.002 2.025 2.017 λ=0.421 0.422 0.421 0.421 0.419
  [adapt R  7 ρ=0.0] H=1.965 1.977 1.980 1.991 1.946 λ=0.433 0.432 0.430 0.433 0.434
  [adapt R  8 ρ=0.0] H=1.925 1.980 1.957 1.980 1.934 λ=0.438 0.438 0.433 0.437 0.437
  [adapt R  9 ρ=0.0] H=1.917 1.934 1.918 1.944 1.893 λ=0.445 0.446 0.444 0.447 0.447
  [adapt R 10 ρ=0.0] H=1.889 1.917 1.907 1.920 1.831 λ=0.452 0.451 0.448 0.456 0.459
  R 10 loss=0.389 acc_main=0.599 acc_oop=0.000 acc_oor=0.000 acc_total=0.599 elapsed=14.6m ETA=204m
  [adapt R 15 ρ=0.0] H=1.764 1.802 1.791 1.773 1.711 λ=0.484 0.483 0.482 0.490 0.494
  [adapt R 20 ρ=0.0] H=1.634 1.703 1.687 1.637 1.575 λ=0.513 0.511 0.511 0.522 0.528
  R 20 loss=0.307 acc_main=0.653 acc_oop=0.000 acc_oor=0.000 acc_total=0.653 elapsed=29.3m ETA=190m
  [adapt R 25 ρ=0.0] H=1.450 1.581 1.596 1.598 1.554 λ=0.549 0.543 0.531 0.534 0.535
  [adapt R 30 ρ=0.0] H=1.480 1.560 1.513 1.457 1.390 λ=0.548 0.548 0.550 0.562 0.568
  R 30 loss=0.251 acc_main=0.692 acc_oop=0.000 acc_oor=0.000 acc_total=0.692 elapsed=44.6m ETA=178m
  [adapt R 35 ρ=0.4] H=1.573 1.562 1.502 1.464 1.406 λ=0.537 0.542 0.550 0.561 0.566
  [adapt R 40 ρ=0.4] H=1.480 1.459 1.492 1.427 1.390 λ=0.559 0.557 0.561 0.565 0.571
  R 40 loss=0.216 acc_main=0.745 acc_oop=0.474 acc_oor=0.064 acc_total=0.620 elapsed=59.5m ETA=164m
  [adapt R 45 ρ=0.4] H=1.416 1.462 1.386 1.389 1.343 λ=0.565 0.568 0.570 0.578 0.579
  [adapt R 50 ρ=0.4] H=1.250 1.393 1.350 1.341 1.228 λ=0.587 0.586 0.580 0.590 0.594
  R 50 loss=0.183 acc_main=0.762 acc_oop=0.414 acc_oor=0.068 acc_total=0.616 elapsed=73.8m ETA=148m
  [adapt R 55 ρ=0.4] H=1.335 1.387 1.250 1.226 1.083 λ=0.580 0.587 0.593 0.610 0.614
  [adapt R 60 ρ=0.4] H=1.223 1.308 1.212 1.186 1.193 λ=0.597 0.600 0.602 0.608 0.609
  R 60 loss=0.157 acc_main=0.779 acc_oop=0.397 acc_oor=0.068 acc_total=0.622 elapsed=87.4m ETA=131m
  [adapt R 65 ρ=0.8] H=1.323 1.322 1.240 1.303 1.167 λ=0.587 0.592 0.593 0.602 0.602
  [adapt R 70 ρ=0.8] H=1.231 1.347 1.227 1.179 1.245 λ=0.593 0.597 0.599 0.605 0.606
  R 70 loss=0.148 acc_main=0.800 acc_oop=0.386 acc_oor=0.074 acc_total=0.552 elapsed=101.6m ETA=116m
  [adapt R 75 ρ=0.8] H=1.049 1.173 1.185 1.219 1.145 λ=0.621 0.617 0.609 0.610 0.610
  [adapt R 80 ρ=0.8] H=1.172 1.146 1.084 1.104 1.134 λ=0.614 0.617 0.620 0.621 0.619
  R 80 loss=0.130 acc_main=0.818 acc_oop=0.369 acc_oor=0.076 acc_total=0.555 elapsed=115.8m ETA=101m
  [adapt R 85 ρ=0.8] H=1.116 1.200 1.143 1.177 1.161 λ=0.614 0.615 0.612 0.614 0.612
  [adapt R 90 ρ=0.8] H=1.195 1.225 1.127 1.150 1.105 λ=0.606 0.610 0.613 0.618 0.618
  R 90 loss=0.111 acc_main=0.817 acc_oop=0.314 acc_oor=0.067 acc_total=0.532 elapsed=130.1m ETA=87m
  [adapt R 95 ρ=0.4] H=1.054 1.019 1.038 1.062 0.992 λ=0.630 0.630 0.630 0.631 0.631
  [adapt R100 ρ=0.4] H=1.194 1.119 0.986 0.991 1.060 λ=0.614 0.622 0.631 0.633 0.631
  R100 loss=0.109 acc_main=0.854 acc_oop=0.308 acc_oor=0.056 acc_total=0.647 elapsed=142.7m ETA=71m
  [adapt R105 ρ=0.4] H=0.952 1.047 1.020 0.983 0.939 λ=0.634 0.634 0.632 0.637 0.639
  [adapt R110 ρ=0.4] H=0.943 1.031 0.923 0.956 0.842 λ=0.636 0.638 0.638 0.644 0.645
  R110 loss=0.100 acc_main=0.858 acc_oop=0.297 acc_oor=0.066 acc_total=0.648 elapsed=156.3m ETA=57m
  [adapt R115 ρ=0.4] H=1.042 1.056 0.925 0.887 0.842 λ=0.629 0.634 0.639 0.647 0.649
  [adapt R120 ρ=0.4] H=0.836 0.955 0.972 0.881 0.947 λ=0.646 0.643 0.642 0.642 0.644
  R120 loss=0.089 acc_main=0.857 acc_oop=0.257 acc_oor=0.055 acc_total=0.636 elapsed=171.2m ETA=43m
  [adapt R125 ρ=0.0] H=0.787 0.839 0.750 0.677 0.726 λ=0.653 0.655 0.658 0.661 0.662
  [adapt R130 ρ=0.0] H=0.819 0.927 0.813 0.742 0.844 λ=0.648 0.650 0.652 0.654 0.655
  R130 loss=0.079 acc_main=0.872 acc_oop=0.000 acc_oor=0.000 acc_total=0.872 elapsed=186.1m ETA=29m
  [adapt R135 ρ=0.0] H=0.788 0.823 0.735 0.698 0.721 λ=0.654 0.656 0.658 0.661 0.661
  [adapt R140 ρ=0.0] H=0.819 0.782 0.746 0.784 0.667 λ=0.654 0.656 0.657 0.660 0.660
  R140 loss=0.076 acc_main=0.879 acc_oop=0.000 acc_oor=0.000 acc_total=0.879 elapsed=199.8m ETA=14m
  [adapt R145 ρ=0.0] H=0.814 0.812 0.691 0.644 0.699 λ=0.653 0.657 0.661 0.664 0.664
  [adapt R150 ρ=0.0] H=0.779 0.867 0.709 0.682 0.701 λ=0.652 0.655 0.658 0.662 0.663
  R150 loss=0.067 acc_main=0.902 acc_oop=0.000 acc_oor=0.000 acc_total=0.902 elapsed=211.9m ETA=0m
  Saved: ./results/e5_signal/entropy.json

[2/2] E5-signal disagreement  adaptive-overrides={'signal_mode': 'disagreement', 'beta_margin': 0.0}
   mu_drift=0.31 tau_drift=0.045 mu_H=2.0 tau_H=0.5
[disagreement] Starting adaptive_splitomc with lambda=0.2, big_lambda=0.5
  Clients: 50, ES: 5, Device: cuda:0
  Total rounds: 150, Local epochs: 3
  R  1 loss=0.884 acc_main=0.257 acc_oop=0.000 acc_oor=0.000 acc_total=0.257 elapsed=1.7m ETA=250m
  [adapt R  2 ρ=0.0] delta_z=0.694 0.783 0.892 0.729 0.704 margin_z=0.978 0.986 0.975 0.983 0.951 λ=0.150 0.150 0.150 0.150 0.150
  [adapt R  3 ρ=0.0] delta_z=0.613 0.646 0.738 0.583 0.583 margin_z=0.968 0.974 0.980 0.969 0.912 λ=0.150 0.150 0.150 0.150 0.151
  [adapt R  4 ρ=0.0] delta_z=0.637 0.604 0.537 0.596 0.533 margin_z=0.949 0.957 0.970 0.955 0.902 λ=0.151 0.151 0.151 0.152 0.152
  [adapt R  5 ρ=0.0] delta_z=0.569 0.542 0.454 0.487 0.404 margin_z=0.930 0.935 0.954 0.934 0.859 λ=0.152 0.155 0.159 0.174 0.176
  [adapt R  6 ρ=0.0] delta_z=0.531 0.487 0.438 0.492 0.433 margin_z=0.903 0.916 0.937 0.913 0.853 λ=0.156 0.161 0.165 0.171 0.168
  [adapt R  7 ρ=0.0] delta_z=0.450 0.487 0.454 0.438 0.392 margin_z=0.870 0.904 0.931 0.887 0.815 λ=0.166 0.167 0.169 0.187 0.199
  [adapt R  8 ρ=0.0] delta_z=0.412 0.496 0.396 0.442 0.408 margin_z=0.841 0.897 0.930 0.884 0.810 λ=0.171 0.182 0.176 0.198 0.190
  [adapt R  9 ρ=0.0] delta_z=0.406 0.496 0.429 0.425 0.388 margin_z=0.823 0.869 0.905 0.871 0.779 λ=0.173 0.177 0.173 0.200 0.208
  [adapt R 10 ρ=0.0] delta_z=0.444 0.492 0.425 0.388 0.354 margin_z=0.828 0.880 0.900 0.848 0.755 λ=0.166 0.172 0.182 0.231 0.263
  R 10 loss=0.476 acc_main=0.577 acc_oop=0.000 acc_oor=0.000 acc_total=0.577 elapsed=14.0m ETA=196m
  [adapt R 15 ρ=0.0] delta_z=0.300 0.412 0.379 0.388 0.396 margin_z=0.735 0.827 0.857 0.782 0.666 λ=0.295 0.278 0.225 0.233 0.227
  [adapt R 20 ρ=0.0] delta_z=0.306 0.392 0.329 0.312 0.279 margin_z=0.694 0.769 0.818 0.749 0.602 λ=0.313 0.330 0.325 0.434 0.468
  R 20 loss=0.392 acc_main=0.643 acc_oop=0.000 acc_oor=0.000 acc_total=0.643 elapsed=28.1m ETA=182m
  [adapt R 25 ρ=0.0] delta_z=0.344 0.367 0.312 0.304 0.388 margin_z=0.657 0.732 0.804 0.744 0.620 λ=0.297 0.334 0.371 0.351 0.321
  [adapt R 30 ρ=0.0] delta_z=0.400 0.458 0.350 0.279 0.354 margin_z=0.679 0.762 0.770 0.684 0.550 λ=0.186 0.212 0.281 0.371 0.405
  R 30 loss=0.306 acc_main=0.667 acc_oop=0.000 acc_oor=0.000 acc_total=0.667 elapsed=42.2m ETA=169m
  [adapt R 35 ρ=0.4] delta_z=0.394 0.408 0.362 0.400 0.346 margin_z=0.697 0.739 0.757 0.723 0.585 λ=0.214 0.232 0.229 0.266 0.259
  [adapt R 40 ρ=0.4] delta_z=0.400 0.400 0.400 0.338 0.250 margin_z=0.666 0.713 0.745 0.695 0.589 λ=0.216 0.216 0.247 0.367 0.474
  R 40 loss=0.319 acc_main=0.699 acc_oop=0.571 acc_oor=0.120 acc_total=0.620 elapsed=57.5m ETA=158m
  [adapt R 45 ρ=0.4] delta_z=0.331 0.442 0.471 0.446 0.479 margin_z=0.648 0.699 0.721 0.692 0.606 λ=0.235 0.199 0.172 0.167 0.168
  [adapt R 50 ρ=0.4] delta_z=0.444 0.442 0.338 0.338 0.308 margin_z=0.637 0.721 0.705 0.659 0.579 λ=0.177 0.206 0.260 0.371 0.386
  R 50 loss=0.288 acc_main=0.710 acc_oop=0.576 acc_oor=0.145 acc_total=0.630 elapsed=72.9m ETA=146m
  [adapt R 55 ρ=0.4] delta_z=0.356 0.404 0.425 0.371 0.383 margin_z=0.627 0.673 0.699 0.646 0.554 λ=0.245 0.222 0.216 0.225 0.251
  [adapt R 60 ρ=0.4] delta_z=0.438 0.429 0.429 0.392 0.371 margin_z=0.625 0.685 0.698 0.650 0.568 λ=0.183 0.184 0.197 0.219 0.244
  R 60 loss=0.255 acc_main=0.716 acc_oop=0.612 acc_oor=0.199 acc_total=0.648 elapsed=87.1m ETA=131m
  [adapt R 65 ρ=0.8] delta_z=0.425 0.450 0.425 0.471 0.442 margin_z=0.650 0.690 0.680 0.659 0.562 λ=0.181 0.183 0.174 0.176 0.171
  [adapt R 70 ρ=0.8] delta_z=0.450 0.442 0.500 0.388 0.342 margin_z=0.614 0.665 0.705 0.654 0.598 λ=0.176 0.167 0.177 0.204 0.276
  R 70 loss=0.249 acc_main=0.713 acc_oop=0.601 acc_oor=0.216 acc_total=0.611 elapsed=102.1m ETA=117m
  [adapt R 75 ρ=0.8] delta_z=0.394 0.379 0.379 0.312 0.371 margin_z=0.614 0.648 0.648 0.614 0.569 λ=0.235 0.239 0.293 0.300 0.332
  [adapt R 80 ρ=0.8] delta_z=0.406 0.425 0.463 0.433 0.438 margin_z=0.599 0.659 0.658 0.632 0.589 λ=0.198 0.185 0.179 0.176 0.182
  R 80 loss=0.223 acc_main=0.726 acc_oop=0.619 acc_oor=0.244 acc_total=0.627 elapsed=117.9m ETA=103m
  [adapt R 85 ρ=0.8] delta_z=0.400 0.467 0.483 0.463 0.396 margin_z=0.612 0.674 0.664 0.673 0.595 λ=0.183 0.173 0.165 0.175 0.186
  [adapt R 90 ρ=0.8] delta_z=0.412 0.458 0.388 0.350 0.342 margin_z=0.595 0.652 0.664 0.616 0.525 λ=0.182 0.194 0.217 0.287 0.321
  R 90 loss=0.213 acc_main=0.752 acc_oop=0.605 acc_oor=0.234 acc_total=0.634 elapsed=131.9m ETA=88m
  [adapt R 95 ρ=0.4] delta_z=0.325 0.396 0.421 0.350 0.371 margin_z=0.483 0.568 0.624 0.539 0.488 λ=0.285 0.245 0.231 0.245 0.285
  [adapt R100 ρ=0.4] delta_z=0.388 0.412 0.383 0.362 0.338 margin_z=0.565 0.598 0.614 0.612 0.546 λ=0.216 0.223 0.236 0.284 0.310
  R100 loss=0.189 acc_main=0.770 acc_oop=0.617 acc_oor=0.234 acc_total=0.688 elapsed=145.5m ETA=73m
  [adapt R105 ρ=0.4] delta_z=0.431 0.421 0.362 0.325 0.350 margin_z=0.508 0.558 0.580 0.564 0.523 λ=0.189 0.210 0.266 0.321 0.343
  [adapt R110 ρ=0.4] delta_z=0.419 0.429 0.350 0.338 0.383 margin_z=0.564 0.612 0.573 0.546 0.491 λ=0.190 0.216 0.260 0.293 0.285
  R110 loss=0.169 acc_main=0.773 acc_oop=0.618 acc_oor=0.250 acc_total=0.691 elapsed=159.7m ETA=58m
  [adapt R115 ρ=0.4] delta_z=0.381 0.358 0.362 0.333 0.383 margin_z=0.561 0.584 0.594 0.539 0.479 λ=0.265 0.270 0.307 0.287 0.290
  [adapt R120 ρ=0.4] delta_z=0.344 0.412 0.421 0.342 0.296 margin_z=0.491 0.575 0.582 0.540 0.459 λ=0.249 0.226 0.227 0.303 0.398
  R120 loss=0.162 acc_main=0.783 acc_oop=0.599 acc_oor=0.234 acc_total=0.692 elapsed=174.5m ETA=44m
  [adapt R125 ρ=0.0] delta_z=0.181 0.167 0.121 0.117 0.125 margin_z=0.333 0.363 0.335 0.306 0.305 λ=0.674 0.683 0.689 0.692 0.692
  [adapt R130 ρ=0.0] delta_z=0.150 0.208 0.117 0.062 0.117 margin_z=0.297 0.363 0.325 0.263 0.269 λ=0.672 0.682 0.690 0.695 0.696
  R130 loss=0.068 acc_main=0.879 acc_oop=0.000 acc_oor=0.000 acc_total=0.879 elapsed=190.0m ETA=29m
  [adapt R135 ρ=0.0] delta_z=0.163 0.163 0.129 0.100 0.100 margin_z=0.299 0.342 0.314 0.258 0.266 λ=0.680 0.684 0.690 0.694 0.695
  [adapt R140 ρ=0.0] delta_z=0.131 0.125 0.125 0.129 0.108 margin_z=0.274 0.296 0.311 0.289 0.241 λ=0.691 0.691 0.691 0.692 0.692
  R140 loss=0.066 acc_main=0.905 acc_oop=0.000 acc_oor=0.000 acc_total=0.905 elapsed=203.9m ETA=15m
  [adapt R145 ρ=0.0] delta_z=0.100 0.121 0.104 0.083 0.154 margin_z=0.210 0.272 0.264 0.228 0.253 λ=0.694 0.694 0.695 0.693 0.692
  [adapt R150 ρ=0.0] delta_z=0.125 0.146 0.071 0.054 0.146 margin_z=0.245 0.294 0.256 0.218 0.240 λ=0.689 0.693 0.696 0.696 0.695
  R150 loss=0.057 acc_main=0.904 acc_oop=0.000 acc_oor=0.000 acc_total=0.904 elapsed=218.0m ETA=0m
  Saved: ./results/e5_signal/disagreement.json

E5-signal done. Total: 430.1m
