[s1_apfl001_s1] scenario=S1 arm=apfl001 mode=apfl K=50 L=5 rounds=150 delay=0 device=cuda:0
  R  1 loss=0.865 acc=0.3281 off=1.000 active=50 elapsed=0.6m ETA=89m
  R  5 loss=0.410 acc=0.4810 off=0.999 active=50 elapsed=2.6m ETA=75m
  R 10 loss=0.344 acc=0.5255 off=0.977 active=50 elapsed=5.4m ETA=76m
  R 15 loss=0.298 acc=0.5872 off=0.949 active=50 elapsed=8.0m ETA=72m
  R 20 loss=0.262 acc=0.6279 off=0.921 active=50 elapsed=10.4m ETA=68m
  R 25 loss=0.235 acc=0.6446 off=0.857 active=50 elapsed=13.0m ETA=65m
  R 30 loss=0.210 acc=0.6524 off=0.833 active=50 elapsed=15.5m ETA=62m
  R 35 loss=0.198 acc=0.6080 off=0.805 active=50 elapsed=17.9m ETA=59m
  R 40 loss=0.179 acc=0.5825 off=0.762 active=50 elapsed=20.9m ETA=58m
  R 45 loss=0.170 acc=0.5992 off=0.765 active=50 elapsed=24.0m ETA=56m
  R 50 loss=0.162 acc=0.5999 off=0.715 active=50 elapsed=27.0m ETA=54m
  R 55 loss=0.151 acc=0.5983 off=0.719 active=50 elapsed=30.3m ETA=52m
  R 60 loss=0.149 acc=0.5981 off=0.697 active=50 elapsed=33.1m ETA=50m
  R 65 loss=0.145 acc=0.6096 off=0.664 active=50 elapsed=35.6m ETA=47m
  R 70 loss=0.141 acc=0.5911 off=0.651 active=50 elapsed=38.1m ETA=44m
  R 75 loss=0.140 acc=0.6065 off=0.627 active=50 elapsed=40.6m ETA=41m
  R 80 loss=0.130 acc=0.6169 off=0.637 active=50 elapsed=43.2m ETA=38m
  R 85 loss=0.128 acc=0.6032 off=0.614 active=50 elapsed=45.7m ETA=35m
  R 90 loss=0.130 acc=0.5921 off=0.651 active=50 elapsed=48.4m ETA=32m
  R 95 loss=0.130 acc=0.6064 off=0.612 active=50 elapsed=50.8m ETA=29m
  R100 loss=0.124 acc=0.6098 off=0.615 active=50 elapsed=53.3m ETA=27m
  R105 loss=0.124 acc=0.6083 off=0.599 active=50 elapsed=55.9m ETA=24m
  R110 loss=0.124 acc=0.5923 off=0.591 active=50 elapsed=58.3m ETA=21m
  R115 loss=0.119 acc=0.6126 off=0.608 active=50 elapsed=60.8m ETA=19m
  R120 loss=0.127 acc=0.6590 off=0.625 active=50 elapsed=63.2m ETA=16m
  R125 loss=0.121 acc=0.6635 off=0.592 active=50 elapsed=65.7m ETA=13m
  R130 loss=0.120 acc=0.7281 off=0.544 active=50 elapsed=68.1m ETA=10m
  R135 loss=0.103 acc=0.7718 off=0.524 active=50 elapsed=70.0m ETA=8m
  R140 loss=0.108 acc=0.7813 off=0.462 active=50 elapsed=71.9m ETA=5m
  R145 loss=0.106 acc=0.8008 off=0.485 active=50 elapsed=73.3m ETA=3m
  R150 loss=0.104 acc=0.7982 off=0.473 active=50 elapsed=74.6m ETA=0m
  Saved: /home/honeynaps/data/driftgate/journal_expansion/runs/phaseT6_S1/s1_apfl001_s1.json  integrated=0.6221
