[s1_apfl001_s0] scenario=S1 arm=apfl001 mode=apfl K=50 L=5 rounds=150 delay=0 device=cuda:0
  R  1 loss=0.853 acc=0.3286 off=1.000 active=50 elapsed=0.7m ETA=109m
  R  5 loss=0.428 acc=0.4993 off=1.000 active=50 elapsed=2.9m ETA=84m
  R 10 loss=0.364 acc=0.5650 off=0.991 active=50 elapsed=5.6m ETA=79m
  R 15 loss=0.319 acc=0.6059 off=0.973 active=50 elapsed=8.4m ETA=76m
  R 20 loss=0.284 acc=0.6472 off=0.935 active=50 elapsed=11.1m ETA=72m
  R 25 loss=0.256 acc=0.6517 off=0.912 active=50 elapsed=14.0m ETA=70m
  R 30 loss=0.231 acc=0.6321 off=0.871 active=50 elapsed=16.8m ETA=67m
  R 35 loss=0.212 acc=0.5905 off=0.858 active=50 elapsed=19.7m ETA=65m
  R 40 loss=0.197 acc=0.5863 off=0.816 active=50 elapsed=22.5m ETA=62m
  R 45 loss=0.186 acc=0.5918 off=0.793 active=50 elapsed=25.3m ETA=59m
  R 50 loss=0.168 acc=0.5848 off=0.746 active=50 elapsed=28.1m ETA=56m
  R 55 loss=0.160 acc=0.5833 off=0.730 active=50 elapsed=31.1m ETA=54m
  R 60 loss=0.152 acc=0.6049 off=0.720 active=50 elapsed=34.0m ETA=51m
  R 65 loss=0.141 acc=0.6072 off=0.702 active=50 elapsed=36.9m ETA=48m
  R 70 loss=0.140 acc=0.5755 off=0.629 active=50 elapsed=39.8m ETA=45m
  R 75 loss=0.140 acc=0.6064 off=0.680 active=50 elapsed=42.7m ETA=43m
  R 80 loss=0.130 acc=0.6070 off=0.661 active=50 elapsed=45.6m ETA=40m
  R 85 loss=0.128 acc=0.5988 off=0.646 active=50 elapsed=48.5m ETA=37m
  R 90 loss=0.127 acc=0.6160 off=0.648 active=50 elapsed=51.2m ETA=34m
  R 95 loss=0.121 acc=0.6144 off=0.632 active=50 elapsed=53.7m ETA=31m
  R100 loss=0.113 acc=0.6066 off=0.595 active=50 elapsed=56.2m ETA=28m
  R105 loss=0.114 acc=0.6211 off=0.612 active=50 elapsed=58.7m ETA=25m
  R110 loss=0.113 acc=0.6045 off=0.590 active=50 elapsed=60.5m ETA=22m
  R115 loss=0.110 acc=0.6274 off=0.612 active=50 elapsed=61.8m ETA=19m
  R120 loss=0.111 acc=0.6449 off=0.595 active=50 elapsed=63.1m ETA=16m
  R125 loss=0.107 acc=0.6709 off=0.606 active=50 elapsed=64.4m ETA=13m
  R130 loss=0.102 acc=0.7156 off=0.578 active=50 elapsed=65.7m ETA=10m
  R135 loss=0.098 acc=0.7752 off=0.515 active=50 elapsed=67.1m ETA=7m
  R140 loss=0.106 acc=0.7960 off=0.536 active=50 elapsed=68.4m ETA=5m
  R145 loss=0.095 acc=0.8106 off=0.513 active=50 elapsed=69.8m ETA=2m
  R150 loss=0.092 acc=0.7974 off=0.484 active=50 elapsed=71.2m ETA=0m
  Saved: /home/honeynaps/data/driftgate/journal_expansion/runs/phaseT6_S1/s1_apfl001_s0.json  integrated=0.6247
