[s1_apfl010_s2] scenario=S1 arm=apfl010 mode=apfl K=50 L=5 rounds=150 delay=0 device=cuda:0
  R  1 loss=0.895 acc=0.4436 off=1.000 active=50 elapsed=0.8m ETA=116m
  R  5 loss=0.374 acc=0.6065 off=0.912 active=50 elapsed=2.9m ETA=84m
  R 10 loss=0.303 acc=0.6285 off=0.841 active=50 elapsed=5.4m ETA=76m
  R 15 loss=0.272 acc=0.6601 off=0.795 active=50 elapsed=8.1m ETA=73m
  R 20 loss=0.252 acc=0.6920 off=0.804 active=50 elapsed=10.7m ETA=69m
  R 25 loss=0.238 acc=0.6830 off=0.769 active=50 elapsed=13.2m ETA=66m
  R 30 loss=0.225 acc=0.6320 off=0.797 active=50 elapsed=15.9m ETA=64m
  R 35 loss=0.214 acc=0.5543 off=0.798 active=50 elapsed=18.5m ETA=61m
  R 40 loss=0.195 acc=0.5432 off=0.789 active=50 elapsed=21.3m ETA=58m
  R 45 loss=0.192 acc=0.5480 off=0.789 active=50 elapsed=24.0m ETA=56m
  R 50 loss=0.182 acc=0.5498 off=0.736 active=50 elapsed=26.7m ETA=53m
  R 55 loss=0.178 acc=0.5724 off=0.736 active=50 elapsed=29.4m ETA=51m
  R 60 loss=0.167 acc=0.5690 off=0.707 active=50 elapsed=32.1m ETA=48m
  R 65 loss=0.168 acc=0.5769 off=0.723 active=50 elapsed=34.9m ETA=46m
  R 70 loss=0.176 acc=0.5982 off=0.739 active=50 elapsed=37.6m ETA=43m
  R 75 loss=0.160 acc=0.5880 off=0.714 active=50 elapsed=40.4m ETA=40m
  R 80 loss=0.145 acc=0.6004 off=0.658 active=50 elapsed=43.2m ETA=38m
  R 85 loss=0.149 acc=0.5955 off=0.726 active=50 elapsed=45.9m ETA=35m
  R 90 loss=0.161 acc=0.6016 off=0.687 active=50 elapsed=48.6m ETA=32m
  R 95 loss=0.152 acc=0.6063 off=0.670 active=50 elapsed=51.0m ETA=30m
  R100 loss=0.149 acc=0.6254 off=0.714 active=50 elapsed=53.5m ETA=27m
  R105 loss=0.140 acc=0.6053 off=0.650 active=50 elapsed=55.9m ETA=24m
  R110 loss=0.133 acc=0.6238 off=0.670 active=50 elapsed=58.2m ETA=21m
  R115 loss=0.117 acc=0.6177 off=0.635 active=50 elapsed=60.0m ETA=18m
  R120 loss=0.129 acc=0.6373 off=0.647 active=50 elapsed=60.9m ETA=15m
  R125 loss=0.122 acc=0.6404 off=0.638 active=50 elapsed=61.6m ETA=12m
  R130 loss=0.118 acc=0.6706 off=0.601 active=50 elapsed=62.4m ETA=10m
  R135 loss=0.112 acc=0.7533 off=0.556 active=50 elapsed=63.1m ETA=7m
  R140 loss=0.112 acc=0.7980 off=0.530 active=50 elapsed=63.8m ETA=5m
  R145 loss=0.102 acc=0.8097 off=0.547 active=50 elapsed=64.5m ETA=2m
  R150 loss=0.111 acc=0.7911 off=0.544 active=50 elapsed=65.2m ETA=0m
  Saved: /home/honeynaps/data/driftgate/journal_expansion/runs/phaseT6_S1/s1_apfl010_s2.json  integrated=0.6265
