[s1_apfl001_s2] scenario=S1 arm=apfl001 mode=apfl K=50 L=5 rounds=150 delay=0 device=cuda:0
  R  1 loss=0.895 acc=0.4427 off=1.000 active=50 elapsed=0.5m ETA=80m
  R  5 loss=0.428 acc=0.5879 off=0.998 active=50 elapsed=2.4m ETA=70m
  R 10 loss=0.362 acc=0.6052 off=0.981 active=50 elapsed=5.0m ETA=70m
  R 15 loss=0.323 acc=0.6473 off=0.950 active=50 elapsed=7.4m ETA=66m
  R 20 loss=0.290 acc=0.6760 off=0.911 active=50 elapsed=9.6m ETA=63m
  R 25 loss=0.266 acc=0.6736 off=0.886 active=50 elapsed=11.9m ETA=60m
  R 30 loss=0.247 acc=0.6249 off=0.877 active=50 elapsed=14.2m ETA=57m
  R 35 loss=0.231 acc=0.5498 off=0.856 active=50 elapsed=16.6m ETA=55m
  R 40 loss=0.209 acc=0.5405 off=0.836 active=50 elapsed=19.0m ETA=52m
  R 45 loss=0.199 acc=0.5453 off=0.822 active=50 elapsed=22.2m ETA=52m
  R 50 loss=0.187 acc=0.5439 off=0.711 active=50 elapsed=24.9m ETA=50m
  R 55 loss=0.175 acc=0.5729 off=0.730 active=50 elapsed=27.9m ETA=48m
  R 60 loss=0.165 acc=0.5645 off=0.696 active=50 elapsed=30.8m ETA=46m
  R 65 loss=0.162 acc=0.5822 off=0.698 active=50 elapsed=33.3m ETA=44m
  R 70 loss=0.159 acc=0.5958 off=0.692 active=50 elapsed=35.6m ETA=41m
  R 75 loss=0.149 acc=0.5894 off=0.682 active=50 elapsed=37.9m ETA=38m
  R 80 loss=0.143 acc=0.5941 off=0.633 active=50 elapsed=40.2m ETA=35m
  R 85 loss=0.134 acc=0.5916 off=0.635 active=50 elapsed=42.6m ETA=33m
  R 90 loss=0.143 acc=0.6064 off=0.655 active=50 elapsed=45.0m ETA=30m
  R 95 loss=0.131 acc=0.6092 off=0.644 active=50 elapsed=47.3m ETA=27m
  R100 loss=0.139 acc=0.6174 off=0.664 active=50 elapsed=49.7m ETA=25m
  R105 loss=0.129 acc=0.5965 off=0.605 active=50 elapsed=52.0m ETA=22m
  R110 loss=0.124 acc=0.6216 off=0.632 active=50 elapsed=54.4m ETA=20m
  R115 loss=0.117 acc=0.6166 off=0.624 active=50 elapsed=56.7m ETA=17m
  R120 loss=0.122 acc=0.6308 off=0.608 active=50 elapsed=59.1m ETA=15m
  R125 loss=0.107 acc=0.6412 off=0.593 active=50 elapsed=61.4m ETA=12m
  R130 loss=0.108 acc=0.6668 off=0.576 active=50 elapsed=63.8m ETA=10m
  R135 loss=0.105 acc=0.7501 off=0.523 active=50 elapsed=66.1m ETA=7m
  R140 loss=0.099 acc=0.8000 off=0.489 active=50 elapsed=68.3m ETA=5m
  R145 loss=0.095 acc=0.8113 off=0.517 active=50 elapsed=70.1m ETA=2m
  R150 loss=0.100 acc=0.7923 off=0.473 active=50 elapsed=71.8m ETA=0m
  Saved: /home/honeynaps/data/driftgate/journal_expansion/runs/phaseT6_S1/s1_apfl001_s2.json  integrated=0.6222
