[s1_driftgate_own_s2] scenario=S1 arm=driftgate_own mode=selfcal K=50 L=5 rounds=150 delay=0 device=cuda:0
  R  1 loss=0.895 acc=0.4504 off=1.000 active=50 elapsed=0.4m ETA=67m
  R  5 loss=0.431 acc=0.5687 off=0.999 active=50 elapsed=2.0m ETA=58m
  R 10 loss=0.376 acc=0.6061 off=0.991 active=50 elapsed=3.8m ETA=54m
  R 15 loss=0.342 acc=0.6487 off=0.985 active=50 elapsed=5.8m ETA=52m
  R 20 loss=0.316 acc=0.6681 off=0.976 active=50 elapsed=7.7m ETA=50m
  R 25 loss=0.298 acc=0.6666 off=0.965 active=50 elapsed=9.7m ETA=49m
  R 30 loss=0.261 acc=0.6187 off=0.924 active=50 elapsed=11.8m ETA=47m
  R 35 loss=0.271 acc=0.5377 off=0.957 active=50 elapsed=13.9m ETA=46m
  R 40 loss=0.267 acc=0.5358 off=0.935 active=50 elapsed=16.1m ETA=44m
  R 45 loss=0.251 acc=0.5537 off=0.937 active=50 elapsed=18.2m ETA=43m
  R 50 loss=0.244 acc=0.5400 off=0.924 active=50 elapsed=20.3m ETA=41m
  R 55 loss=0.234 acc=0.5656 off=0.921 active=50 elapsed=22.4m ETA=39m
  R 60 loss=0.218 acc=0.5820 off=0.908 active=50 elapsed=24.5m ETA=37m
  R 65 loss=0.211 acc=0.5838 off=0.888 active=50 elapsed=26.6m ETA=35m
  R 70 loss=0.200 acc=0.5792 off=0.863 active=50 elapsed=28.7m ETA=33m
  R 75 loss=0.198 acc=0.5930 off=0.865 active=50 elapsed=30.9m ETA=31m
  R 80 loss=0.196 acc=0.6194 off=0.865 active=50 elapsed=33.1m ETA=29m
  R 85 loss=0.189 acc=0.6240 off=0.842 active=50 elapsed=35.1m ETA=27m
  R 90 loss=0.179 acc=0.6126 off=0.863 active=50 elapsed=37.3m ETA=25m
  R 95 loss=0.177 acc=0.6142 off=0.822 active=50 elapsed=39.4m ETA=23m
  R100 loss=0.166 acc=0.6189 off=0.797 active=50 elapsed=41.5m ETA=21m
  R105 loss=0.165 acc=0.6166 off=0.796 active=50 elapsed=43.7m ETA=19m
  R110 loss=0.156 acc=0.6446 off=0.795 active=50 elapsed=45.8m ETA=17m
  R115 loss=0.147 acc=0.6200 off=0.785 active=50 elapsed=47.9m ETA=15m
  R120 loss=0.139 acc=0.6348 off=0.744 active=50 elapsed=50.0m ETA=12m
  R125 loss=0.144 acc=0.6686 off=0.762 active=50 elapsed=52.1m ETA=10m
  R130 loss=0.126 acc=0.6586 off=0.683 active=50 elapsed=54.2m ETA=8m
  R135 loss=0.117 acc=0.7607 off=0.596 active=50 elapsed=56.4m ETA=6m
  R140 loss=0.120 acc=0.7882 off=0.520 active=50 elapsed=58.4m ETA=4m
  R145 loss=0.117 acc=0.7984 off=0.516 active=50 elapsed=60.4m ETA=2m
  R150 loss=0.115 acc=0.8009 off=0.516 active=50 elapsed=62.3m ETA=0m
  Saved: /home/honeynaps/data/driftgate/journal_expansion/runs/phaseT6_S1/s1_driftgate_own_s2.json  integrated=0.6251
