[s1_entropy_own_s1] scenario=S1 arm=entropy_own mode=selfcal K=50 L=5 rounds=150 delay=0 device=cuda:0
  R  1 loss=0.865 acc=0.3235 off=1.000 active=50 elapsed=0.4m ETA=61m
  R  5 loss=0.417 acc=0.4764 off=1.000 active=50 elapsed=2.1m ETA=61m
  R 10 loss=0.362 acc=0.5325 off=0.988 active=50 elapsed=4.1m ETA=58m
  R 15 loss=0.331 acc=0.5684 off=0.976 active=50 elapsed=6.1m ETA=55m
  R 20 loss=0.303 acc=0.5925 off=0.982 active=50 elapsed=8.2m ETA=53m
  R 25 loss=0.284 acc=0.6216 off=0.971 active=50 elapsed=10.3m ETA=52m
  R 30 loss=0.220 acc=0.6543 off=0.844 active=50 elapsed=12.5m ETA=50m
  R 35 loss=0.221 acc=0.5995 off=0.889 active=50 elapsed=14.6m ETA=48m
  R 40 loss=0.265 acc=0.5676 off=0.947 active=50 elapsed=16.8m ETA=46m
  R 45 loss=0.231 acc=0.6117 off=0.928 active=50 elapsed=19.0m ETA=44m
  R 50 loss=0.199 acc=0.6142 off=0.879 active=50 elapsed=21.4m ETA=43m
  R 55 loss=0.202 acc=0.5997 off=0.880 active=50 elapsed=23.6m ETA=41m
  R 60 loss=0.194 acc=0.6180 off=0.882 active=50 elapsed=25.8m ETA=39m
  R 65 loss=0.171 acc=0.5988 off=0.817 active=50 elapsed=28.0m ETA=37m
  R 70 loss=0.172 acc=0.6132 off=0.905 active=50 elapsed=30.3m ETA=35m
  R 75 loss=0.161 acc=0.6054 off=0.795 active=50 elapsed=32.6m ETA=33m
  R 80 loss=0.196 acc=0.6224 off=0.869 active=50 elapsed=34.9m ETA=30m
  R 85 loss=0.163 acc=0.6415 off=0.868 active=50 elapsed=37.1m ETA=28m
  R 90 loss=0.146 acc=0.6260 off=0.738 active=50 elapsed=39.3m ETA=26m
  R 95 loss=0.118 acc=0.6200 off=0.649 active=50 elapsed=41.6m ETA=24m
  R100 loss=0.118 acc=0.6161 off=0.662 active=50 elapsed=43.9m ETA=22m
  R105 loss=0.117 acc=0.6084 off=0.651 active=50 elapsed=46.2m ETA=20m
  R110 loss=0.106 acc=0.6104 off=0.630 active=50 elapsed=48.5m ETA=18m
  R115 loss=0.104 acc=0.6192 off=0.652 active=50 elapsed=50.8m ETA=15m
  R120 loss=0.109 acc=0.6468 off=0.620 active=50 elapsed=53.0m ETA=13m
  R125 loss=0.104 acc=0.6699 off=0.574 active=50 elapsed=55.2m ETA=11m
  R130 loss=0.096 acc=0.7412 off=0.536 active=50 elapsed=57.5m ETA=9m
  R135 loss=0.097 acc=0.7575 off=0.563 active=50 elapsed=59.6m ETA=7m
  R140 loss=0.107 acc=0.7922 off=0.599 active=50 elapsed=61.8m ETA=4m
  R145 loss=0.115 acc=0.7830 off=0.595 active=50 elapsed=64.0m ETA=2m
  R150 loss=0.117 acc=0.7721 off=0.595 active=50 elapsed=66.3m ETA=0m
  Saved: /home/honeynaps/data/driftgate/journal_expansion/runs/phaseT6_S1/s1_entropy_own_s1.json  integrated=0.6234
