[s1_fixed050_s0] scenario=S1 arm=fixed050 mode=fixed K=50 L=5 rounds=150 delay=0 device=cuda:0
  R  1 loss=0.854 acc=0.3317 off=1.000 active=50 elapsed=0.5m ETA=75m
  R  5 loss=0.416 acc=0.5103 off=0.999 active=50 elapsed=2.3m ETA=66m
  R 10 loss=0.361 acc=0.5782 off=0.996 active=50 elapsed=4.5m ETA=64m
  R 15 loss=0.329 acc=0.6143 off=0.990 active=50 elapsed=6.8m ETA=61m
  R 20 loss=0.301 acc=0.6375 off=0.975 active=50 elapsed=9.0m ETA=59m
  R 25 loss=0.281 acc=0.6265 off=0.966 active=50 elapsed=11.3m ETA=57m
  R 30 loss=0.263 acc=0.6085 off=0.951 active=50 elapsed=13.6m ETA=55m
  R 35 loss=0.248 acc=0.5791 off=0.962 active=50 elapsed=15.9m ETA=52m
  R 40 loss=0.241 acc=0.5925 off=0.976 active=50 elapsed=18.3m ETA=50m
  R 45 loss=0.223 acc=0.5859 off=0.940 active=50 elapsed=20.6m ETA=48m
  R 50 loss=0.213 acc=0.5923 off=0.941 active=50 elapsed=22.9m ETA=46m
  R 55 loss=0.203 acc=0.5958 off=0.916 active=50 elapsed=25.3m ETA=44m
  R 60 loss=0.196 acc=0.6126 off=0.920 active=50 elapsed=27.6m ETA=41m
  R 65 loss=0.186 acc=0.6108 off=0.903 active=50 elapsed=29.9m ETA=39m
  R 70 loss=0.178 acc=0.6066 off=0.894 active=50 elapsed=32.2m ETA=37m
  R 75 loss=0.174 acc=0.6255 off=0.896 active=50 elapsed=34.6m ETA=35m
  R 80 loss=0.165 acc=0.6065 off=0.864 active=50 elapsed=37.0m ETA=32m
  R 85 loss=0.155 acc=0.6135 off=0.849 active=50 elapsed=39.3m ETA=30m
  R 90 loss=0.151 acc=0.6255 off=0.839 active=50 elapsed=41.7m ETA=28m
  R 95 loss=0.144 acc=0.6247 off=0.813 active=50 elapsed=44.1m ETA=26m
  R100 loss=0.146 acc=0.6263 off=0.827 active=50 elapsed=46.4m ETA=23m
  R105 loss=0.139 acc=0.6256 off=0.800 active=50 elapsed=48.8m ETA=21m
  R110 loss=0.134 acc=0.6347 off=0.783 active=50 elapsed=51.1m ETA=19m
  R115 loss=0.130 acc=0.6600 off=0.797 active=50 elapsed=53.5m ETA=16m
  R120 loss=0.122 acc=0.6780 off=0.800 active=50 elapsed=55.8m ETA=14m
  R125 loss=0.122 acc=0.6882 off=0.772 active=50 elapsed=58.1m ETA=12m
  R130 loss=0.119 acc=0.7229 off=0.754 active=50 elapsed=60.3m ETA=9m
  R135 loss=0.109 acc=0.7680 off=0.700 active=50 elapsed=62.6m ETA=7m
  R140 loss=0.107 acc=0.7955 off=0.669 active=50 elapsed=64.8m ETA=5m
  R145 loss=0.102 acc=0.7943 off=0.637 active=50 elapsed=67.1m ETA=2m
  R150 loss=0.098 acc=0.8108 off=0.605 active=50 elapsed=69.2m ETA=0m
  Saved: /home/honeynaps/data/driftgate/journal_expansion/runs/phaseT6_S1/s1_fixed050_s0.json  integrated=0.6317
