[s1_fixed050_s4] scenario=S1 arm=fixed050 mode=fixed K=50 L=5 rounds=150 delay=0 device=cuda:0
  R  1 loss=0.893 acc=0.3534 off=1.000 active=50 elapsed=0.5m ETA=73m
  R  5 loss=0.419 acc=0.5340 off=0.998 active=50 elapsed=2.2m ETA=63m
  R 10 loss=0.365 acc=0.5907 off=0.992 active=50 elapsed=5.2m ETA=73m
  R 15 loss=0.329 acc=0.6281 off=0.970 active=50 elapsed=7.7m ETA=69m
  R 20 loss=0.305 acc=0.6659 off=0.977 active=50 elapsed=10.0m ETA=65m
  R 25 loss=0.286 acc=0.6463 off=0.967 active=50 elapsed=12.3m ETA=61m
  R 30 loss=0.271 acc=0.6721 off=0.961 active=50 elapsed=14.6m ETA=59m
  R 35 loss=0.255 acc=0.6309 off=0.969 active=50 elapsed=17.0m ETA=56m
  R 40 loss=0.246 acc=0.6098 off=0.975 active=50 elapsed=19.4m ETA=53m
  R 45 loss=0.232 acc=0.6284 off=0.941 active=50 elapsed=21.8m ETA=51m
  R 50 loss=0.220 acc=0.6290 off=0.958 active=50 elapsed=24.2m ETA=48m
  R 55 loss=0.206 acc=0.6281 off=0.916 active=50 elapsed=26.7m ETA=46m
  R 60 loss=0.197 acc=0.6335 off=0.937 active=50 elapsed=29.0m ETA=44m
  R 65 loss=0.188 acc=0.6308 off=0.919 active=50 elapsed=31.4m ETA=41m
  R 70 loss=0.181 acc=0.6542 off=0.919 active=50 elapsed=33.8m ETA=39m
  R 75 loss=0.173 acc=0.6221 off=0.868 active=50 elapsed=36.2m ETA=36m
  R 80 loss=0.167 acc=0.6369 off=0.878 active=50 elapsed=38.5m ETA=34m
  R 85 loss=0.159 acc=0.6583 off=0.883 active=50 elapsed=40.9m ETA=31m
  R 90 loss=0.153 acc=0.6492 off=0.836 active=50 elapsed=43.4m ETA=29m
  R 95 loss=0.142 acc=0.6376 off=0.836 active=50 elapsed=45.8m ETA=26m
  R100 loss=0.135 acc=0.6593 off=0.842 active=50 elapsed=48.2m ETA=24m
  R105 loss=0.135 acc=0.6695 off=0.800 active=50 elapsed=50.6m ETA=22m
  R110 loss=0.131 acc=0.6703 off=0.817 active=50 elapsed=52.9m ETA=19m
  R115 loss=0.121 acc=0.6862 off=0.806 active=50 elapsed=55.4m ETA=17m
  R120 loss=0.123 acc=0.6875 off=0.795 active=50 elapsed=57.7m ETA=14m
  R125 loss=0.122 acc=0.7198 off=0.773 active=50 elapsed=59.8m ETA=12m
  R130 loss=0.114 acc=0.7371 off=0.694 active=50 elapsed=61.7m ETA=9m
  R135 loss=0.111 acc=0.7451 off=0.698 active=50 elapsed=63.7m ETA=7m
  R140 loss=0.099 acc=0.8050 off=0.649 active=50 elapsed=65.7m ETA=5m
  R145 loss=0.100 acc=0.8277 off=0.614 active=50 elapsed=67.7m ETA=2m
  R150 loss=0.098 acc=0.8214 off=0.586 active=50 elapsed=68.9m ETA=0m
  Saved: /home/honeynaps/data/driftgate/journal_expansion/runs/phaseT6_S1/s1_fixed050_s4.json  integrated=0.6570
