[s1_fixed050_s3] scenario=S1 arm=fixed050 mode=fixed K=50 L=5 rounds=150 delay=0 device=cuda:0
  R  1 loss=0.902 acc=0.2920 off=1.000 active=50 elapsed=0.6m ETA=85m
  R  5 loss=0.461 acc=0.5318 off=0.994 active=50 elapsed=2.3m ETA=67m
  R 10 loss=0.407 acc=0.5891 off=0.990 active=50 elapsed=4.5m ETA=63m
  R 15 loss=0.373 acc=0.5984 off=0.976 active=50 elapsed=6.7m ETA=60m
  R 20 loss=0.341 acc=0.6093 off=0.975 active=50 elapsed=8.9m ETA=58m
  R 25 loss=0.323 acc=0.6017 off=0.959 active=50 elapsed=11.1m ETA=56m
  R 30 loss=0.308 acc=0.5523 off=0.940 active=50 elapsed=13.4m ETA=54m
  R 35 loss=0.293 acc=0.5034 off=0.930 active=50 elapsed=15.8m ETA=52m
  R 40 loss=0.276 acc=0.5277 off=0.936 active=50 elapsed=18.1m ETA=50m
  R 45 loss=0.259 acc=0.5431 off=0.936 active=50 elapsed=20.4m ETA=48m
  R 50 loss=0.249 acc=0.5162 off=0.901 active=50 elapsed=22.7m ETA=45m
  R 55 loss=0.233 acc=0.5409 off=0.910 active=50 elapsed=25.0m ETA=43m
  R 60 loss=0.227 acc=0.5171 off=0.844 active=50 elapsed=27.3m ETA=41m
  R 65 loss=0.217 acc=0.5426 off=0.872 active=50 elapsed=29.7m ETA=39m
  R 70 loss=0.203 acc=0.5297 off=0.858 active=50 elapsed=32.1m ETA=37m
  R 75 loss=0.196 acc=0.5345 off=0.799 active=50 elapsed=34.5m ETA=34m
  R 80 loss=0.191 acc=0.5763 off=0.869 active=50 elapsed=36.9m ETA=32m
  R 85 loss=0.181 acc=0.5595 off=0.845 active=50 elapsed=39.2m ETA=30m
  R 90 loss=0.170 acc=0.5716 off=0.835 active=50 elapsed=41.4m ETA=28m
  R 95 loss=0.162 acc=0.5529 off=0.791 active=50 elapsed=43.8m ETA=25m
  R100 loss=0.158 acc=0.5641 off=0.798 active=50 elapsed=46.1m ETA=23m
  R105 loss=0.161 acc=0.5880 off=0.825 active=50 elapsed=48.5m ETA=21m
  R110 loss=0.155 acc=0.5849 off=0.817 active=50 elapsed=50.9m ETA=19m
  R115 loss=0.151 acc=0.5814 off=0.791 active=50 elapsed=53.3m ETA=16m
  R120 loss=0.149 acc=0.6062 off=0.788 active=50 elapsed=55.6m ETA=14m
  R125 loss=0.138 acc=0.6586 off=0.744 active=50 elapsed=57.8m ETA=12m
  R130 loss=0.126 acc=0.7017 off=0.714 active=50 elapsed=60.0m ETA=9m
  R135 loss=0.131 acc=0.7008 off=0.697 active=50 elapsed=62.1m ETA=7m
  R140 loss=0.121 acc=0.7434 off=0.659 active=50 elapsed=64.3m ETA=5m
  R145 loss=0.107 acc=0.7550 off=0.665 active=50 elapsed=67.8m ETA=2m
  R150 loss=0.110 acc=0.7646 off=0.644 active=50 elapsed=70.3m ETA=0m
  Saved: /home/honeynaps/data/driftgate/journal_expansion/runs/phaseT6_S1/s1_fixed050_s3.json  integrated=0.5819
