[s1_fixed020_s2] scenario=S1 arm=fixed020 mode=fixed K=50 L=5 rounds=150 delay=0 device=cuda:0
  R  1 loss=0.895 acc=0.4397 off=1.000 active=50 elapsed=0.6m ETA=83m
  R  5 loss=0.501 acc=0.5673 off=1.000 active=50 elapsed=2.1m ETA=61m
  R 10 loss=0.443 acc=0.6093 off=1.000 active=50 elapsed=4.1m ETA=58m
  R 15 loss=0.406 acc=0.6475 off=0.999 active=50 elapsed=6.1m ETA=55m
  R 20 loss=0.378 acc=0.6632 off=0.998 active=50 elapsed=8.1m ETA=53m
  R 25 loss=0.358 acc=0.6653 off=0.998 active=50 elapsed=10.1m ETA=51m
  R 30 loss=0.348 acc=0.6081 off=0.996 active=50 elapsed=12.2m ETA=49m
  R 35 loss=0.340 acc=0.5179 off=0.989 active=50 elapsed=14.4m ETA=47m
  R 40 loss=0.329 acc=0.5212 off=0.992 active=50 elapsed=16.6m ETA=46m
  R 45 loss=0.313 acc=0.5340 off=0.991 active=50 elapsed=18.7m ETA=44m
  R 50 loss=0.303 acc=0.5380 off=0.986 active=50 elapsed=20.8m ETA=42m
  R 55 loss=0.293 acc=0.5538 off=0.978 active=50 elapsed=22.9m ETA=39m
  R 60 loss=0.280 acc=0.5707 off=0.973 active=50 elapsed=24.9m ETA=37m
  R 65 loss=0.274 acc=0.5773 off=0.979 active=50 elapsed=27.0m ETA=35m
  R 70 loss=0.264 acc=0.5923 off=0.981 active=50 elapsed=29.1m ETA=33m
  R 75 loss=0.254 acc=0.6064 off=0.983 active=50 elapsed=31.2m ETA=31m
  R 80 loss=0.242 acc=0.6257 off=0.970 active=50 elapsed=33.3m ETA=29m
  R 85 loss=0.236 acc=0.6224 off=0.971 active=50 elapsed=35.3m ETA=27m
  R 90 loss=0.225 acc=0.6197 off=0.978 active=50 elapsed=37.3m ETA=25m
  R 95 loss=0.218 acc=0.6341 off=0.970 active=50 elapsed=39.4m ETA=23m
  R100 loss=0.215 acc=0.6393 off=0.974 active=50 elapsed=41.6m ETA=21m
  R105 loss=0.212 acc=0.6353 off=0.962 active=50 elapsed=43.7m ETA=19m
  R110 loss=0.206 acc=0.6565 off=0.969 active=50 elapsed=45.8m ETA=17m
  R115 loss=0.198 acc=0.6258 off=0.966 active=50 elapsed=47.9m ETA=15m
  R120 loss=0.193 acc=0.6411 off=0.945 active=50 elapsed=50.0m ETA=12m
  R125 loss=0.190 acc=0.6701 off=0.956 active=50 elapsed=52.0m ETA=10m
  R130 loss=0.178 acc=0.6787 off=0.932 active=50 elapsed=54.0m ETA=8m
  R135 loss=0.170 acc=0.7446 off=0.917 active=50 elapsed=56.1m ETA=6m
  R140 loss=0.164 acc=0.7784 off=0.915 active=50 elapsed=58.1m ETA=4m
  R145 loss=0.156 acc=0.7701 off=0.905 active=50 elapsed=60.2m ETA=2m
  R150 loss=0.151 acc=0.7847 off=0.888 active=50 elapsed=62.2m ETA=0m
  Saved: /home/honeynaps/data/driftgate/journal_expansion/runs/phaseT6_S1/s1_fixed020_s2.json  integrated=0.6238
