[s1_fixed050_s2] scenario=S1 arm=fixed050 mode=fixed K=50 L=5 rounds=150 delay=0 device=cuda:0
  R  1 loss=0.895 acc=0.4437 off=1.000 active=50 elapsed=0.5m ETA=81m
  R  5 loss=0.414 acc=0.5777 off=0.995 active=50 elapsed=2.1m ETA=60m
  R 10 loss=0.359 acc=0.6124 off=0.981 active=50 elapsed=4.0m ETA=56m
  R 15 loss=0.326 acc=0.6524 off=0.970 active=50 elapsed=6.1m ETA=55m
  R 20 loss=0.300 acc=0.6756 off=0.953 active=50 elapsed=8.1m ETA=52m
  R 25 loss=0.281 acc=0.6704 off=0.935 active=50 elapsed=10.2m ETA=51m
  R 30 loss=0.269 acc=0.6128 off=0.946 active=50 elapsed=12.3m ETA=49m
  R 35 loss=0.259 acc=0.5314 off=0.946 active=50 elapsed=14.5m ETA=48m
  R 40 loss=0.249 acc=0.5305 off=0.927 active=50 elapsed=16.6m ETA=46m
  R 45 loss=0.234 acc=0.5497 off=0.930 active=50 elapsed=18.7m ETA=44m
  R 50 loss=0.225 acc=0.5354 off=0.893 active=50 elapsed=20.9m ETA=42m
  R 55 loss=0.219 acc=0.5663 off=0.914 active=50 elapsed=23.0m ETA=40m
  R 60 loss=0.207 acc=0.5810 off=0.902 active=50 elapsed=25.1m ETA=38m
  R 65 loss=0.204 acc=0.5832 off=0.897 active=50 elapsed=27.3m ETA=36m
  R 70 loss=0.193 acc=0.5765 off=0.853 active=50 elapsed=29.4m ETA=34m
  R 75 loss=0.183 acc=0.5930 off=0.852 active=50 elapsed=31.5m ETA=32m
  R 80 loss=0.174 acc=0.6177 off=0.855 active=50 elapsed=33.6m ETA=29m
  R 85 loss=0.173 acc=0.6206 off=0.840 active=50 elapsed=35.8m ETA=27m
  R 90 loss=0.161 acc=0.6126 off=0.846 active=50 elapsed=37.9m ETA=25m
  R 95 loss=0.154 acc=0.6214 off=0.829 active=50 elapsed=40.0m ETA=23m
  R100 loss=0.154 acc=0.6179 off=0.831 active=50 elapsed=42.1m ETA=21m
  R105 loss=0.152 acc=0.6186 off=0.817 active=50 elapsed=44.2m ETA=19m
  R110 loss=0.147 acc=0.6484 off=0.829 active=50 elapsed=46.3m ETA=17m
  R115 loss=0.139 acc=0.6179 off=0.792 active=50 elapsed=48.4m ETA=15m
  R120 loss=0.132 acc=0.6332 off=0.775 active=50 elapsed=50.5m ETA=13m
  R125 loss=0.137 acc=0.6678 off=0.772 active=50 elapsed=52.7m ETA=11m
  R130 loss=0.121 acc=0.6533 off=0.714 active=50 elapsed=54.8m ETA=8m
  R135 loss=0.117 acc=0.7624 off=0.654 active=50 elapsed=56.8m ETA=6m
  R140 loss=0.111 acc=0.8004 off=0.624 active=50 elapsed=58.9m ETA=4m
  R145 loss=0.111 acc=0.8016 off=0.609 active=50 elapsed=61.0m ETA=2m
  R150 loss=0.105 acc=0.8139 off=0.593 active=50 elapsed=62.8m ETA=0m
  Saved: /home/honeynaps/data/driftgate/journal_expansion/runs/phaseT6_S1/s1_fixed050_s2.json  integrated=0.6258
