[s1_fixed030_s3] scenario=S1 arm=fixed030 mode=fixed K=50 L=5 rounds=150 delay=0 device=cuda:0
  R  1 loss=0.902 acc=0.2897 off=1.000 active=50 elapsed=0.5m ETA=81m
  R  5 loss=0.523 acc=0.5230 off=1.000 active=50 elapsed=2.4m ETA=69m
  R 10 loss=0.469 acc=0.5759 off=1.000 active=50 elapsed=4.5m ETA=64m
  R 15 loss=0.434 acc=0.6025 off=0.999 active=50 elapsed=6.7m ETA=61m
  R 20 loss=0.403 acc=0.6068 off=0.999 active=50 elapsed=8.9m ETA=58m
  R 25 loss=0.386 acc=0.5992 off=0.997 active=50 elapsed=11.2m ETA=56m
  R 30 loss=0.371 acc=0.5549 off=0.994 active=50 elapsed=13.5m ETA=54m
  R 35 loss=0.357 acc=0.5122 off=0.994 active=50 elapsed=15.9m ETA=52m
  R 40 loss=0.340 acc=0.5367 off=0.990 active=50 elapsed=18.1m ETA=50m
  R 45 loss=0.322 acc=0.5530 off=0.989 active=50 elapsed=20.5m ETA=48m
  R 50 loss=0.312 acc=0.5387 off=0.982 active=50 elapsed=22.8m ETA=46m
  R 55 loss=0.296 acc=0.5568 off=0.985 active=50 elapsed=25.1m ETA=43m
  R 60 loss=0.288 acc=0.5380 off=0.966 active=50 elapsed=27.4m ETA=41m
  R 65 loss=0.277 acc=0.5533 off=0.973 active=50 elapsed=29.7m ETA=39m
  R 70 loss=0.263 acc=0.5562 off=0.971 active=50 elapsed=32.1m ETA=37m
  R 75 loss=0.256 acc=0.5540 off=0.950 active=50 elapsed=34.4m ETA=34m
  R 80 loss=0.250 acc=0.5934 off=0.976 active=50 elapsed=36.7m ETA=32m
  R 85 loss=0.234 acc=0.5813 off=0.962 active=50 elapsed=39.1m ETA=30m
  R 90 loss=0.224 acc=0.5939 off=0.962 active=50 elapsed=41.4m ETA=28m
  R 95 loss=0.218 acc=0.5895 off=0.962 active=50 elapsed=43.7m ETA=25m
  R100 loss=0.213 acc=0.5821 off=0.940 active=50 elapsed=46.0m ETA=23m
  R105 loss=0.210 acc=0.6077 off=0.953 active=50 elapsed=48.3m ETA=21m
  R110 loss=0.206 acc=0.6066 off=0.944 active=50 elapsed=50.7m ETA=18m
  R115 loss=0.200 acc=0.6092 off=0.930 active=50 elapsed=53.1m ETA=16m
  R120 loss=0.195 acc=0.6172 off=0.922 active=50 elapsed=55.4m ETA=14m
  R125 loss=0.183 acc=0.6700 off=0.911 active=50 elapsed=57.7m ETA=12m
  R130 loss=0.170 acc=0.7033 off=0.887 active=50 elapsed=59.9m ETA=9m
  R135 loss=0.172 acc=0.6972 off=0.865 active=50 elapsed=62.0m ETA=7m
  R140 loss=0.160 acc=0.7332 off=0.837 active=50 elapsed=64.1m ETA=5m
  R145 loss=0.147 acc=0.7461 off=0.853 active=50 elapsed=66.5m ETA=2m
  R150 loss=0.148 acc=0.7498 off=0.839 active=50 elapsed=69.0m ETA=0m
  Saved: /home/honeynaps/data/driftgate/journal_expansion/runs/phaseT6_S1/s1_fixed030_s3.json  integrated=0.5913
