[s1fast_driftgate_own_s0] scenario=S1fast arm=driftgate_own mode=selfcal K=50 L=5 rounds=150 delay=0 device=cuda:0
  R  1 loss=0.854 acc=0.3275 off=1.000 active=50 elapsed=0.6m ETA=87m
  R  5 loss=0.437 acc=0.5030 off=1.000 active=50 elapsed=2.3m ETA=67m
  R 10 loss=0.381 acc=0.5715 off=0.999 active=50 elapsed=4.5m ETA=63m
  R 15 loss=0.349 acc=0.6132 off=0.997 active=50 elapsed=6.8m ETA=61m
  R 20 loss=0.320 acc=0.6356 off=0.990 active=50 elapsed=9.0m ETA=59m
  R 25 loss=0.300 acc=0.6275 off=0.988 active=50 elapsed=11.2m ETA=56m
  R 30 loss=0.254 acc=0.6050 off=0.961 active=50 elapsed=13.5m ETA=54m
  R 35 loss=0.253 acc=0.5697 off=0.975 active=50 elapsed=15.8m ETA=52m
  R 40 loss=0.249 acc=0.5742 off=0.960 active=50 elapsed=18.1m ETA=50m
  R 45 loss=0.235 acc=0.5697 off=0.944 active=50 elapsed=20.4m ETA=48m
  R 50 loss=0.236 acc=0.5970 off=0.949 active=50 elapsed=22.7m ETA=45m
  R 55 loss=0.228 acc=0.6050 off=0.944 active=50 elapsed=25.1m ETA=43m
  R 60 loss=0.213 acc=0.6058 off=0.944 active=50 elapsed=27.4m ETA=41m
  R 65 loss=0.209 acc=0.6121 off=0.936 active=50 elapsed=29.7m ETA=39m
  R 70 loss=0.210 acc=0.6063 off=0.922 active=50 elapsed=32.1m ETA=37m
  R 75 loss=0.193 acc=0.6074 off=0.883 active=50 elapsed=34.5m ETA=35m
  R 80 loss=0.184 acc=0.6286 off=0.900 active=50 elapsed=37.0m ETA=32m
  R 85 loss=0.182 acc=0.6243 off=0.894 active=50 elapsed=39.3m ETA=30m
  R 90 loss=0.176 acc=0.6223 off=0.870 active=50 elapsed=41.7m ETA=28m
  R 95 loss=0.169 acc=0.6267 off=0.833 active=50 elapsed=44.0m ETA=25m
  R100 loss=0.158 acc=0.6315 off=0.828 active=50 elapsed=46.4m ETA=23m
  R105 loss=0.152 acc=0.6373 off=0.825 active=50 elapsed=48.7m ETA=21m
  R110 loss=0.146 acc=0.6559 off=0.821 active=50 elapsed=51.1m ETA=19m
  R115 loss=0.133 acc=0.6284 off=0.746 active=50 elapsed=53.4m ETA=16m
  R120 loss=0.124 acc=0.6689 off=0.762 active=50 elapsed=55.7m ETA=14m
  R125 loss=0.112 acc=0.7109 off=0.702 active=50 elapsed=58.1m ETA=12m
  R130 loss=0.111 acc=0.7291 off=0.617 active=50 elapsed=60.5m ETA=9m
  R135 loss=0.095 acc=0.7755 off=0.620 active=50 elapsed=62.8m ETA=7m
  R140 loss=0.087 acc=0.7966 off=0.480 active=50 elapsed=65.1m ETA=5m
  R145 loss=0.087 acc=0.8141 off=0.492 active=50 elapsed=67.3m ETA=2m
  R150 loss=0.098 acc=0.8032 off=0.502 active=50 elapsed=69.5m ETA=0m
  Saved: /home/honeynaps/data/driftgate/journal_expansion/runs/phaseT6_S1fast/s1fast_driftgate_own_s0.json  integrated=0.6317
