[s1fast_fixed020_s2] scenario=S1fast arm=fixed020 mode=fixed K=50 L=5 rounds=150 delay=0 device=cuda:0
  R  1 loss=0.895 acc=0.4395 off=1.000 active=50 elapsed=0.6m ETA=84m
  R  5 loss=0.501 acc=0.5672 off=1.000 active=50 elapsed=2.4m ETA=69m
  R 10 loss=0.443 acc=0.6091 off=1.000 active=50 elapsed=4.4m ETA=62m
  R 15 loss=0.406 acc=0.6472 off=0.999 active=50 elapsed=6.5m ETA=58m
  R 20 loss=0.382 acc=0.6645 off=0.999 active=50 elapsed=8.6m ETA=56m
  R 25 loss=0.361 acc=0.6428 off=0.993 active=50 elapsed=10.6m ETA=53m
  R 30 loss=0.349 acc=0.5816 off=0.996 active=50 elapsed=12.9m ETA=52m
  R 35 loss=0.346 acc=0.5229 off=0.991 active=50 elapsed=15.1m ETA=50m
  R 40 loss=0.329 acc=0.5239 off=0.985 active=50 elapsed=17.2m ETA=47m
  R 45 loss=0.315 acc=0.5287 off=0.985 active=50 elapsed=19.3m ETA=45m
  R 50 loss=0.304 acc=0.5500 off=0.984 active=50 elapsed=21.6m ETA=43m
  R 55 loss=0.291 acc=0.5567 off=0.986 active=50 elapsed=23.9m ETA=41m
  R 60 loss=0.280 acc=0.5603 off=0.980 active=50 elapsed=26.0m ETA=39m
  R 65 loss=0.272 acc=0.5739 off=0.975 active=50 elapsed=28.2m ETA=37m
  R 70 loss=0.264 acc=0.5945 off=0.983 active=50 elapsed=30.5m ETA=35m
  R 75 loss=0.256 acc=0.6187 off=0.985 active=50 elapsed=32.6m ETA=33m
  R 80 loss=0.245 acc=0.5982 off=0.964 active=50 elapsed=34.8m ETA=30m
  R 85 loss=0.234 acc=0.6141 off=0.989 active=50 elapsed=37.1m ETA=28m
  R 90 loss=0.223 acc=0.6231 off=0.981 active=50 elapsed=39.2m ETA=26m
  R 95 loss=0.215 acc=0.6363 off=0.965 active=50 elapsed=41.5m ETA=24m
  R100 loss=0.213 acc=0.6395 off=0.977 active=50 elapsed=43.7m ETA=22m
  R105 loss=0.212 acc=0.6413 off=0.968 active=50 elapsed=45.6m ETA=20m
  R110 loss=0.207 acc=0.6300 off=0.954 active=50 elapsed=47.3m ETA=17m
  R115 loss=0.199 acc=0.6311 off=0.964 active=50 elapsed=49.0m ETA=15m
  R120 loss=0.197 acc=0.6515 off=0.938 active=50 elapsed=50.9m ETA=13m
  R125 loss=0.191 acc=0.6652 off=0.943 active=50 elapsed=52.4m ETA=10m
  R130 loss=0.177 acc=0.7061 off=0.929 active=50 elapsed=54.2m ETA=8m
  R135 loss=0.168 acc=0.7472 off=0.931 active=50 elapsed=55.8m ETA=6m
  R140 loss=0.164 acc=0.7743 off=0.895 active=50 elapsed=57.3m ETA=4m
  R145 loss=0.154 acc=0.7856 off=0.906 active=50 elapsed=59.0m ETA=2m
  R150 loss=0.153 acc=0.7764 off=0.883 active=50 elapsed=60.6m ETA=0m
  Saved: /home/honeynaps/data/driftgate/journal_expansion/runs/phaseT6_S1fast/s1fast_fixed020_s2.json  integrated=0.6226
