[s2_apfl010_s1] scenario=S2 arm=apfl010 mode=apfl K=50 L=5 rounds=150 delay=0 device=cuda:0
  R  1 loss=0.968 acc=0.2255 off=0.999 active=50 elapsed=0.6m ETA=93m
  R  5 loss=0.435 acc=0.5343 off=0.927 active=50 elapsed=2.5m ETA=74m
  R 10 loss=0.344 acc=0.5657 off=0.879 active=50 elapsed=5.0m ETA=69m
  R 15 loss=0.305 acc=0.5842 off=0.880 active=50 elapsed=7.4m ETA=67m
  R 20 loss=0.274 acc=0.6386 off=0.847 active=50 elapsed=9.8m ETA=64m
  R 25 loss=0.256 acc=0.6685 off=0.801 active=50 elapsed=12.3m ETA=61m
  R 30 loss=0.242 acc=0.6915 off=0.788 active=50 elapsed=14.7m ETA=59m
  R 35 loss=0.245 acc=0.6875 off=0.781 active=50 elapsed=17.2m ETA=56m
  R 40 loss=0.222 acc=0.6858 off=0.747 active=50 elapsed=19.6m ETA=54m
  R 45 loss=0.212 acc=0.6719 off=0.746 active=50 elapsed=21.9m ETA=51m
  R 50 loss=0.203 acc=0.6863 off=0.717 active=50 elapsed=24.5m ETA=49m
  R 55 loss=0.194 acc=0.6686 off=0.715 active=50 elapsed=27.0m ETA=47m
  R 60 loss=0.190 acc=0.6557 off=0.674 active=50 elapsed=29.5m ETA=44m
  R 65 loss=0.166 acc=0.6477 off=0.673 active=50 elapsed=32.0m ETA=42m
  R 70 loss=0.163 acc=0.6565 off=0.656 active=50 elapsed=34.5m ETA=39m
  R 75 loss=0.158 acc=0.6697 off=0.690 active=50 elapsed=37.0m ETA=37m
  R 80 loss=0.157 acc=0.6613 off=0.681 active=50 elapsed=39.5m ETA=35m
  R 85 loss=0.154 acc=0.6660 off=0.662 active=50 elapsed=42.0m ETA=32m
  R 90 loss=0.142 acc=0.6666 off=0.637 active=50 elapsed=44.6m ETA=30m
  R 95 loss=0.133 acc=0.6718 off=0.616 active=50 elapsed=47.1m ETA=27m
  R100 loss=0.134 acc=0.6702 off=0.662 active=50 elapsed=49.6m ETA=25m
  R105 loss=0.141 acc=0.6906 off=0.584 active=50 elapsed=52.1m ETA=22m
  R110 loss=0.150 acc=0.7041 off=0.637 active=50 elapsed=54.8m ETA=20m
  R115 loss=0.126 acc=0.7041 off=0.554 active=50 elapsed=57.3m ETA=17m
  R120 loss=0.118 acc=0.7223 off=0.569 active=50 elapsed=59.8m ETA=15m
  R125 loss=0.127 acc=0.7471 off=0.585 active=50 elapsed=62.4m ETA=12m
  R130 loss=0.125 acc=0.7307 off=0.590 active=50 elapsed=64.8m ETA=10m
  R135 loss=0.127 acc=0.7256 off=0.547 active=50 elapsed=67.3m ETA=7m
  R140 loss=0.118 acc=0.7287 off=0.547 active=50 elapsed=69.8m ETA=5m
  R145 loss=0.112 acc=0.7301 off=0.527 active=50 elapsed=72.5m ETA=2m
  R150 loss=0.123 acc=0.7595 off=0.545 active=50 elapsed=74.9m ETA=0m
  Saved: /home/honeynaps/data/driftgate/journal_expansion/runs/phaseT6_S2/s2_apfl010_s1.json  integrated=0.6618
