[s2_driftgate_own_s2] scenario=S2 arm=driftgate_own mode=selfcal K=50 L=5 rounds=150 delay=0 device=cuda:0
  R  1 loss=1.022 acc=0.3686 off=1.000 active=50 elapsed=0.6m ETA=93m
  R  5 loss=0.459 acc=0.5946 off=0.992 active=50 elapsed=2.3m ETA=66m
  R 10 loss=0.383 acc=0.6436 off=0.975 active=50 elapsed=4.3m ETA=60m
  R 15 loss=0.337 acc=0.6400 off=0.947 active=50 elapsed=6.6m ETA=59m
  R 20 loss=0.313 acc=0.6607 off=0.923 active=50 elapsed=8.6m ETA=56m
  R 25 loss=0.290 acc=0.6835 off=0.901 active=50 elapsed=10.7m ETA=54m
  R 30 loss=0.179 acc=0.7399 off=0.615 active=50 elapsed=12.8m ETA=51m
  R 35 loss=0.160 acc=0.7233 off=0.611 active=50 elapsed=14.8m ETA=49m
  R 40 loss=0.146 acc=0.7119 off=0.611 active=50 elapsed=16.9m ETA=47m
  R 45 loss=0.138 acc=0.7055 off=0.602 active=50 elapsed=19.0m ETA=44m
  R 50 loss=0.136 acc=0.6742 off=0.624 active=50 elapsed=21.1m ETA=42m
  R 55 loss=0.128 acc=0.7023 off=0.581 active=50 elapsed=23.2m ETA=40m
  R 60 loss=0.125 acc=0.7016 off=0.559 active=50 elapsed=25.3m ETA=38m
  R 65 loss=0.115 acc=0.7022 off=0.539 active=50 elapsed=27.4m ETA=36m
  R 70 loss=0.116 acc=0.6913 off=0.572 active=50 elapsed=29.6m ETA=34m
  R 75 loss=0.110 acc=0.6869 off=0.577 active=50 elapsed=31.7m ETA=32m
  R 80 loss=0.106 acc=0.6793 off=0.539 active=50 elapsed=33.8m ETA=30m
  R 85 loss=0.094 acc=0.6831 off=0.560 active=50 elapsed=36.0m ETA=27m
  R 90 loss=0.108 acc=0.6564 off=0.528 active=50 elapsed=38.1m ETA=25m
  R 95 loss=0.097 acc=0.7045 off=0.521 active=50 elapsed=40.2m ETA=23m
  R100 loss=0.091 acc=0.6815 off=0.484 active=50 elapsed=42.2m ETA=21m
  R105 loss=0.085 acc=0.7194 off=0.497 active=50 elapsed=44.2m ETA=19m
  R110 loss=0.084 acc=0.7279 off=0.487 active=50 elapsed=46.4m ETA=17m
  R115 loss=0.079 acc=0.7153 off=0.446 active=50 elapsed=48.6m ETA=15m
  R120 loss=0.081 acc=0.7154 off=0.453 active=50 elapsed=50.8m ETA=13m
  R125 loss=0.071 acc=0.7114 off=0.467 active=50 elapsed=53.0m ETA=11m
  R130 loss=0.080 acc=0.7253 off=0.427 active=50 elapsed=55.0m ETA=8m
  R135 loss=0.074 acc=0.7570 off=0.399 active=50 elapsed=57.0m ETA=6m
  R140 loss=0.078 acc=0.7463 off=0.411 active=50 elapsed=59.2m ETA=4m
  R145 loss=0.067 acc=0.7708 off=0.413 active=50 elapsed=61.4m ETA=2m
  R150 loss=0.077 acc=0.7893 off=0.431 active=50 elapsed=63.6m ETA=0m
  Saved: /home/honeynaps/data/driftgate/journal_expansion/runs/phaseT6_S2/s2_driftgate_own_s2.json  integrated=0.6907
