[s2_fixed020_s0] scenario=S2 arm=fixed020 mode=fixed K=50 L=5 rounds=150 delay=0 device=cuda:0
  R  1 loss=0.975 acc=0.2514 off=1.000 active=50 elapsed=0.4m ETA=64m
  R  5 loss=0.637 acc=0.4090 off=1.000 active=50 elapsed=2.3m ETA=68m
  R 10 loss=0.576 acc=0.5193 off=1.000 active=50 elapsed=4.7m ETA=66m
  R 15 loss=0.540 acc=0.5211 off=1.000 active=50 elapsed=7.1m ETA=64m
  R 20 loss=0.508 acc=0.5540 off=1.000 active=50 elapsed=9.6m ETA=62m
  R 25 loss=0.477 acc=0.5736 off=0.998 active=50 elapsed=11.9m ETA=59m
  R 30 loss=0.463 acc=0.5851 off=0.994 active=50 elapsed=14.2m ETA=57m
  R 35 loss=0.439 acc=0.5960 off=0.996 active=50 elapsed=16.5m ETA=54m
  R 40 loss=0.415 acc=0.6081 off=0.992 active=50 elapsed=18.9m ETA=52m
  R 45 loss=0.402 acc=0.5896 off=0.997 active=50 elapsed=21.4m ETA=50m
  R 50 loss=0.383 acc=0.6159 off=0.998 active=50 elapsed=23.8m ETA=48m
  R 55 loss=0.368 acc=0.5690 off=0.966 active=50 elapsed=26.2m ETA=45m
  R 60 loss=0.354 acc=0.5957 off=0.986 active=50 elapsed=28.7m ETA=43m
  R 65 loss=0.340 acc=0.6081 off=0.985 active=50 elapsed=31.0m ETA=41m
  R 70 loss=0.321 acc=0.6088 off=0.994 active=50 elapsed=33.4m ETA=38m
  R 75 loss=0.309 acc=0.6138 off=0.982 active=50 elapsed=35.7m ETA=36m
  R 80 loss=0.301 acc=0.6201 off=0.990 active=50 elapsed=38.1m ETA=33m
  R 85 loss=0.297 acc=0.6202 off=0.986 active=50 elapsed=40.4m ETA=31m
  R 90 loss=0.292 acc=0.6332 off=0.985 active=50 elapsed=42.7m ETA=28m
  R 95 loss=0.278 acc=0.6443 off=0.981 active=50 elapsed=45.1m ETA=26m
  R100 loss=0.274 acc=0.6399 off=0.984 active=50 elapsed=47.6m ETA=24m
  R105 loss=0.265 acc=0.6439 off=0.980 active=50 elapsed=49.7m ETA=21m
  R110 loss=0.264 acc=0.6536 off=0.985 active=50 elapsed=51.8m ETA=19m
  R115 loss=0.254 acc=0.6559 off=0.982 active=50 elapsed=53.9m ETA=16m
  R120 loss=0.250 acc=0.6691 off=0.980 active=50 elapsed=55.9m ETA=14m
  R125 loss=0.246 acc=0.6760 off=0.978 active=50 elapsed=57.9m ETA=12m
  R130 loss=0.234 acc=0.6704 off=0.979 active=50 elapsed=59.9m ETA=9m
  R135 loss=0.233 acc=0.6717 off=0.971 active=50 elapsed=62.0m ETA=7m
  R140 loss=0.231 acc=0.6738 off=0.972 active=50 elapsed=64.0m ETA=5m
  R145 loss=0.221 acc=0.6668 off=0.957 active=50 elapsed=65.7m ETA=2m
  R150 loss=0.219 acc=0.6976 off=0.953 active=50 elapsed=67.3m ETA=0m
  Saved: /home/honeynaps/data/driftgate/journal_expansion/runs/phaseT6_S2/s2_fixed020_s0.json  integrated=0.6018
