[s2_fixed040_s1] scenario=S2 arm=fixed040 mode=fixed K=50 L=5 rounds=150 delay=0 device=cuda:0
  R  1 loss=0.968 acc=0.2205 off=1.000 active=50 elapsed=0.5m ETA=75m
  R  5 loss=0.526 acc=0.5184 off=0.990 active=50 elapsed=2.6m ETA=77m
  R 10 loss=0.458 acc=0.5518 off=0.985 active=50 elapsed=4.7m ETA=65m
  R 15 loss=0.411 acc=0.5930 off=0.987 active=50 elapsed=6.8m ETA=61m
  R 20 loss=0.383 acc=0.6258 off=0.973 active=50 elapsed=9.2m ETA=60m
  R 25 loss=0.363 acc=0.6839 off=0.985 active=50 elapsed=11.4m ETA=57m
  R 30 loss=0.336 acc=0.7154 off=0.984 active=50 elapsed=13.4m ETA=54m
  R 35 loss=0.309 acc=0.6782 off=0.953 active=50 elapsed=15.5m ETA=51m
  R 40 loss=0.284 acc=0.6930 off=0.938 active=50 elapsed=18.0m ETA=50m
  R 45 loss=0.273 acc=0.6757 off=0.924 active=50 elapsed=20.2m ETA=47m
  R 50 loss=0.252 acc=0.6839 off=0.894 active=50 elapsed=22.5m ETA=45m
  R 55 loss=0.241 acc=0.6667 off=0.904 active=50 elapsed=24.9m ETA=43m
  R 60 loss=0.224 acc=0.6436 off=0.846 active=50 elapsed=27.0m ETA=40m
  R 65 loss=0.216 acc=0.6382 off=0.827 active=50 elapsed=29.1m ETA=38m
  R 70 loss=0.211 acc=0.6448 off=0.838 active=50 elapsed=31.3m ETA=36m
  R 75 loss=0.199 acc=0.6224 off=0.825 active=50 elapsed=33.7m ETA=34m
  R 80 loss=0.186 acc=0.6709 off=0.834 active=50 elapsed=35.8m ETA=31m
  R 85 loss=0.182 acc=0.6678 off=0.818 active=50 elapsed=37.8m ETA=29m
  R 90 loss=0.178 acc=0.6718 off=0.810 active=50 elapsed=40.4m ETA=27m
  R 95 loss=0.182 acc=0.6541 off=0.774 active=50 elapsed=42.5m ETA=25m
  R100 loss=0.170 acc=0.6818 off=0.835 active=50 elapsed=45.1m ETA=23m
  R105 loss=0.161 acc=0.7073 off=0.824 active=50 elapsed=47.3m ETA=20m
  R110 loss=0.160 acc=0.6978 off=0.768 active=50 elapsed=49.7m ETA=18m
  R115 loss=0.166 acc=0.7081 off=0.767 active=50 elapsed=51.7m ETA=16m
  R120 loss=0.152 acc=0.7171 off=0.761 active=50 elapsed=53.8m ETA=13m
  R125 loss=0.156 acc=0.7381 off=0.766 active=50 elapsed=56.4m ETA=11m
  R130 loss=0.145 acc=0.7279 off=0.735 active=50 elapsed=58.5m ETA=9m
  R135 loss=0.136 acc=0.7259 off=0.726 active=50 elapsed=60.5m ETA=7m
  R140 loss=0.150 acc=0.6995 off=0.681 active=50 elapsed=63.1m ETA=5m
  R145 loss=0.140 acc=0.7219 off=0.718 active=50 elapsed=65.1m ETA=2m
  R150 loss=0.139 acc=0.7733 off=0.710 active=50 elapsed=67.7m ETA=0m
  Saved: /home/honeynaps/data/driftgate/journal_expansion/runs/phaseT6_S2/s2_fixed040_s1.json  integrated=0.6587
