[s2_fixed040_s2] scenario=S2 arm=fixed040 mode=fixed K=50 L=5 rounds=150 delay=0 device=cuda:0
  R  1 loss=1.022 acc=0.3422 off=1.000 active=50 elapsed=0.5m ETA=78m
  R  5 loss=0.475 acc=0.5900 off=0.994 active=50 elapsed=2.2m ETA=63m
  R 10 loss=0.399 acc=0.6425 off=0.979 active=50 elapsed=4.2m ETA=59m
  R 15 loss=0.351 acc=0.6403 off=0.952 active=50 elapsed=6.2m ETA=56m
  R 20 loss=0.327 acc=0.6619 off=0.930 active=50 elapsed=8.4m ETA=55m
  R 25 loss=0.302 acc=0.6808 off=0.914 active=50 elapsed=10.4m ETA=52m
  R 30 loss=0.267 acc=0.6944 off=0.885 active=50 elapsed=12.4m ETA=50m
  R 35 loss=0.245 acc=0.6958 off=0.852 active=50 elapsed=14.4m ETA=47m
  R 40 loss=0.219 acc=0.6843 off=0.856 active=50 elapsed=16.4m ETA=45m
  R 45 loss=0.200 acc=0.6902 off=0.840 active=50 elapsed=18.5m ETA=43m
  R 50 loss=0.177 acc=0.6689 off=0.759 active=50 elapsed=20.6m ETA=41m
  R 55 loss=0.177 acc=0.6810 off=0.774 active=50 elapsed=22.6m ETA=39m
  R 60 loss=0.174 acc=0.6937 off=0.768 active=50 elapsed=24.6m ETA=37m
  R 65 loss=0.164 acc=0.6900 off=0.733 active=50 elapsed=26.6m ETA=35m
  R 70 loss=0.158 acc=0.6782 off=0.732 active=50 elapsed=28.6m ETA=33m
  R 75 loss=0.150 acc=0.6895 off=0.757 active=50 elapsed=30.7m ETA=31m
  R 80 loss=0.145 acc=0.6865 off=0.710 active=50 elapsed=32.7m ETA=29m
  R 85 loss=0.134 acc=0.6915 off=0.728 active=50 elapsed=34.9m ETA=27m
  R 90 loss=0.146 acc=0.6578 off=0.681 active=50 elapsed=37.1m ETA=25m
  R 95 loss=0.137 acc=0.6959 off=0.697 active=50 elapsed=39.2m ETA=23m
  R100 loss=0.125 acc=0.6875 off=0.665 active=50 elapsed=41.3m ETA=21m
  R105 loss=0.118 acc=0.7194 off=0.653 active=50 elapsed=43.3m ETA=19m
  R110 loss=0.122 acc=0.7335 off=0.657 active=50 elapsed=45.5m ETA=17m
  R115 loss=0.115 acc=0.7310 off=0.648 active=50 elapsed=47.6m ETA=14m
  R120 loss=0.114 acc=0.7323 off=0.653 active=50 elapsed=49.6m ETA=12m
  R125 loss=0.105 acc=0.7064 off=0.629 active=50 elapsed=51.6m ETA=10m
  R130 loss=0.115 acc=0.7203 off=0.595 active=50 elapsed=53.7m ETA=8m
  R135 loss=0.108 acc=0.7615 off=0.615 active=50 elapsed=55.5m ETA=6m
  R140 loss=0.114 acc=0.7419 off=0.587 active=50 elapsed=57.6m ETA=4m
  R145 loss=0.098 acc=0.7698 off=0.581 active=50 elapsed=59.7m ETA=2m
  R150 loss=0.103 acc=0.8104 off=0.597 active=50 elapsed=61.6m ETA=0m
  Saved: /home/honeynaps/data/driftgate/journal_expansion/runs/phaseT6_S2/s2_fixed040_s2.json  integrated=0.6861
