[s2_fixed060_s1] scenario=S2 arm=fixed060 mode=fixed K=50 L=5 rounds=150 delay=0 device=cuda:0
  R  1 loss=0.968 acc=0.2304 off=0.993 active=50 elapsed=0.5m ETA=70m
  R  5 loss=0.455 acc=0.5178 off=0.958 active=50 elapsed=2.4m ETA=71m
  R 10 loss=0.384 acc=0.5539 off=0.930 active=50 elapsed=4.5m ETA=63m
  R 15 loss=0.337 acc=0.5919 off=0.932 active=50 elapsed=6.3m ETA=56m
  R 20 loss=0.311 acc=0.6208 off=0.882 active=50 elapsed=8.9m ETA=58m
  R 25 loss=0.291 acc=0.6810 off=0.888 active=50 elapsed=11.0m ETA=55m
  R 30 loss=0.267 acc=0.7064 off=0.886 active=50 elapsed=13.5m ETA=54m
  R 35 loss=0.244 acc=0.6760 off=0.854 active=50 elapsed=15.5m ETA=51m
  R 40 loss=0.221 acc=0.6823 off=0.788 active=50 elapsed=18.0m ETA=50m
  R 45 loss=0.214 acc=0.6657 off=0.789 active=50 elapsed=20.1m ETA=47m
  R 50 loss=0.195 acc=0.6828 off=0.731 active=50 elapsed=22.6m ETA=45m
  R 55 loss=0.185 acc=0.6636 off=0.729 active=50 elapsed=24.8m ETA=43m
  R 60 loss=0.172 acc=0.6479 off=0.673 active=50 elapsed=27.2m ETA=41m
  R 65 loss=0.163 acc=0.6434 off=0.665 active=50 elapsed=28.9m ETA=38m
  R 70 loss=0.163 acc=0.6342 off=0.666 active=50 elapsed=31.2m ETA=36m
  R 75 loss=0.150 acc=0.6220 off=0.653 active=50 elapsed=33.6m ETA=34m
  R 80 loss=0.139 acc=0.6612 off=0.672 active=50 elapsed=35.9m ETA=31m
  R 85 loss=0.133 acc=0.6595 off=0.660 active=50 elapsed=38.1m ETA=29m
  R 90 loss=0.136 acc=0.6756 off=0.662 active=50 elapsed=40.4m ETA=27m
  R 95 loss=0.136 acc=0.6530 off=0.626 active=50 elapsed=42.7m ETA=25m
  R100 loss=0.123 acc=0.6702 off=0.652 active=50 elapsed=45.1m ETA=23m
  R105 loss=0.121 acc=0.6952 off=0.617 active=50 elapsed=47.3m ETA=20m
  R110 loss=0.125 acc=0.6939 off=0.611 active=50 elapsed=49.9m ETA=18m
  R115 loss=0.125 acc=0.6886 off=0.546 active=50 elapsed=51.8m ETA=16m
  R120 loss=0.115 acc=0.7235 off=0.599 active=50 elapsed=53.8m ETA=13m
  R125 loss=0.117 acc=0.7329 off=0.568 active=50 elapsed=56.3m ETA=11m
  R130 loss=0.103 acc=0.7237 off=0.547 active=50 elapsed=58.3m ETA=9m
  R135 loss=0.100 acc=0.7320 off=0.551 active=50 elapsed=60.8m ETA=7m
  R140 loss=0.109 acc=0.7142 off=0.521 active=50 elapsed=63.0m ETA=4m
  R145 loss=0.108 acc=0.7225 off=0.560 active=50 elapsed=65.3m ETA=2m
  R150 loss=0.104 acc=0.7570 off=0.515 active=50 elapsed=67.6m ETA=0m
  Saved: /home/honeynaps/data/driftgate/journal_expansion/runs/phaseT6_S2/s2_fixed060_s1.json  integrated=0.6556
