[s4part05_fixed020_s0] scenario=S4_part05 arm=fixed020 mode=fixed K=50 L=5 rounds=150 delay=0 device=cuda:0
  R  1 loss=0.826 acc=0.2262 off=1.000 active=26 elapsed=0.4m ETA=57m
  R  5 loss=0.561 acc=0.4228 off=1.000 active=24 elapsed=1.3m ETA=37m
  R 10 loss=0.459 acc=0.4743 off=1.000 active=23 elapsed=2.3m ETA=32m
  R 15 loss=0.440 acc=0.5109 off=0.999 active=26 elapsed=3.5m ETA=31m
  R 20 loss=0.445 acc=0.5447 off=1.000 active=25 elapsed=4.5m ETA=29m
  R 25 loss=0.405 acc=0.5492 off=1.000 active=22 elapsed=5.6m ETA=28m
  R 30 loss=0.418 acc=0.5403 off=0.998 active=25 elapsed=6.8m ETA=27m
  R 35 loss=0.423 acc=0.5121 off=1.000 active=25 elapsed=8.1m ETA=26m
  R 40 loss=0.440 acc=0.5083 off=0.998 active=21 elapsed=9.3m ETA=26m
  R 45 loss=0.367 acc=0.5070 off=0.998 active=27 elapsed=10.5m ETA=25m
  R 50 loss=0.349 acc=0.5497 off=1.000 active=23 elapsed=11.8m ETA=24m
  R 55 loss=0.356 acc=0.5498 off=0.997 active=26 elapsed=12.9m ETA=22m
  R 60 loss=0.359 acc=0.5505 off=0.993 active=16 elapsed=14.0m ETA=21m
  R 65 loss=0.334 acc=0.5484 off=0.997 active=24 elapsed=15.3m ETA=20m
  R 70 loss=0.339 acc=0.5511 off=0.998 active=23 elapsed=16.5m ETA=19m
  R 75 loss=0.296 acc=0.5614 off=0.995 active=23 elapsed=17.8m ETA=18m
  R 80 loss=0.345 acc=0.5456 off=0.999 active=25 elapsed=19.2m ETA=17m
  R 85 loss=0.283 acc=0.5836 off=0.999 active=26 elapsed=20.3m ETA=16m
  R 90 loss=0.290 acc=0.5562 off=0.997 active=29 elapsed=21.5m ETA=14m
  R 95 loss=0.296 acc=0.5615 off=0.989 active=25 elapsed=22.8m ETA=13m
  R100 loss=0.290 acc=0.5674 off=0.990 active=23 elapsed=24.0m ETA=12m
  R105 loss=0.247 acc=0.5830 off=0.993 active=25 elapsed=25.1m ETA=11m
  R110 loss=0.277 acc=0.5675 off=0.989 active=29 elapsed=26.3m ETA=10m
  R115 loss=0.261 acc=0.6015 off=0.992 active=26 elapsed=27.5m ETA=8m
  R120 loss=0.264 acc=0.6196 off=0.995 active=19 elapsed=28.7m ETA=7m
  R125 loss=0.286 acc=0.6151 off=0.987 active=21 elapsed=29.8m ETA=6m
  R130 loss=0.236 acc=0.6356 off=0.986 active=18 elapsed=31.0m ETA=5m
  R135 loss=0.236 acc=0.6930 off=0.986 active=23 elapsed=32.1m ETA=4m
  R140 loss=0.204 acc=0.7051 off=0.988 active=24 elapsed=33.3m ETA=2m
  R145 loss=0.225 acc=0.7321 off=0.992 active=30 elapsed=34.7m ETA=1m
  R150 loss=0.248 acc=0.7328 off=0.949 active=20 elapsed=35.7m ETA=0m
  Saved: /home/honeynaps/data/driftgate/journal_expansion/runs/phaseT6_S4/s4part05_fixed020_s0.json  integrated=0.5615
