[r7_DTV_s5] scenario=S1 arm=DTV mode=device K=50 L=5 rounds=150 delay=0 device=cuda:0
  R  1 loss=0.889 acc=0.3614 off=1.000 active=50 elapsed=0.5m ETA=78m
  R  5 loss=0.427 acc=0.5243 off=0.998 active=50 elapsed=2.3m ETA=68m
  R 10 loss=0.369 acc=0.6168 off=0.992 active=50 elapsed=4.7m ETA=65m
  R 15 loss=0.330 acc=0.6409 off=0.983 active=50 elapsed=7.1m ETA=64m
  R 20 loss=0.304 acc=0.6555 off=0.969 active=50 elapsed=9.4m ETA=61m
  R 25 loss=0.283 acc=0.6645 off=0.952 active=50 elapsed=11.8m ETA=59m
  R 30 loss=0.247 acc=0.6364 off=0.869 active=50 elapsed=14.2m ETA=57m
  R 35 loss=0.250 acc=0.5991 off=0.908 active=50 elapsed=16.6m ETA=54m
  R 40 loss=0.251 acc=0.5678 off=0.933 active=50 elapsed=18.9m ETA=52m
  R 45 loss=0.244 acc=0.5627 off=0.906 active=50 elapsed=21.3m ETA=50m
  R 50 loss=0.233 acc=0.5730 off=0.881 active=50 elapsed=23.6m ETA=47m
  R 55 loss=0.226 acc=0.5829 off=0.902 active=50 elapsed=26.0m ETA=45m
  R 60 loss=0.223 acc=0.5827 off=0.872 active=50 elapsed=28.3m ETA=43m
  R 65 loss=0.208 acc=0.5989 off=0.885 active=50 elapsed=30.8m ETA=40m
  R 70 loss=0.201 acc=0.6023 off=0.845 active=50 elapsed=33.3m ETA=38m
  R 75 loss=0.205 acc=0.5851 off=0.860 active=50 elapsed=35.7m ETA=36m
  R 80 loss=0.193 acc=0.5994 off=0.877 active=50 elapsed=38.0m ETA=33m
  R 85 loss=0.192 acc=0.6117 off=0.852 active=50 elapsed=40.4m ETA=31m
  R 90 loss=0.179 acc=0.6274 off=0.842 active=50 elapsed=42.8m ETA=29m
  R 95 loss=0.178 acc=0.6233 off=0.829 active=50 elapsed=45.1m ETA=26m
  R100 loss=0.170 acc=0.6215 off=0.817 active=50 elapsed=47.5m ETA=24m
  R105 loss=0.163 acc=0.6114 off=0.810 active=50 elapsed=50.0m ETA=21m
  R110 loss=0.159 acc=0.6254 off=0.805 active=50 elapsed=52.3m ETA=19m
  R115 loss=0.159 acc=0.6213 off=0.822 active=50 elapsed=54.8m ETA=17m
  R120 loss=0.154 acc=0.6370 off=0.809 active=50 elapsed=57.1m ETA=14m
  R125 loss=0.144 acc=0.6448 off=0.762 active=50 elapsed=59.6m ETA=12m
  R130 loss=0.139 acc=0.7226 off=0.712 active=50 elapsed=62.0m ETA=10m
  R135 loss=0.117 acc=0.7614 off=0.668 active=50 elapsed=64.4m ETA=7m
  R140 loss=0.114 acc=0.7948 off=0.605 active=50 elapsed=66.7m ETA=5m
  R145 loss=0.113 acc=0.8016 off=0.595 active=50 elapsed=68.6m ETA=2m
  R150 loss=0.106 acc=0.8131 off=0.576 active=50 elapsed=70.2m ETA=0m
  Saved: /home/honeynaps/data/driftgate/journal_expansion/runs/phaseT7_gate/r7_DTV_s5.json  integrated=0.6281
