[r7_O_s5] scenario=S1 arm=O mode=oracle K=50 L=5 rounds=150 delay=0 device=cuda:0
  R  1 loss=0.889 acc=0.3678 off=0.996 active=50 elapsed=0.6m ETA=92m
  R  5 loss=0.348 acc=0.5476 off=0.923 active=50 elapsed=2.8m ETA=81m
  R 10 loss=0.285 acc=0.6370 off=0.880 active=50 elapsed=5.6m ETA=78m
  R 15 loss=0.245 acc=0.6663 off=0.834 active=50 elapsed=8.4m ETA=75m
  R 20 loss=0.223 acc=0.6638 off=0.790 active=50 elapsed=11.0m ETA=72m
  R 25 loss=0.219 acc=0.6726 off=0.778 active=50 elapsed=13.8m ETA=69m
  R 30 loss=0.233 acc=0.6466 off=0.811 active=50 elapsed=16.6m ETA=67m
  R 35 loss=0.257 acc=0.6141 off=0.893 active=50 elapsed=19.5m ETA=64m
  R 40 loss=0.275 acc=0.5769 off=0.913 active=50 elapsed=22.3m ETA=61m
  R 45 loss=0.268 acc=0.5780 off=0.911 active=50 elapsed=25.1m ETA=58m
  R 50 loss=0.260 acc=0.5879 off=0.900 active=50 elapsed=27.9m ETA=56m
  R 55 loss=0.249 acc=0.6047 off=0.909 active=50 elapsed=30.7m ETA=53m
  R 60 loss=0.240 acc=0.5976 off=0.887 active=50 elapsed=33.5m ETA=50m
  R 65 loss=0.226 acc=0.6220 off=0.878 active=50 elapsed=36.5m ETA=48m
  R 70 loss=0.219 acc=0.6164 off=0.831 active=50 elapsed=39.3m ETA=45m
  R 75 loss=0.220 acc=0.6010 off=0.857 active=50 elapsed=42.2m ETA=42m
  R 80 loss=0.205 acc=0.6057 off=0.842 active=50 elapsed=45.1m ETA=39m
  R 85 loss=0.197 acc=0.6326 off=0.842 active=50 elapsed=48.0m ETA=37m
  R 90 loss=0.187 acc=0.6353 off=0.833 active=50 elapsed=51.0m ETA=34m
  R 95 loss=0.184 acc=0.6410 off=0.813 active=50 elapsed=53.9m ETA=31m
  R100 loss=0.181 acc=0.6453 off=0.828 active=50 elapsed=56.8m ETA=28m
  R105 loss=0.175 acc=0.6250 off=0.834 active=50 elapsed=59.7m ETA=26m
  R110 loss=0.173 acc=0.6436 off=0.813 active=50 elapsed=62.6m ETA=23m
  R115 loss=0.171 acc=0.6272 off=0.831 active=50 elapsed=65.4m ETA=20m
  R120 loss=0.161 acc=0.6518 off=0.807 active=50 elapsed=68.4m ETA=17m
  R125 loss=0.143 acc=0.6618 off=0.730 active=50 elapsed=71.3m ETA=14m
  R130 loss=0.114 acc=0.7437 off=0.593 active=50 elapsed=74.2m ETA=11m
  R135 loss=0.079 acc=0.7785 off=0.502 active=50 elapsed=77.0m ETA=9m
  R140 loss=0.078 acc=0.8159 off=0.406 active=50 elapsed=79.8m ETA=6m
  R145 loss=0.062 acc=0.8168 off=0.362 active=50 elapsed=82.0m ETA=3m
  R150 loss=0.063 acc=0.8193 off=0.357 active=50 elapsed=83.8m ETA=0m
  Saved: /home/honeynaps/data/driftgate/journal_expansion/runs/phaseT7_gate/r7_O_s5.json  integrated=0.6434
