[r17_s2_replay_s1] scenario=S2 arm=fixed040 mode=fixed K=50 L=5 rounds=150 delay=0 device=cuda:2
  R  1 loss=nan acc=0.8090 off=0.696 active=50 elapsed=0.0m ETA=4m
  R  5 loss=nan acc=0.8052 off=0.696 active=50 elapsed=0.1m ETA=2m
  R 10 loss=nan acc=0.8047 off=0.696 active=50 elapsed=0.1m ETA=1m
  R 15 loss=nan acc=0.8033 off=0.701 active=50 elapsed=0.1m ETA=1m
  R 20 loss=nan acc=0.8048 off=0.706 active=50 elapsed=0.1m ETA=1m
  R 25 loss=nan acc=0.8019 off=0.696 active=50 elapsed=0.2m ETA=1m
  R 30 loss=nan acc=0.7980 off=0.696 active=50 elapsed=0.2m ETA=1m
  R 35 loss=nan acc=0.7815 off=0.704 active=50 elapsed=0.2m ETA=1m
  R 40 loss=nan acc=0.7624 off=0.709 active=50 elapsed=0.2m ETA=1m
  R 45 loss=nan acc=0.7500 off=0.720 active=50 elapsed=0.3m ETA=1m
  R 50 loss=nan acc=0.7510 off=0.721 active=50 elapsed=0.3m ETA=1m
  R 55 loss=nan acc=0.7456 off=0.731 active=50 elapsed=0.3m ETA=1m
  R 60 loss=nan acc=0.7358 off=0.736 active=50 elapsed=0.4m ETA=1m
  R 65 loss=nan acc=0.7298 off=0.737 active=50 elapsed=0.4m ETA=1m
  R 70 loss=nan acc=0.7183 off=0.733 active=50 elapsed=0.4m ETA=0m
  R 75 loss=nan acc=0.7156 off=0.736 active=50 elapsed=0.5m ETA=0m
  R 80 loss=nan acc=0.7203 off=0.742 active=50 elapsed=0.5m ETA=0m
  R 85 loss=nan acc=0.7193 off=0.742 active=50 elapsed=0.5m ETA=0m
  R 90 loss=nan acc=0.7219 off=0.744 active=50 elapsed=0.6m ETA=0m
  R 95 loss=nan acc=0.7175 off=0.739 active=50 elapsed=0.6m ETA=0m
  R100 loss=nan acc=0.7200 off=0.741 active=50 elapsed=0.6m ETA=0m
  R105 loss=nan acc=0.7340 off=0.737 active=50 elapsed=0.7m ETA=0m
  R110 loss=nan acc=0.7375 off=0.735 active=50 elapsed=0.7m ETA=0m
  R115 loss=nan acc=0.7416 off=0.737 active=50 elapsed=0.7m ETA=0m
  R120 loss=nan acc=0.7477 off=0.728 active=50 elapsed=0.7m ETA=0m
  R125 loss=nan acc=0.7498 off=0.726 active=50 elapsed=0.8m ETA=0m
  R130 loss=nan acc=0.7490 off=0.730 active=50 elapsed=0.8m ETA=0m
  R135 loss=nan acc=0.7513 off=0.715 active=50 elapsed=0.8m ETA=0m
  R140 loss=nan acc=0.7413 off=0.721 active=50 elapsed=0.9m ETA=0m
  R145 loss=nan acc=0.7569 off=0.717 active=50 elapsed=0.9m ETA=0m
  R150 loss=nan acc=0.7753 off=0.711 active=50 elapsed=0.9m ETA=0m
  Saved: /home/honeynaps/data/driftgate/journal_expansion/runs/phaseT17_featgate/r17_s2_replay_s1.json  integrated=0.7548
{
 "run": "r17_s2_replay_s1",
 "checkpoint": "/home/honeynaps/data/driftgate/journal_expansion/runs/phaseT15_replay/r15_s2_fixed040_s1_ckpt.pt",
 "n_requests": 3340692,
 "replay_seconds": 84.8371193408966,
 "own_feature_seconds": 0.6249828338623047,
 "fc3_check_max_abs": 0.0,
 "own_samples": 49967,
 "cell_samples": 49967,
 "device": "cuda:2",
 "time": "2026-10-06 01:54:51"
}
