[r17_s1_replay_s3] scenario=S1 arm=fixed040 mode=fixed K=50 L=5 rounds=150 delay=0 device=cuda:2
  R  1 loss=nan acc=0.7596 off=0.751 active=50 elapsed=0.0m ETA=5m
  R  5 loss=nan acc=0.7596 off=0.751 active=50 elapsed=0.1m ETA=2m
  R 10 loss=nan acc=0.7596 off=0.751 active=50 elapsed=0.1m ETA=1m
  R 15 loss=nan acc=0.7596 off=0.751 active=50 elapsed=0.1m ETA=1m
  R 20 loss=nan acc=0.7547 off=0.753 active=50 elapsed=0.1m ETA=1m
  R 25 loss=nan acc=0.7275 off=0.757 active=50 elapsed=0.2m ETA=1m
  R 30 loss=nan acc=0.6879 off=0.779 active=50 elapsed=0.2m ETA=1m
  R 35 loss=nan acc=0.6526 off=0.791 active=50 elapsed=0.2m ETA=1m
  R 40 loss=nan acc=0.6424 off=0.796 active=50 elapsed=0.3m ETA=1m
  R 45 loss=nan acc=0.6424 off=0.796 active=50 elapsed=0.3m ETA=1m
  R 50 loss=nan acc=0.6424 off=0.796 active=50 elapsed=0.4m ETA=1m
  R 55 loss=nan acc=0.6424 off=0.796 active=50 elapsed=0.4m ETA=1m
  R 60 loss=nan acc=0.6372 off=0.796 active=50 elapsed=0.4m ETA=1m
  R 65 loss=nan acc=0.6372 off=0.796 active=50 elapsed=0.5m ETA=1m
  R 70 loss=nan acc=0.6400 off=0.794 active=50 elapsed=0.5m ETA=1m
  R 75 loss=nan acc=0.6429 off=0.792 active=50 elapsed=0.5m ETA=1m
  R 80 loss=nan acc=0.6459 off=0.805 active=50 elapsed=0.6m ETA=1m
  R 85 loss=nan acc=0.6367 off=0.799 active=50 elapsed=0.6m ETA=0m
  R 90 loss=nan acc=0.6262 off=0.798 active=50 elapsed=0.7m ETA=0m
  R 95 loss=nan acc=0.6225 off=0.802 active=50 elapsed=0.7m ETA=0m
  R100 loss=nan acc=0.6345 off=0.799 active=50 elapsed=0.7m ETA=0m
  R105 loss=nan acc=0.6399 off=0.797 active=50 elapsed=0.8m ETA=0m
  R110 loss=nan acc=0.6345 off=0.799 active=50 elapsed=0.8m ETA=0m
  R115 loss=nan acc=0.6399 off=0.797 active=50 elapsed=0.8m ETA=0m
  R120 loss=nan acc=0.6512 off=0.792 active=50 elapsed=0.9m ETA=0m
  R125 loss=nan acc=0.6861 off=0.787 active=50 elapsed=0.9m ETA=0m
  R130 loss=nan acc=0.7183 off=0.762 active=50 elapsed=0.9m ETA=0m
  R135 loss=nan acc=0.7307 off=0.759 active=50 elapsed=1.0m ETA=0m
  R140 loss=nan acc=0.7515 off=0.758 active=50 elapsed=1.0m ETA=0m
  R145 loss=nan acc=0.7596 off=0.751 active=50 elapsed=1.0m ETA=0m
  R150 loss=nan acc=0.7596 off=0.751 active=50 elapsed=1.1m ETA=0m
  Saved: /home/honeynaps/data/driftgate/journal_expansion/runs/phaseT17_featgate/r17_s1_replay_s3.json  integrated=0.6815
{
 "run": "r17_s1_replay_s3",
 "checkpoint": "/home/honeynaps/data/driftgate/journal_expansion/runs/phaseT15_replay/r15_s1_fixed040_s3_ckpt.pt",
 "n_requests": 3720688,
 "replay_seconds": 95.61771512031555,
 "own_feature_seconds": 0.6940503120422363,
 "fc3_check_max_abs": 0.0,
 "own_samples": 49980,
 "cell_samples": 49980,
 "device": "cuda:2",
 "time": "2026-10-06 01:48:34"
}
