
=== attempt 1 on GPU 3 at 2026-10-03 19:14:08
[r12_s1_fixed040_s3] scenario=S1 arm=fixed040 mode=fixed K=50 L=5 rounds=150 delay=0 device=cuda:0
  R  1 loss=0.902 acc=0.2904 off=1.000 active=50 elapsed=0.6m ETA=88m
  R  5 loss=0.492 acc=0.5279 off=0.999 active=50 elapsed=2.7m ETA=78m
  R 10 loss=0.439 acc=0.5824 off=0.998 active=50 elapsed=5.4m ETA=76m
  R 15 loss=0.404 acc=0.6021 off=0.995 active=50 elapsed=8.0m ETA=72m
  R 20 loss=0.373 acc=0.6074 off=0.994 active=50 elapsed=10.9m ETA=71m
  R 25 loss=0.355 acc=0.5996 off=0.987 active=50 elapsed=13.6m ETA=68m
  R 30 loss=0.340 acc=0.5551 off=0.979 active=50 elapsed=16.4m ETA=66m
  R 35 loss=0.326 acc=0.5095 off=0.975 active=50 elapsed=19.2m ETA=63m
  R 40 loss=0.309 acc=0.5334 off=0.973 active=50 elapsed=22.0m ETA=61m
  R 45 loss=0.292 acc=0.5475 off=0.971 active=50 elapsed=24.9m ETA=58m
  R 50 loss=0.282 acc=0.5272 off=0.954 active=50 elapsed=27.7m ETA=55m
  R 55 loss=0.266 acc=0.5496 off=0.958 active=50 elapsed=30.6m ETA=53m
  R 60 loss=0.258 acc=0.5275 off=0.921 active=50 elapsed=33.4m ETA=50m
  R 65 loss=0.248 acc=0.5476 off=0.937 active=50 elapsed=36.4m ETA=48m
  R 70 loss=0.233 acc=0.5447 off=0.929 active=50 elapsed=39.3m ETA=45m
  R 75 loss=0.227 acc=0.5414 off=0.889 active=50 elapsed=42.0m ETA=42m
  R 80 loss=0.221 acc=0.5856 off=0.939 active=50 elapsed=45.9m ETA=40m
  R 85 loss=0.208 acc=0.5709 off=0.914 active=50 elapsed=48.8m ETA=37m
  R 90 loss=0.197 acc=0.5842 off=0.910 active=50 elapsed=51.7m ETA=34m
  R 95 loss=0.191 acc=0.5708 off=0.891 active=50 elapsed=54.5m ETA=32m
  R100 loss=0.187 acc=0.5690 off=0.884 active=50 elapsed=57.3m ETA=29m
  R105 loss=0.185 acc=0.5968 off=0.905 active=50 elapsed=60.1m ETA=26m
  R110 loss=0.180 acc=0.5968 off=0.891 active=50 elapsed=63.0m ETA=23m
  R115 loss=0.175 acc=0.5945 off=0.864 active=50 elapsed=65.8m ETA=20m
  R120 loss=0.174 acc=0.6094 off=0.863 active=50 elapsed=68.6m ETA=17m
  R125 loss=0.160 acc=0.6632 off=0.839 active=50 elapsed=71.3m ETA=14m
  R130 loss=0.148 acc=0.7018 off=0.811 active=50 elapsed=74.0m ETA=11m
  R135 loss=0.150 acc=0.7018 off=0.786 active=50 elapsed=76.7m ETA=9m
  R140 loss=0.141 acc=0.7383 off=0.752 active=50 elapsed=79.4m ETA=6m
  R145 loss=0.128 acc=0.7526 off=0.754 active=50 elapsed=82.3m ETA=3m
  R150 loss=0.130 acc=0.7594 off=0.746 active=50 elapsed=84.3m ETA=0m
  Saved: /home/honeynaps/data/driftgate/journal_expansion/runs/phaseT12_fusion/r12_s1_fixed040_s3.json  integrated=0.5867
