
=== attempt 1 on GPU 2 at 2026-10-03 23:25:13
[r12_s1fast_fixed040_s1] scenario=S1fast arm=fixed040 mode=fixed K=50 L=5 rounds=150 delay=0 device=cuda:0
  R  1 loss=0.865 acc=0.3276 off=1.000 active=50 elapsed=0.7m ETA=109m
  R  5 loss=0.427 acc=0.4740 off=1.000 active=50 elapsed=2.9m ETA=84m
  R 10 loss=0.373 acc=0.5317 off=0.992 active=50 elapsed=5.7m ETA=80m
  R 15 loss=0.341 acc=0.5708 off=0.984 active=50 elapsed=8.6m ETA=77m
  R 20 loss=0.313 acc=0.5944 off=0.988 active=50 elapsed=11.2m ETA=73m
  R 25 loss=0.292 acc=0.6275 off=0.979 active=50 elapsed=14.2m ETA=71m
  R 30 loss=0.276 acc=0.6347 off=0.986 active=50 elapsed=16.7m ETA=67m
  R 35 loss=0.264 acc=0.6122 off=0.983 active=50 elapsed=19.8m ETA=65m
  R 40 loss=0.252 acc=0.5849 off=0.976 active=50 elapsed=22.2m ETA=61m
  R 45 loss=0.240 acc=0.6075 off=0.977 active=50 elapsed=24.9m ETA=58m
  R 50 loss=0.225 acc=0.5988 off=0.964 active=50 elapsed=28.1m ETA=56m
  R 55 loss=0.220 acc=0.5865 off=0.964 active=50 elapsed=30.7m ETA=53m
  R 60 loss=0.212 acc=0.6159 off=0.937 active=50 elapsed=33.5m ETA=50m
  R 65 loss=0.203 acc=0.6260 off=0.949 active=50 elapsed=36.4m ETA=48m
  R 70 loss=0.202 acc=0.6357 off=0.939 active=50 elapsed=39.2m ETA=45m
  R 75 loss=0.188 acc=0.6442 off=0.942 active=50 elapsed=42.1m ETA=42m
  R 80 loss=0.177 acc=0.6434 off=0.950 active=50 elapsed=44.7m ETA=39m
  R 85 loss=0.176 acc=0.6509 off=0.914 active=50 elapsed=47.7m ETA=36m
  R 90 loss=0.170 acc=0.6359 off=0.894 active=50 elapsed=50.5m ETA=34m
  R 95 loss=0.161 acc=0.6459 off=0.896 active=50 elapsed=53.0m ETA=31m
  R100 loss=0.160 acc=0.6544 off=0.892 active=50 elapsed=55.9m ETA=28m
  R105 loss=0.156 acc=0.6553 off=0.910 active=50 elapsed=58.5m ETA=25m
  R110 loss=0.156 acc=0.6515 off=0.893 active=50 elapsed=61.8m ETA=22m
  R115 loss=0.147 acc=0.6445 off=0.874 active=50 elapsed=64.3m ETA=20m
  R120 loss=0.145 acc=0.6958 off=0.847 active=50 elapsed=66.7m ETA=17m
  R125 loss=0.142 acc=0.6998 off=0.830 active=50 elapsed=68.9m ETA=14m
  R130 loss=0.127 acc=0.7432 off=0.785 active=50 elapsed=71.3m ETA=11m
  R135 loss=0.124 acc=0.7857 off=0.785 active=50 elapsed=73.1m ETA=8m
  R140 loss=0.115 acc=0.7903 off=0.738 active=50 elapsed=74.8m ETA=5m
  R145 loss=0.109 acc=0.8009 off=0.727 active=50 elapsed=76.3m ETA=3m
  R150 loss=0.109 acc=0.7983 off=0.725 active=50 elapsed=78.2m ETA=0m
  Saved: /home/honeynaps/data/driftgate/journal_expansion/runs/phaseT12_fusion/r12_s1fast_fixed040_s1.json  integrated=0.6377
