[t_k500_1] scenario=S3_K500 arm=driftgate_own mode=selfcal K=500 L=50 rounds=3 delay=0 device=cuda:0
Traceback (most recent call last):
  File "/home/honeynaps/data/driftgate/journal_expansion/scripts/run_r6.py", line 94, in <module>
    main()
  File "/home/honeynaps/data/driftgate/journal_expansion/scripts/run_r6.py", line 86, in main
    run_r6(cfg, env_path, args.mode, signal=args.signal, lambda_val=args.lambda_val,
  File "/home/honeynaps/data/driftgate/journal_expansion/src/runner_r6.py", line 357, in run_r6
    mean_loss, act_cells = r6_training_round(clients, active, ES, cur_lam, cur_Lam, mode, gamma, apfl)
                           ^^^^^^^^^^^^^^^^^^^^^^^^^^^^^^^^^^^^^^^^^^^^^^^^^^^^^^^^^^^^^^^^^^^^^^^^^^^
  File "/home/honeynaps/data/driftgate/journal_expansion/src/runner_r6.py", line 160, in r6_training_round
    losses = [c.train_one_round(method="splitomcplus", gamma=gamma) for c in act]
              ^^^^^^^^^^^^^^^^^^^^^^^^^^^^^^^^^^^^^^^^^^^^^^^^^^^^^
  File "/home/honeynaps/data/driftgate/train/trainer.py", line 133, in train_one_round
    loss.backward()
  File "/home/honeynaps/venvs/driftgate/lib/python3.12/site-packages/torch/_tensor.py", line 648, in backward
    torch.autograd.backward(
  File "/home/honeynaps/venvs/driftgate/lib/python3.12/site-packages/torch/autograd/__init__.py", line 353, in backward
    _engine_run_backward(
  File "/home/honeynaps/venvs/driftgate/lib/python3.12/site-packages/torch/autograd/graph.py", line 824, in _engine_run_backward
    return Variable._execution_engine.run_backward(  # Calls into the C++ engine to run the backward pass
           ^^^^^^^^^^^^^^^^^^^^^^^^^^^^^^^^^^^^^^^^^^^^^^^^^^^^^^^^^^^^^^^^^^^^^^^^^^^^^^^^^^^^^^^^^^^^^^
torch.OutOfMemoryError: CUDA out of memory. Tried to allocate 20.00 MiB. GPU 0 has a total capacity of 23.52 GiB of which 5.06 MiB is free. Process 3471210 has 7.72 GiB memory in use. Process 3471207 has 7.90 GiB memory in use. Including non-PyTorch memory, this process has 7.88 GiB memory in use. Of the allocated memory 7.21 GiB is allocated by PyTorch, and 207.44 MiB is reserved by PyTorch but unallocated. If reserved but unallocated memory is large try setting PYTORCH_CUDA_ALLOC_CONF=expandable_segments:True to avoid fragmentation.  See documentation for Memory Management  (https://pytorch.org/docs/stable/notes/cuda.html#environment-variables)
