
=== attempt 1 on GPU 1 at 2026-10-05 14:30:00
[r15_s1_replay_s1] scenario=S1 arm=fixed040 mode=fixed K=50 L=5 rounds=150 delay=0 device=cuda:0
  R  1 loss=nan acc=0.7993 off=0.723 active=50 elapsed=0.0m ETA=2m
  R  5 loss=nan acc=0.7993 off=0.723 active=50 elapsed=0.0m ETA=1m
  R 10 loss=nan acc=0.7993 off=0.723 active=50 elapsed=0.0m ETA=1m
  R 15 loss=nan acc=0.7993 off=0.723 active=50 elapsed=0.1m ETA=1m
  R 20 loss=nan acc=0.7993 off=0.723 active=50 elapsed=0.1m ETA=0m
  R 25 loss=nan acc=0.7864 off=0.732 active=50 elapsed=0.1m ETA=0m
  R 30 loss=nan acc=0.7551 off=0.746 active=50 elapsed=0.1m ETA=0m
  R 35 loss=nan acc=0.6970 off=0.775 active=50 elapsed=0.1m ETA=0m
  R 40 loss=nan acc=0.6709 off=0.783 active=50 elapsed=0.1m ETA=0m
  R 45 loss=nan acc=0.6666 off=0.785 active=50 elapsed=0.2m ETA=0m
  R 50 loss=nan acc=0.6666 off=0.785 active=50 elapsed=0.2m ETA=0m
  R 55 loss=nan acc=0.6665 off=0.785 active=50 elapsed=0.2m ETA=0m
  R 60 loss=nan acc=0.6641 off=0.787 active=50 elapsed=0.2m ETA=0m
  R 65 loss=nan acc=0.6641 off=0.787 active=50 elapsed=0.3m ETA=0m
  R 70 loss=nan acc=0.6641 off=0.787 active=50 elapsed=0.3m ETA=0m
  R 75 loss=nan acc=0.6583 off=0.787 active=50 elapsed=0.3m ETA=0m
  R 80 loss=nan acc=0.6660 off=0.786 active=50 elapsed=0.3m ETA=0m
  R 85 loss=nan acc=0.6628 off=0.787 active=50 elapsed=0.3m ETA=0m
  R 90 loss=nan acc=0.6619 off=0.789 active=50 elapsed=0.4m ETA=0m
  R 95 loss=nan acc=0.6619 off=0.789 active=50 elapsed=0.4m ETA=0m
  R100 loss=nan acc=0.6620 off=0.789 active=50 elapsed=0.4m ETA=0m
  R105 loss=nan acc=0.6620 off=0.789 active=50 elapsed=0.4m ETA=0m
  R110 loss=nan acc=0.6570 off=0.790 active=50 elapsed=0.5m ETA=0m
  R115 loss=nan acc=0.6620 off=0.789 active=50 elapsed=0.5m ETA=0m
  R120 loss=nan acc=0.6829 off=0.780 active=50 elapsed=0.5m ETA=0m
  R125 loss=nan acc=0.7093 off=0.769 active=50 elapsed=0.5m ETA=0m
  R130 loss=nan acc=0.7499 off=0.752 active=50 elapsed=0.5m ETA=0m
  R135 loss=nan acc=0.7836 off=0.733 active=50 elapsed=0.6m ETA=0m
  R140 loss=nan acc=0.7958 off=0.724 active=50 elapsed=0.6m ETA=0m
  R145 loss=nan acc=0.7958 off=0.724 active=50 elapsed=0.6m ETA=0m
  R150 loss=nan acc=0.7993 off=0.723 active=50 elapsed=0.6m ETA=0m
  Saved: /home/honeynaps/data/driftgate/journal_expansion/runs/phaseT15_replay/r15_s1_replay_s1.json  integrated=0.7151
