
=== attempt 1 on GPU 2 at 2026-10-05 13:49:25
[r15_s1_fixed040_s2] scenario=S1 arm=fixed040 mode=fixed K=50 L=5 rounds=150 delay=0 device=cuda:0
  R  1 loss=0.895 acc=0.4425 off=1.000 active=50 elapsed=0.3m ETA=49m
  R  5 loss=0.443 acc=0.5731 off=1.000 active=50 elapsed=1.6m ETA=45m
  R 10 loss=0.387 acc=0.6098 off=0.995 active=50 elapsed=3.1m ETA=44m
  R 15 loss=0.353 acc=0.6511 off=0.992 active=50 elapsed=4.6m ETA=42m
  R 20 loss=0.327 acc=0.6702 off=0.985 active=50 elapsed=6.1m ETA=40m
  R 25 loss=0.308 acc=0.6698 off=0.978 active=50 elapsed=7.6m ETA=38m
  R 30 loss=0.297 acc=0.6133 off=0.977 active=50 elapsed=8.8m ETA=35m
  R 35 loss=0.288 acc=0.5288 off=0.970 active=50 elapsed=10.1m ETA=33m
  R 40 loss=0.277 acc=0.5314 off=0.959 active=50 elapsed=11.3m ETA=31m
  R 45 loss=0.262 acc=0.5480 off=0.963 active=50 elapsed=12.5m ETA=29m
  R 50 loss=0.252 acc=0.5426 off=0.943 active=50 elapsed=13.8m ETA=28m
  R 55 loss=0.244 acc=0.5655 off=0.947 active=50 elapsed=15.1m ETA=26m
  R 60 loss=0.232 acc=0.5803 off=0.940 active=50 elapsed=16.2m ETA=24m
  R 65 loss=0.228 acc=0.5857 off=0.945 active=50 elapsed=17.5m ETA=23m
  R 70 loss=0.218 acc=0.5897 off=0.932 active=50 elapsed=18.7m ETA=21m
  R 75 loss=0.208 acc=0.6036 off=0.921 active=50 elapsed=19.9m ETA=20m
  R 80 loss=0.198 acc=0.6252 off=0.911 active=50 elapsed=21.1m ETA=18m
  R 85 loss=0.194 acc=0.6258 off=0.917 active=50 elapsed=22.4m ETA=17m
  R 90 loss=0.184 acc=0.6189 off=0.933 active=50 elapsed=23.7m ETA=16m
  R 95 loss=0.176 acc=0.6314 off=0.908 active=50 elapsed=25.0m ETA=14m
  R100 loss=0.176 acc=0.6271 off=0.909 active=50 elapsed=26.1m ETA=13m
  R105 loss=0.173 acc=0.6283 off=0.901 active=50 elapsed=27.4m ETA=12m
  R110 loss=0.167 acc=0.6558 off=0.905 active=50 elapsed=28.6m ETA=10m
  R115 loss=0.160 acc=0.6266 off=0.895 active=50 elapsed=29.9m ETA=9m
  R120 loss=0.153 acc=0.6433 off=0.876 active=50 elapsed=31.1m ETA=8m
  R125 loss=0.155 acc=0.6719 off=0.875 active=50 elapsed=32.3m ETA=6m
  R130 loss=0.140 acc=0.6629 off=0.809 active=50 elapsed=33.5m ETA=5m
  R135 loss=0.135 acc=0.7617 off=0.784 active=50 elapsed=34.7m ETA=4m
  R140 loss=0.130 acc=0.7956 off=0.748 active=50 elapsed=35.8m ETA=3m
  R145 loss=0.125 acc=0.7901 off=0.723 active=50 elapsed=37.0m ETA=1m
  R150 loss=0.120 acc=0.8083 off=0.698 active=50 elapsed=38.1m ETA=0m
  Saved: /home/honeynaps/data/driftgate/journal_expansion/runs/phaseT15_replay/r15_s1_fixed040_s2.json  integrated=0.6283
