2026-10-03 19:14:08 dispatcher start (pid 1689913), 50 jobs
2026-10-03 19:14:08 launch r12_s1_fixed040_s0 on GPU 3 (attempt 1, free 23.5 GB, cost 2.5)
2026-10-03 19:14:08 launch r12_s1_fixed040_s1 on GPU 1 (attempt 1, free 23.5 GB, cost 2.5)
2026-10-03 19:14:08 launch r12_s1_fixed040_s2 on GPU 2 (attempt 1, free 23.5 GB, cost 2.5)
2026-10-03 19:14:08 launch r12_s1_fixed040_s3 on GPU 3 (attempt 1, free 21.0 GB, cost 2.5)
2026-10-03 19:14:08 launch r12_s1_fixed040_s4 on GPU 1 (attempt 1, free 21.0 GB, cost 2.5)
2026-10-03 19:14:08 launch r12_s1_driftgate_own_s0 on GPU 2 (attempt 1, free 21.0 GB, cost 2.5)
2026-10-03 19:14:08 launch r12_s1_driftgate_own_s1 on GPU 3 (attempt 1, free 18.5 GB, cost 2.5)
2026-10-03 19:14:08 launch r12_s1_driftgate_own_s2 on GPU 1 (attempt 1, free 18.5 GB, cost 2.5)
2026-10-03 19:14:08 launch r12_s1_driftgate_own_s3 on GPU 2 (attempt 1, free 18.5 GB, cost 2.5)
2026-10-03 19:14:08 launch r12_s1_driftgate_own_s4 on GPU 0 (attempt 1, free 17.7 GB, cost 2.5)
2026-10-03 19:14:08 launch r12_t1_A_fx40_s0 on GPU 3 (attempt 1, free 16.0 GB, cost 2.5)
2026-10-03 19:14:08 launch r12_t1_A_fx40_s1 on GPU 1 (attempt 1, free 16.0 GB, cost 2.5)
2026-10-03 19:14:08 launch r12_t1_A_fx40_s2 on GPU 2 (attempt 1, free 16.0 GB, cost 2.5)
2026-10-03 19:14:08 launch r12_t1_A_fx40_s3 on GPU 0 (attempt 1, free 15.2 GB, cost 2.5)
2026-10-03 19:14:08 launch r12_t1_A_fx40_s4 on GPU 3 (attempt 1, free 13.5 GB, cost 2.5)
2026-10-03 19:14:08 launch r12_r0_b1_relonly_A_s0 on GPU 1 (attempt 1, free 13.5 GB, cost 2.5)
2026-10-03 19:14:08 launch r12_r0_b1_relonly_A_s1 on GPU 2 (attempt 1, free 13.5 GB, cost 2.5)
2026-10-03 19:14:08 launch r12_r0_b1_relonly_A_s2 on GPU 0 (attempt 1, free 12.7 GB, cost 2.5)
2026-10-03 19:14:08 launch r12_r0_b1_relonly_A_s3 on GPU 0 (attempt 1, free 10.2 GB, cost 2.5)
2026-10-03 19:14:08 launch r12_r0_b1_relonly_A_s4 on GPU 0 (attempt 1, free 7.7 GB, cost 2.5)
2026-10-03 20:28:33 launch r12_t1_mob_fx40_s0 on GPU 2 (attempt 1, free 16.1 GB, cost 2.5)
2026-10-03 20:30:04 launch r12_t1_mob_fx40_s1 on GPU 1 (attempt 1, free 18.2 GB, cost 2.5)
2026-10-03 20:30:04 launch r12_t1_mob_fx40_s2 on GPU 1 (attempt 1, free 15.7 GB, cost 2.5)
2026-10-03 20:32:19 launch r12_r0_b1_relonly_mob_s0 on GPU 1 (attempt 1, free 12.1 GB, cost 2.5)
2026-10-03 20:33:04 launch r12_r0_b1_relonly_mob_s1 on GPU 2 (attempt 1, free 16.3 GB, cost 2.5)
2026-10-03 20:34:34 launch r12_r0_b1_relonly_mob_s2 on GPU 2 (attempt 1, free 14.3 GB, cost 2.5)
2026-10-03 20:38:20 launch r12_s3k500_fixed040_s0 on GPU 3 (attempt 1, free 16.1 GB, cost 9.5)
2026-10-03 20:39:05 launch r12_t3_c100gsig_fx40_s0 on GPU 3 (attempt 1, free 5.7 GB, cost 2.5)
2026-10-03 20:42:50 launch r12_s3k200_fixed040_s0 on GPU 3 (attempt 1, free 8.0 GB, cost 5.0)
2026-10-03 20:47:21 launch r12_s3k500_fixed040_s1 on GPU 2 (attempt 1, free 16.1 GB, cost 9.5)
2026-10-03 20:51:52 launch r12_s3k200_fixed040_s1 on GPU 3 (attempt 1, free 7.8 GB, cost 5.0)
2026-10-03 20:54:52 launch r12_s3k500_fixed040_s2 on GPU 1 (attempt 1, free 16.1 GB, cost 9.5)
2026-10-03 20:57:07 launch r12_s3k200_fixed040_s2 on GPU 2 (attempt 1, free 9.5 GB, cost 5.0)
2026-10-03 20:57:07 launch r12_t3_c100gsig_fx40_s1 on GPU 3 (attempt 1, free 5.4 GB, cost 2.5)
2026-10-03 20:59:23 launch r12_e2_res_fx40_A_s0 on GPU 1 (attempt 1, free 9.5 GB, cost 5.0)
2026-10-03 21:55:00 launch r12_t3_c100gsig_fx40_s2 on GPU 2 (attempt 1, free 7.2 GB, cost 2.5)
2026-10-03 21:58:01 launch r12_e2_res_fx40_A_s1 on GPU 1 (attempt 1, free 8.8 GB, cost 5.0)
2026-10-03 21:59:31 launch r12_s2_fixed040_s0 on GPU 2 (attempt 1, free 7.5 GB, cost 2.5)
2026-10-03 22:04:01 launch r12_s2_fixed040_s1 on GPU 2 (attempt 1, free 7.4 GB, cost 2.5)
2026-10-03 22:06:17 launch r12_e2_res_fx40_A_s2 on GPU 1 (attempt 1, free 8.3 GB, cost 5.0)
2026-10-03 22:14:33 launch r12_r0_e2_res_relonly_A_s0 on GPU 1 (attempt 1, free 7.7 GB, cost 5.0)
2026-10-03 22:24:19 launch r12_s2_fixed040_s2 on GPU 3 (attempt 1, free 5.1 GB, cost 2.5)
2026-10-03 23:14:41 launch r12_s1fast_fixed040_s0 on GPU 2 (attempt 1, free 7.1 GB, cost 2.5)
2026-10-03 23:25:13 launch r12_s1fast_fixed040_s1 on GPU 2 (attempt 1, free 7.1 GB, cost 2.5)
2026-10-03 23:34:14 launch r12_s1fast_fixed040_s2 on GPU 3 (attempt 1, free 6.3 GB, cost 2.5)
2026-10-03 23:41:00 launch r12_s4part05_fixed040_s0 on GPU 2 (attempt 1, free 6.6 GB, cost 2.5)
2026-10-03 23:44:45 launch r12_r0_e2_res_relonly_A_s1 on GPU 0 (attempt 1, free 18.2 GB, cost 5.0)
2026-10-03 23:44:45 launch r12_r0_e2_res_relonly_A_s2 on GPU 0 (attempt 1, free 13.2 GB, cost 5.0)
2026-10-03 23:45:30 launch r12_s4part05_fixed040_s1 on GPU 0 (attempt 1, free 5.3 GB, cost 2.5)
2026-10-03 23:50:01 launch r12_s4part05_fixed040_s2 on GPU 0 (attempt 1, free 14.9 GB, cost 2.5)
2026-10-04 04:52:56 all jobs done
