
=== attempt 1 on GPU 3 at 2026-10-04 16:29:34
[r13b_vgg11_middle_s2] scenario=S1 arm=fixed040 mode=fixed K=50 L=5 rounds=150 delay=0 device=cuda:0
  R  1 loss=0.396 acc=0.5023 off=0.986 active=50 elapsed=0.6m ETA=92m
  R  5 loss=0.209 acc=0.6196 off=0.880 active=50 elapsed=2.7m ETA=78m
  R 10 loss=0.182 acc=0.6706 off=0.808 active=50 elapsed=5.2m ETA=73m
  R 15 loss=0.166 acc=0.7010 off=0.765 active=50 elapsed=7.8m ETA=70m
  R 20 loss=0.158 acc=0.7138 off=0.700 active=50 elapsed=10.4m ETA=68m
  R 25 loss=0.147 acc=0.7010 off=0.717 active=50 elapsed=12.9m ETA=64m
  R 30 loss=0.145 acc=0.6536 off=0.794 active=50 elapsed=15.7m ETA=63m
  R 35 loss=0.136 acc=0.5910 off=0.784 active=50 elapsed=18.4m ETA=60m
  R 40 loss=0.132 acc=0.5903 off=0.782 active=50 elapsed=21.0m ETA=58m
  R 45 loss=0.127 acc=0.5993 off=0.762 active=50 elapsed=23.8m ETA=56m
  R 50 loss=0.126 acc=0.6017 off=0.766 active=50 elapsed=26.5m ETA=53m
  R 55 loss=0.122 acc=0.6073 off=0.750 active=50 elapsed=29.4m ETA=51m
  R 60 loss=0.119 acc=0.6159 off=0.751 active=50 elapsed=32.1m ETA=48m
  R 65 loss=0.113 acc=0.6232 off=0.740 active=50 elapsed=35.0m ETA=46m
  R 70 loss=0.110 acc=0.6153 off=0.753 active=50 elapsed=37.8m ETA=43m
  R 75 loss=0.112 acc=0.6164 off=0.740 active=50 elapsed=41.0m ETA=41m
  R 80 loss=0.103 acc=0.6360 off=0.721 active=50 elapsed=43.9m ETA=38m
  R 85 loss=0.097 acc=0.6370 off=0.708 active=50 elapsed=46.8m ETA=36m
  R 90 loss=0.099 acc=0.6330 off=0.702 active=50 elapsed=49.5m ETA=33m
  R 95 loss=0.088 acc=0.6432 off=0.698 active=50 elapsed=52.2m ETA=30m
  R100 loss=0.092 acc=0.6407 off=0.698 active=50 elapsed=55.0m ETA=27m
  R105 loss=0.088 acc=0.6273 off=0.688 active=50 elapsed=57.9m ETA=25m
  R110 loss=0.090 acc=0.6362 off=0.669 active=50 elapsed=60.7m ETA=22m
  R115 loss=0.086 acc=0.6406 off=0.658 active=50 elapsed=64.8m ETA=20m
  R120 loss=0.084 acc=0.6478 off=0.656 active=50 elapsed=69.6m ETA=17m
  R125 loss=0.087 acc=0.6707 off=0.633 active=50 elapsed=74.4m ETA=15m
  R130 loss=0.079 acc=0.6839 off=0.623 active=50 elapsed=77.8m ETA=12m
  R135 loss=0.073 acc=0.7651 off=0.533 active=50 elapsed=81.1m ETA=9m
  R140 loss=0.070 acc=0.7901 off=0.450 active=50 elapsed=83.9m ETA=6m
  R145 loss=0.065 acc=0.7878 off=0.449 active=50 elapsed=86.5m ETA=3m
  R150 loss=0.062 acc=0.7951 off=0.425 active=50 elapsed=89.4m ETA=0m
  Saved: /home/honeynaps/data/driftgate/journal_expansion/runs/phaseT13b_arch/r13b_vgg11_middle_s2.json  integrated=0.6535
